###############################################################################
#
# IAR ELF Linker V8.40.2.214/W32 for ARM                  10/Mar/2021  19:58:30
# Copyright 2007-2019 IAR Systems AB.
#
#    Output file  =
#        D:\Kicads
#        Schem\IR_Controller\f303\f303_sens\EWARM\f303_sens\Exe\f303_sens.out
#    Map file     =
#        D:\Kicads
#        Schem\IR_Controller\f303\f303_sens\EWARM\f303_sens\List\f303_sens.map
#    Command line =
#        -f C:\Users\Sergey\AppData\Local\Temp\EW8A83.tmp ("D:\Kicads
#        Schem\IR_Controller\f303\f303_sens\EWARM\f303_sens\Obj\adc.o"
#        "D:\Kicads
#        Schem\IR_Controller\f303\f303_sens\EWARM\f303_sens\Obj\cmsis_os.o"
#        "D:\Kicads
#        Schem\IR_Controller\f303\f303_sens\EWARM\f303_sens\Obj\croutine.o"
#        "D:\Kicads
#        Schem\IR_Controller\f303\f303_sens\EWARM\f303_sens\Obj\dma.o"
#        "D:\Kicads
#        Schem\IR_Controller\f303\f303_sens\EWARM\f303_sens\Obj\event_groups.o"
#        "D:\Kicads
#        Schem\IR_Controller\f303\f303_sens\EWARM\f303_sens\Obj\filter_sma.o"
#        "D:\Kicads
#        Schem\IR_Controller\f303\f303_sens\EWARM\f303_sens\Obj\flash_user.o"
#        "D:\Kicads
#        Schem\IR_Controller\f303\f303_sens\EWARM\f303_sens\Obj\freertos.o"
#        "D:\Kicads
#        Schem\IR_Controller\f303\f303_sens\EWARM\f303_sens\Obj\gpio.o"
#        "D:\Kicads
#        Schem\IR_Controller\f303\f303_sens\EWARM\f303_sens\Obj\heap_4.o"
#        "D:\Kicads
#        Schem\IR_Controller\f303\f303_sens\EWARM\f303_sens\Obj\list.o"
#        "D:\Kicads
#        Schem\IR_Controller\f303\f303_sens\EWARM\f303_sens\Obj\main.o"
#        "D:\Kicads
#        Schem\IR_Controller\f303\f303_sens\EWARM\f303_sens\Obj\mb.o"
#        "D:\Kicads
#        Schem\IR_Controller\f303\f303_sens\EWARM\f303_sens\Obj\mbcrc.o"
#        "D:\Kicads
#        Schem\IR_Controller\f303\f303_sens\EWARM\f303_sens\Obj\mbfunccoils.o"
#        "D:\Kicads
#        Schem\IR_Controller\f303\f303_sens\EWARM\f303_sens\Obj\mbfuncdiag.o"
#        "D:\Kicads
#        Schem\IR_Controller\f303\f303_sens\EWARM\f303_sens\Obj\mbfuncdisc.o"
#        "D:\Kicads
#        Schem\IR_Controller\f303\f303_sens\EWARM\f303_sens\Obj\mbfuncholding.o"
#        "D:\Kicads
#        Schem\IR_Controller\f303\f303_sens\EWARM\f303_sens\Obj\mbfuncinput.o"
#        "D:\Kicads
#        Schem\IR_Controller\f303\f303_sens\EWARM\f303_sens\Obj\mbfuncother.o"
#        "D:\Kicads
#        Schem\IR_Controller\f303\f303_sens\EWARM\f303_sens\Obj\mbrtu.o"
#        "D:\Kicads
#        Schem\IR_Controller\f303\f303_sens\EWARM\f303_sens\Obj\mbutils.o"
#        "D:\Kicads
#        Schem\IR_Controller\f303\f303_sens\EWARM\f303_sens\Obj\port.o"
#        "D:\Kicads
#        Schem\IR_Controller\f303\f303_sens\EWARM\f303_sens\Obj\portasm.o"
#        "D:\Kicads
#        Schem\IR_Controller\f303\f303_sens\EWARM\f303_sens\Obj\portevent.o"
#        "D:\Kicads
#        Schem\IR_Controller\f303\f303_sens\EWARM\f303_sens\Obj\portserial.o"
#        "D:\Kicads
#        Schem\IR_Controller\f303\f303_sens\EWARM\f303_sens\Obj\porttimer.o"
#        "D:\Kicads
#        Schem\IR_Controller\f303\f303_sens\EWARM\f303_sens\Obj\queue.o"
#        "D:\Kicads
#        Schem\IR_Controller\f303\f303_sens\EWARM\f303_sens\Obj\sensor.o"
#        "D:\Kicads
#        Schem\IR_Controller\f303\f303_sens\EWARM\f303_sens\Obj\startup_stm32f303xc.o"
#        "D:\Kicads
#        Schem\IR_Controller\f303\f303_sens\EWARM\f303_sens\Obj\stm32f3xx_hal.o"
#        "D:\Kicads
#        Schem\IR_Controller\f303\f303_sens\EWARM\f303_sens\Obj\stm32f3xx_hal_adc.o"
#        "D:\Kicads
#        Schem\IR_Controller\f303\f303_sens\EWARM\f303_sens\Obj\stm32f3xx_hal_adc_ex.o"
#        "D:\Kicads
#        Schem\IR_Controller\f303\f303_sens\EWARM\f303_sens\Obj\stm32f3xx_hal_cortex.o"
#        "D:\Kicads
#        Schem\IR_Controller\f303\f303_sens\EWARM\f303_sens\Obj\stm32f3xx_hal_dma.o"
#        "D:\Kicads
#        Schem\IR_Controller\f303\f303_sens\EWARM\f303_sens\Obj\stm32f3xx_hal_exti.o"
#        "D:\Kicads
#        Schem\IR_Controller\f303\f303_sens\EWARM\f303_sens\Obj\stm32f3xx_hal_flash.o"
#        "D:\Kicads
#        Schem\IR_Controller\f303\f303_sens\EWARM\f303_sens\Obj\stm32f3xx_hal_flash_ex.o"
#        "D:\Kicads
#        Schem\IR_Controller\f303\f303_sens\EWARM\f303_sens\Obj\stm32f3xx_hal_gpio.o"
#        "D:\Kicads
#        Schem\IR_Controller\f303\f303_sens\EWARM\f303_sens\Obj\stm32f3xx_hal_i2c.o"
#        "D:\Kicads
#        Schem\IR_Controller\f303\f303_sens\EWARM\f303_sens\Obj\stm32f3xx_hal_i2c_ex.o"
#        "D:\Kicads
#        Schem\IR_Controller\f303\f303_sens\EWARM\f303_sens\Obj\stm32f3xx_hal_msp.o"
#        "D:\Kicads
#        Schem\IR_Controller\f303\f303_sens\EWARM\f303_sens\Obj\stm32f3xx_hal_pwr.o"
#        "D:\Kicads
#        Schem\IR_Controller\f303\f303_sens\EWARM\f303_sens\Obj\stm32f3xx_hal_pwr_ex.o"
#        "D:\Kicads
#        Schem\IR_Controller\f303\f303_sens\EWARM\f303_sens\Obj\stm32f3xx_hal_rcc.o"
#        "D:\Kicads
#        Schem\IR_Controller\f303\f303_sens\EWARM\f303_sens\Obj\stm32f3xx_hal_rcc_ex.o"
#        "D:\Kicads
#        Schem\IR_Controller\f303\f303_sens\EWARM\f303_sens\Obj\stm32f3xx_hal_tim.o"
#        "D:\Kicads
#        Schem\IR_Controller\f303\f303_sens\EWARM\f303_sens\Obj\stm32f3xx_hal_tim_ex.o"
#        "D:\Kicads
#        Schem\IR_Controller\f303\f303_sens\EWARM\f303_sens\Obj\stm32f3xx_hal_timebase_tim.o"
#        "D:\Kicads
#        Schem\IR_Controller\f303\f303_sens\EWARM\f303_sens\Obj\stm32f3xx_hal_uart.o"
#        "D:\Kicads
#        Schem\IR_Controller\f303\f303_sens\EWARM\f303_sens\Obj\stm32f3xx_hal_uart_ex.o"
#        "D:\Kicads
#        Schem\IR_Controller\f303\f303_sens\EWARM\f303_sens\Obj\stm32f3xx_it.o"
#        "D:\Kicads
#        Schem\IR_Controller\f303\f303_sens\EWARM\f303_sens\Obj\stream_buffer.o"
#        "D:\Kicads
#        Schem\IR_Controller\f303\f303_sens\EWARM\f303_sens\Obj\system_stm32f3xx.o"
#        "D:\Kicads
#        Schem\IR_Controller\f303\f303_sens\EWARM\f303_sens\Obj\tasks.o"
#        "D:\Kicads
#        Schem\IR_Controller\f303\f303_sens\EWARM\f303_sens\Obj\tim.o"
#        "D:\Kicads
#        Schem\IR_Controller\f303\f303_sens\EWARM\f303_sens\Obj\timers.o"
#        "D:\Kicads
#        Schem\IR_Controller\f303\f303_sens\EWARM\f303_sens\Obj\usart.o"
#        --redirect _Printf=_PrintfFull --redirect _Scanf=_ScanfFull
#        --no_out_extension -o "D:\Kicads
#        Schem\IR_Controller\f303\f303_sens\EWARM\f303_sens\Exe\f303_sens.out"
#        --map "D:\Kicads
#        Schem\IR_Controller\f303\f303_sens\EWARM\f303_sens\List\f303_sens.map"
#        --config "D:\Kicads
#        Schem\IR_Controller\f303\f303_sens\EWARM/stm32f303xc_flash.icf"
#        --semihosting --entry __iar_program_start --vfe --text_out locale)
#
###############################################################################

*******************************************************************************
*** RUNTIME MODEL ATTRIBUTES
***

CppFlavor                     = *
__CPP_Exceptions              = Disabled
__CPP_Language                = C++14
__SystemLibrary               = DLib
__dlib_dynamic_initialization = normal
__dlib_version                = 6


*******************************************************************************
*** HEAP SELECTION
***

The basic heap was selected because no calls to memory allocation
functions were found in the application outside of system library
functions, and there are calls to deallocation functions in the
application.


*******************************************************************************
*** PLACEMENT SUMMARY
***

"A0":  place at address 0x800'0000 { ro section .intvec };
"P1":  place in [from 0x800'0000 to 0x803'ffff] { ro };
define block CSTACK with size = 16K, alignment = 8 { };
define block HEAP with size = 8K, alignment = 8 { };
"P2":  place in [from 0x2000'0000 to 0x2000'9fff] {
          rw, block CSTACK, block HEAP };
initialize by copy { rw };

  Section                Kind         Address    Size  Object
  -------                ----         -------    ----  ------
"A0":                                           0x188
  .intvec                ro code   0x800'0000   0x188  startup_stm32f303xc.o [1]
                                 - 0x800'0188   0x188

"P1":                                          0x6670
  .text                  ro code   0x800'0188   0xb04  tasks.o [1]
  .text                  ro code   0x800'0c8c   0x260  heap_4.o [1]
  .text                  ro code   0x800'0eec    0x98  list.o [1]
  .text                  ro code   0x800'0f84   0x258  port.o [1]
  .text                  ro code   0x800'11dc   0x2ac  freertos.o [1]
  CODE                   ro code   0x800'1488    0xb0  portasm.o [1]
  .text                  ro code   0x800'1538    0x6c  sensor.o [1]
  .text                  ro code   0x800'15a4   0x1bc  cmsis_os.o [1]
  .text                  ro code   0x800'1760    0xa6  ABImemcpy.o [4]
  .text                  ro code   0x800'1806    0x3a  zero_init3.o [4]
  .text                  ro code   0x800'1840   0xa68  stm32f3xx_hal_adc_ex.o [1]
  .text                  ro code   0x800'22a8   0x75c  stm32f3xx_hal_tim.o [1]
  .text                  ro code   0x800'2a04   0x1e0  stm32f3xx_hal_gpio.o [1]
  .text                  ro code   0x800'2be4    0x8a  filter_sma.o [1]
  .rodata                const     0x800'2c6e     0x1  unwind_debug.o [5]
  .text                  ro code   0x800'2c70   0x200  mb.o [1]
  .text                  ro code   0x800'2e70   0x104  flash_user.o [1]
  .text                  ro code   0x800'2f74   0x7a6  queue.o [1]
  .text                  ro code   0x800'371c   0x18c  adc.o [1]
  .text                  ro code   0x800'38a8   0x2b0  stm32f3xx_hal_dma.o [1]
  .text                  ro code   0x800'3b58     0x2  stm32f3xx_hal_adc.o [1]
  .text                  ro code   0x800'3b5a     0x2  stm32f3xx_hal_adc.o [1]
  .text                  ro code   0x800'3b5c     0xc  stm32f3xx_hal.o [1]
  .text                  ro code   0x800'3b68   0x130  tim.o [1]
  .text                  ro code   0x800'3c98     0x2  stm32f3xx_hal_tim.o [1]
  .text                  ro code   0x800'3c9a     0x2  stm32f3xx_hal_tim.o [1]
  .text                  ro code   0x800'3c9c     0x2  stm32f3xx_hal_tim.o [1]
  .text                  ro code   0x800'3ca0   0x126  main.o [1]
  .text                  ro code   0x800'3dc6     0x2  stm32f3xx_hal_tim_ex.o [1]
  .text                  ro code   0x800'3dc8     0x2  stm32f3xx_hal_tim_ex.o [1]
  .text                  ro code   0x800'3dca     0x2  stm32f3xx_hal_tim.o [1]
  .text                  ro code   0x800'3dcc     0x2  stm32f3xx_hal_tim_ex.o [1]
  .text                  ro code   0x800'3dd0     0x6  ABImemclr.o [4]
  .text                  ro code   0x800'3dd8   0x2c4  mbrtu.o [1]
  .text                  ro code   0x800'409c    0x3c  portevent.o [1]
  .text                  ro code   0x800'40d8    0x14  memset.o [4]
  .text                  ro code   0x800'40ec    0xa8  stm32f3xx_hal_tim_ex.o [1]
  .text                  ro code   0x800'4194    0xe8  stm32f3xx_hal_cortex.o [1]
  .text                  ro code   0x800'427c    0x24  stm32f3xx_hal.o [1]
  .text                  ro code   0x800'42a0    0x8c  gpio.o [1]
  .text                  ro code   0x800'432c    0x2c  dma.o [1]
  .text                  ro code   0x800'4358    0xc4  usart.o [1]
  .text                  ro code   0x800'441c   0x960  stm32f3xx_hal_rcc.o [1]
  .text                  ro code   0x800'4d7c   0x250  stm32f3xx_hal_rcc_ex.o [1]
  .text                  ro code   0x800'4fcc    0x18  stm32f3xx_hal.o [1]
  .text                  ro code   0x800'4fe4    0x66  ABImemset.o [4]
  .text                  ro code   0x800'504c    0xe8  portserial.o [1]
  .text                  ro code   0x800'5134    0x80  porttimer.o [1]
  .text                  ro code   0x800'51b4    0x24  ABIassert.o [5]
  .text                  ro code   0x800'51d8    0x40  mbcrc.o [1]
  .text                  ro code   0x800'5218    0x80  stm32f3xx_hal_timebase_tim.o [1]
  .text                  ro code   0x800'5298    0x40  stm32f3xx_hal_msp.o [1]
  .text                  ro code   0x800'52d8    0x92  stm32f3xx_hal_uart_ex.o [1]
  .text                  ro code   0x800'536c   0x840  stm32f3xx_hal_uart.o [1]
  .text                  ro code   0x800'5bac     0x6  abort.o [2]
  .text                  ro code   0x800'5bb2     0x2  stm32f3xx_hal_uart.o [1]
  .text                  ro code   0x800'5bb4     0x2  stm32f3xx_hal_uart.o [1]
  .text                  ro code   0x800'5bb6     0x2  stm32f3xx_hal_uart.o [1]
  .text                  ro code   0x800'5bb8    0x14  exit.o [5]
  .text                  ro code   0x800'5bcc   0x21c  mbfuncholding.o [1]
  .text                  ro code   0x800'5de8    0x22  mbutils.o [1]
  .text                  ro code   0x800'5e0a   0x198  mbfunccoils.o [1]
  .rodata                const     0x800'5fa4   0x100  mbcrc.o [1]
  .rodata                const     0x800'60a4   0x100  mbcrc.o [1]
  .text                  ro code   0x800'61a4    0xc8  stm32f3xx_it.o [1]
  .text                  ro code   0x800'626c    0x9c  mbfuncdisc.o [1]
  .text                  ro code   0x800'6308    0x86  mbfuncinput.o [1]
  .rodata                const     0x800'6390    0x64  mbrtu.o [1]
  .rodata                const     0x800'63f4    0x4c  mbrtu.o [1]
  .text                  ro code   0x800'6440    0x38  packbits_init_single.o [4]
  .text                  ro code   0x800'6478    0x28  data_init.o [4]
  .text                  ro code   0x800'64a0    0x24  mbfuncother.o [1]
  .text                  ro code   0x800'64c4    0x22  fpinit_M.o [3]
  .iar.init_table        const     0x800'64e8    0x24  - Linker created -
  .text                  ro code   0x800'650c    0x20  cmain_call_ctors.o [4]
  .text                  ro code   0x800'652c    0x18  cppinit.o [2]
  .text                  ro code   0x800'6544    0x1e  cmain.o [4]
  .text                  ro code   0x800'6562     0x4  low_level_init.o [2]
  .text                  ro code   0x800'6566     0x4  exit.o [2]
  .text                  ro code   0x800'656c     0xa  cexit.o [4]
  .rodata                const     0x800'6578    0x1c  freertos.o [1]
  .rodata                const     0x800'6594    0x1c  freertos.o [1]
  .rodata                const     0x800'65b0    0x1c  mbrtu.o [1]
  .rodata                const     0x800'65cc    0x1c  mbrtu.o [1]
  .rodata                const     0x800'65e8    0x18  mbrtu.o [1]
  .rodata                const     0x800'6600    0x10  stm32f3xx_hal_rcc.o [1]
  .rodata                const     0x800'6610    0x10  stm32f3xx_hal_rcc.o [1]
  .rodata                const     0x800'6620    0x10  system_stm32f3xx.o [1]
  .text                  ro code   0x800'6630    0x10  startup_stm32f303xc.o [1]
  .text                  ro code   0x800'6640    0x10  system_stm32f3xx.o [1]
  .rodata                const     0x800'6650     0xc  freertos.o [1]
  .text                  ro code   0x800'665c     0xc  cstartup_M.o [4]
  .rodata                const     0x800'6668     0x8  freertos.o [1]
  .rodata                const     0x800'6670     0x8  freertos.o [1]
  .rodata                const     0x800'6678     0x8  system_stm32f3xx.o [1]
  .rodata                const     0x800'6680     0x8  tasks.o [1]
  .rodata                const     0x800'6688     0x4  heap_4.o [1]
  .rodata                const     0x800'668c     0x4  port.o [1]
  .text                  ro code   0x800'6690     0x4  startup_stm32f303xc.o [1]
  .text                  ro code   0x800'6694     0x4  startup_stm32f303xc.o [1]
  .text                  ro code   0x800'6698     0x4  startup_stm32f303xc.o [1]
  .text                  ro code   0x800'669c     0x4  startup_stm32f303xc.o [1]
  .text                  ro code   0x800'66a0     0x4  startup_stm32f303xc.o [1]
  .text                  ro code   0x800'66a4     0x4  startup_stm32f303xc.o [1]
  .text                  ro code   0x800'66a8     0x4  startup_stm32f303xc.o [1]
  .text                  ro code   0x800'66ac     0x4  startup_stm32f303xc.o [1]
  .text                  ro code   0x800'66b0     0x4  startup_stm32f303xc.o [1]
  .text                  ro code   0x800'66b4     0x4  startup_stm32f303xc.o [1]
  .text                  ro code   0x800'66b8     0x4  startup_stm32f303xc.o [1]
  .text                  ro code   0x800'66bc     0x4  startup_stm32f303xc.o [1]
  .text                  ro code   0x800'66c0     0x4  startup_stm32f303xc.o [1]
  .text                  ro code   0x800'66c4     0x4  startup_stm32f303xc.o [1]
  .text                  ro code   0x800'66c8     0x4  startup_stm32f303xc.o [1]
  .text                  ro code   0x800'66cc     0x4  startup_stm32f303xc.o [1]
  .text                  ro code   0x800'66d0     0x4  startup_stm32f303xc.o [1]
  .text                  ro code   0x800'66d4     0x4  startup_stm32f303xc.o [1]
  .text                  ro code   0x800'66d8     0x4  startup_stm32f303xc.o [1]
  .text                  ro code   0x800'66dc     0x4  startup_stm32f303xc.o [1]
  .text                  ro code   0x800'66e0     0x4  startup_stm32f303xc.o [1]
  .text                  ro code   0x800'66e4     0x4  startup_stm32f303xc.o [1]
  .text                  ro code   0x800'66e8     0x4  startup_stm32f303xc.o [1]
  .text                  ro code   0x800'66ec     0x4  startup_stm32f303xc.o [1]
  .text                  ro code   0x800'66f0     0x4  startup_stm32f303xc.o [1]
  .text                  ro code   0x800'66f4     0x4  startup_stm32f303xc.o [1]
  .text                  ro code   0x800'66f8     0x4  startup_stm32f303xc.o [1]
  .text                  ro code   0x800'66fc     0x4  startup_stm32f303xc.o [1]
  .text                  ro code   0x800'6700     0x4  startup_stm32f303xc.o [1]
  .text                  ro code   0x800'6704     0x4  startup_stm32f303xc.o [1]
  .text                  ro code   0x800'6708     0x4  startup_stm32f303xc.o [1]
  .text                  ro code   0x800'670c     0x4  startup_stm32f303xc.o [1]
  .text                  ro code   0x800'6710     0x4  startup_stm32f303xc.o [1]
  .text                  ro code   0x800'6714     0x4  startup_stm32f303xc.o [1]
  .text                  ro code   0x800'6718     0x4  startup_stm32f303xc.o [1]
  .text                  ro code   0x800'671c     0x4  startup_stm32f303xc.o [1]
  .text                  ro code   0x800'6720     0x4  startup_stm32f303xc.o [1]
  .text                  ro code   0x800'6724     0x4  startup_stm32f303xc.o [1]
  .text                  ro code   0x800'6728     0x4  startup_stm32f303xc.o [1]
  .text                  ro code   0x800'672c     0x4  startup_stm32f303xc.o [1]
  .text                  ro code   0x800'6730     0x4  startup_stm32f303xc.o [1]
  .text                  ro code   0x800'6734     0x4  startup_stm32f303xc.o [1]
  .text                  ro code   0x800'6738     0x4  startup_stm32f303xc.o [1]
  .text                  ro code   0x800'673c     0x4  startup_stm32f303xc.o [1]
  .text                  ro code   0x800'6740     0x4  startup_stm32f303xc.o [1]
  .text                  ro code   0x800'6744     0x4  startup_stm32f303xc.o [1]
  .text                  ro code   0x800'6748     0x4  startup_stm32f303xc.o [1]
  .text                  ro code   0x800'674c     0x4  startup_stm32f303xc.o [1]
  .text                  ro code   0x800'6750     0x4  startup_stm32f303xc.o [1]
  .text                  ro code   0x800'6754     0x4  startup_stm32f303xc.o [1]
  .text                  ro code   0x800'6758     0x4  startup_stm32f303xc.o [1]
  .text                  ro code   0x800'675c     0x4  startup_stm32f303xc.o [1]
  .text                  ro code   0x800'6760     0x4  startup_stm32f303xc.o [1]
  .text                  ro code   0x800'6764     0x4  startup_stm32f303xc.o [1]
  .text                  ro code   0x800'6768     0x4  startup_stm32f303xc.o [1]
  .text                  ro code   0x800'676c     0x4  startup_stm32f303xc.o [1]
  .text                  ro code   0x800'6770     0x4  startup_stm32f303xc.o [1]
  .text                  ro code   0x800'6774     0x4  startup_stm32f303xc.o [1]
  .text                  ro code   0x800'6778     0x4  startup_stm32f303xc.o [1]
  .text                  ro code   0x800'677c     0x4  startup_stm32f303xc.o [1]
  .text                  ro code   0x800'6780     0x4  startup_stm32f303xc.o [1]
  .text                  ro code   0x800'6784     0x4  startup_stm32f303xc.o [1]
  SHT$$PREINIT_ARRAY               0x800'6788     0x0  <Block>
  SHT$$INIT_ARRAY                  0x800'6788     0x4  <Block>
    .init_array          const     0x800'6788     0x4  freertos.o [1]
  __iar_tls$$INIT_ARRAY            0x800'678c     0x0  <Block>
  .rodata                const     0x800'678c     0x0  zero_init3.o [4]
  .rodata                const     0x800'678c     0x0  packbits_init_single.o [4]
  Initializer bytes      const     0x800'678c    0x6c  <for P2-1>
                                 - 0x800'67f8  0x6670

"P2", part 1 of 3:                               0x9f
  P2-1                            0x2000'0000    0x9f  <Init block>
    .data                inited   0x2000'0000     0xc  main.o [1]
    .data                inited   0x2000'000c    0x80  mb.o [1]
    .data                inited   0x2000'008c     0x4  port.o [1]
    .data                inited   0x2000'0090     0x4  portserial.o [1]
    .data                inited   0x2000'0094     0x4  stm32f3xx_hal.o [1]
    .data                inited   0x2000'0098     0x4  system_stm32f3xx.o [1]
    .data                inited   0x2000'009c     0x1  freertos.o [1]
    .data                inited   0x2000'009d     0x1  mb.o [1]
    .data                inited   0x2000'009e     0x1  stm32f3xx_hal.o [1]
                                - 0x2000'009f    0x9f

"P2", part 2 of 3:                             0x369c
  .bss                   zero     0x2000'00a0  0x2710  heap_4.o [1]
  .bss                   zero     0x2000'27b0   0x800  freertos.o [1]
  .bss                   zero     0x2000'2fb0   0x200  freertos.o [1]
  .bss                   zero     0x2000'31b0   0x100  mbrtu.o [1]
  .bss                   zero     0x2000'32b0    0x8c  tasks.o [1]
  .bss                   zero     0x2000'333c    0x84  usart.o [1]
  .bss                   zero     0x2000'33c0    0x54  freertos.o [1]
  .bss                   zero     0x2000'3414    0x50  adc.o [1]
  .bss                   zero     0x2000'3464    0x4c  stm32f3xx_hal_timebase_tim.o [1]
  .bss                   zero     0x2000'34b0    0x4c  tim.o [1]
  .bss                   zero     0x2000'34fc    0x4c  tim.o [1]
  .bss                   zero     0x2000'3548    0x44  adc.o [1]
  .bss                   zero     0x2000'358c    0x2c  freertos.o [1]
  .bss                   zero     0x2000'35b8    0x2c  freertos.o [1]
  .bss                   zero     0x2000'35e4    0x2c  freertos.o [1]
  .bss                   zero     0x2000'3610    0x20  mbfuncother.o [1]
  .bss                   zero     0x2000'3630    0x14  tasks.o [1]
  .bss                   zero     0x2000'3644    0x14  tasks.o [1]
  .bss                   zero     0x2000'3658    0x14  tasks.o [1]
  .bss                   zero     0x2000'366c    0x14  tasks.o [1]
  .bss                   zero     0x2000'3680    0x14  tasks.o [1]
  .bss                   zero     0x2000'3694     0x8  heap_4.o [1]
  .bss                   zero     0x2000'369c     0x4  freertos.o [1]
  .bss                   zero     0x2000'36a0     0x4  freertos.o [1]
  .bss                   zero     0x2000'36a4     0x4  freertos.o [1]
  .bss                   zero     0x2000'36a8     0x4  heap_4.o [1]
  .bss                   zero     0x2000'36ac     0x4  heap_4.o [1]
  .bss                   zero     0x2000'36b0     0x4  heap_4.o [1]
  .bss                   zero     0x2000'36b4     0x4  heap_4.o [1]
  .bss                   zero     0x2000'36b8     0x4  mb.o [1]
  .bss                   zero     0x2000'36bc     0x4  mb.o [1]
  .bss                   zero     0x2000'36c0     0x4  mb.o [1]
  .bss                   zero     0x2000'36c4     0x4  mb.o [1]
  .bss                   zero     0x2000'36c8     0x4  mb.o [1]
  .bss                   zero     0x2000'36cc     0x4  mb.o [1]
  .bss                   zero     0x2000'36d0     0x4  mb.o [1]
  .bss                   zero     0x2000'36d4     0x4  mb.o [1]
  .bss                   zero     0x2000'36d8     0x4  mb.o [1]
  .bss                   zero     0x2000'36dc     0x4  mbrtu.o [1]
  .bss                   zero     0x2000'36e0     0x4  port.o [1]
  .bss                   zero     0x2000'36e4     0x4  stm32f3xx_hal.o [1]
  .bss                   zero     0x2000'36e8     0x4  tasks.o [1]
  .bss                   zero     0x2000'36ec     0x4  tasks.o [1]
  .bss                   zero     0x2000'36f0     0x4  tasks.o [1]
  .bss                   zero     0x2000'36f4     0x4  tasks.o [1]
  .bss                   zero     0x2000'36f8     0x4  tasks.o [1]
  .bss                   zero     0x2000'36fc     0x4  tasks.o [1]
  .bss                   zero     0x2000'3700     0x4  tasks.o [1]
  .bss                   zero     0x2000'3704     0x4  tasks.o [1]
  .bss                   zero     0x2000'3708     0x4  tasks.o [1]
  .bss                   zero     0x2000'370c     0x4  tasks.o [1]
  .bss                   zero     0x2000'3710     0x4  tasks.o [1]
  .bss                   zero     0x2000'3714     0x4  tasks.o [1]
  .bss                   zero     0x2000'3718     0x4  tasks.o [1]
  .bss                   zero     0x2000'371c     0x4  tasks.o [1]
  .bss                   zero     0x2000'3720     0x4  tasks.o [1]
  .bss                   zero     0x2000'3724     0x2  freertos.o [1]
  .bss                   zero     0x2000'3726     0x2  mb.o [1]
  .bss                   zero     0x2000'3728     0x2  mbfuncother.o [1]
  .bss                   zero     0x2000'372a     0x2  mbrtu.o [1]
  .bss                   zero     0x2000'372c     0x2  mbrtu.o [1]
  .bss                   zero     0x2000'372e     0x2  porttimer.o [1]
  .bss                   zero     0x2000'3730     0x2  porttimer.o [1]
  .bss                   zero     0x2000'3732     0x1  mb.o [1]
  .bss                   zero     0x2000'3733     0x1  mb.o [1]
  .bss                   zero     0x2000'3734     0x1  mb.o [1]
  .bss                   zero     0x2000'3735     0x1  mb.o [1]
  .bss                   zero     0x2000'3736     0x1  mb.o [1]
  .bss                   zero     0x2000'3737     0x1  mbrtu.o [1]
  .bss                   zero     0x2000'3738     0x1  mbrtu.o [1]
  .bss                   zero     0x2000'3739     0x1  port.o [1]
  .bss                   zero     0x2000'373a     0x1  portevent.o [1]
  .bss                   zero     0x2000'373b     0x1  portevent.o [1]
                                - 0x2000'373c  0x369c

"P2", part 3 of 3:                             0x4000
  CSTACK                          0x2000'3740  0x4000  <Block>
    CSTACK               uninit   0x2000'3740  0x4000  <Block tail>
                                - 0x2000'7740  0x4000

Unused ranges:

         From           To      Size
         ----           --      ----
   0x800'67f8   0x803'ffff  0x3'9808
  0x2000'009f  0x2000'009f       0x1
  0x2000'373c  0x2000'373f       0x4
  0x2000'7740  0x2000'9fff    0x28c0


*******************************************************************************
*** INIT TABLE
***

          Address      Size
          -------      ----
Zero (__iar_zero_init3)
    1 destination range, total size 0x369c:
          0x2000'00a0  0x369c

Copy/packbits (__iar_packbits_init_single3)
    1 source range, total size 0x6c (67% of destination):
           0x800'678c    0x6c
    1 destination range, total size 0x9f:
          0x2000'0000    0x9f

Extra (__iar_cstart_call_ctors)



*******************************************************************************
*** MODULE SUMMARY
***

    Module                        ro code  ro data  rw data
    ------                        -------  -------  -------
command line/config:
    -------------------------------------------------------
    Total:

D:\Kicads Schem\IR_Controller\f303\f303_sens\EWARM\f303_sens\Obj: [1]
    adc.o                             396               148
    cmsis_os.o                        444
    dma.o                              44
    filter_sma.o                      138
    flash_user.o                      260
    freertos.o                        684       89    2'791
    gpio.o                            140
    heap_4.o                          608        4   10'024
    list.o                            152
    main.o                            294        8       12
    mb.o                              512       88      172
    mbcrc.o                            64      512
    mbfunccoils.o                     408
    mbfuncdisc.o                      156
    mbfuncholding.o                   540
    mbfuncinput.o                     134
    mbfuncother.o                      36                34
    mbrtu.o                           708      256      266
    mbutils.o                          34
    port.o                            600        6        9
    portasm.o                         176
    portevent.o                        60                 2
    portserial.o                      232        3        4
    porttimer.o                       128                 4
    queue.o                         1'958
    sensor.o                          108
    startup_stm32f303xc.o             656
    stm32f3xx_hal.o                    72        4        9
    stm32f3xx_hal_adc.o                 4
    stm32f3xx_hal_adc_ex.o          2'664
    stm32f3xx_hal_cortex.o            232
    stm32f3xx_hal_dma.o               688
    stm32f3xx_hal_gpio.o              480
    stm32f3xx_hal_msp.o                64
    stm32f3xx_hal_rcc.o             2'400       32
    stm32f3xx_hal_rcc_ex.o            592
    stm32f3xx_hal_tim.o             1'892
    stm32f3xx_hal_tim_ex.o            174
    stm32f3xx_hal_timebase_tim.o      128                76
    stm32f3xx_hal_uart.o            2'118
    stm32f3xx_hal_uart_ex.o           146
    stm32f3xx_it.o                    200
    system_stm32f3xx.o                 16       26        4
    tasks.o                         2'820        8      300
    tim.o                             304               152
    usart.o                           196               132
    -------------------------------------------------------
    Total:                         24'860    1'036   14'139

dl7M_tlf.a: [2]
    abort.o                             6
    cppinit.o                          24
    exit.o                              4
    low_level_init.o                    4
    -------------------------------------------------------
    Total:                             38

m7M_tls.a: [3]
    fpinit_M.o                         34
    -------------------------------------------------------
    Total:                             34

rt7M_tl.a: [4]
    ABImemclr.o                         6
    ABImemcpy.o                       166
    ABImemset.o                       102
    cexit.o                            10
    cmain.o                            30
    cmain_call_ctors.o                 32
    cstartup_M.o                       12
    data_init.o                        40
    memset.o                           20
    packbits_init_single.o             56
    zero_init3.o                       58
    -------------------------------------------------------
    Total:                            532

shb_l.a: [5]
    ABIassert.o                        36
    exit.o                             20
    unwind_debug.o                               1
    -------------------------------------------------------
    Total:                             56        1

    Gaps                               15        8
    Linker created                              36   16'384
-----------------------------------------------------------
    Grand Total:                   25'535    1'081   30'523


*******************************************************************************
*** ENTRY LIST
***

Entry                       Address    Size  Type      Object
-----                       -------    ----  ----      ------
.iar.init_table$$Base    0x800'64e8           --   Gb  - Linker created -
.iar.init_table$$Limit   0x800'650c           --   Gb  - Linker created -
?main                    0x800'6545          Code  Gb  cmain.o [4]
ADC_DMAConvCplt          0x800'2131    0x4a  Code  Lc  stm32f3xx_hal_adc_ex.o [1]
ADC_DMAError             0x800'2185    0x1a  Code  Lc  stm32f3xx_hal_adc_ex.o [1]
ADC_DMAHalfConvCplt      0x800'217b     0xa  Code  Lc  stm32f3xx_hal_adc_ex.o [1]
ADC_Disable              0x800'221d    0x84  Code  Lc  stm32f3xx_hal_adc_ex.o [1]
ADC_Enable               0x800'219f    0x7e  Code  Lc  stm32f3xx_hal_adc_ex.o [1]
ADC_endHandle           0x2000'36a4     0x4  Data  Gb  freertos.o [1]
AHBPrescTable            0x800'6620    0x10  Data  Gb  system_stm32f3xx.o [1]
APBPrescTable            0x800'6678     0x8  Data  Gb  system_stm32f3xx.o [1]
BusFault_Handler         0x800'61ab     0x2  Code  Gb  stm32f3xx_it.o [1]
CSTACK$$Base            0x2000'3740           --   Gb  - Linker created -
CSTACK$$Limit           0x2000'7740           --   Gb  - Linker created -
DMA2_Channel1_IRQHandler
                         0x800'6243     0xa  Code  Gb  stm32f3xx_it.o [1]
DMA_CalcBaseAndBitshift
                         0x800'3b0f    0x34  Code  Lc  stm32f3xx_hal_dma.o [1]
DMA_SetConfig            0x800'3ae3    0x2c  Code  Lc  stm32f3xx_hal_dma.o [1]
DebugMon_Handler         0x800'61af     0x2  Code  Gb  stm32f3xx_it.o [1]
Error_Handler            0x800'3dc5     0x2  Code  Gb  main.o [1]
Flash_Read(settings_t *, unsigned int)
                         0x800'2eab    0x26  Code  Gb  flash_user.o [1]
Flash_Write(settings_t, unsigned int)
                         0x800'2e71    0x3a  Code  Gb  flash_user.o [1]
HAL_ADC_ConfigChannel    0x800'1ce9   0x42e  Code  Gb  stm32f3xx_hal_adc_ex.o [1]
HAL_ADC_ConvCpltCallback
                         0x800'1303     0xc  Code  Gb  freertos.o [1]
HAL_ADC_ConvHalfCpltCallback
                         0x800'3b59     0x2  Code  Wk  stm32f3xx_hal_adc.o [1]
HAL_ADC_ErrorCallback    0x800'3b5b     0x2  Code  Wk  stm32f3xx_hal_adc.o [1]
HAL_ADC_Init             0x800'1841   0x2d0  Code  Gb  stm32f3xx_hal_adc_ex.o [1]
HAL_ADC_MspInit          0x800'37d9    0xb6  Code  Gb  adc.o [1]
HAL_ADC_Start_DMA        0x800'1b2d   0x18a  Code  Gb  stm32f3xx_hal_adc_ex.o [1]
HAL_DMA_Abort            0x800'3983    0x48  Code  Gb  stm32f3xx_hal_dma.o [1]
HAL_DMA_Abort_IT         0x800'39cb    0x52  Code  Gb  stm32f3xx_hal_dma.o [1]
HAL_DMA_IRQHandler       0x800'3a1d    0xc6  Code  Gb  stm32f3xx_hal_dma.o [1]
HAL_DMA_Init             0x800'38a9    0x56  Code  Gb  stm32f3xx_hal_dma.o [1]
HAL_DMA_Start_IT         0x800'38ff    0x84  Code  Gb  stm32f3xx_hal_dma.o [1]
HAL_GPIO_Init            0x800'2a05   0x1a6  Code  Gb  stm32f3xx_hal_gpio.o [1]
HAL_GPIO_WritePin        0x800'2bab    0x12  Code  Gb  stm32f3xx_hal_gpio.o [1]
HAL_GetTick              0x800'3b5d     0xc  Code  Wk  stm32f3xx_hal.o [1]
HAL_IncTick              0x800'4fcd    0x18  Code  Wk  stm32f3xx_hal.o [1]
HAL_Init                 0x800'427d    0x20  Code  Gb  stm32f3xx_hal.o [1]
HAL_InitTick             0x800'5219    0x70  Code  Gb  stm32f3xx_hal_timebase_tim.o [1]
HAL_MspInit              0x800'5299    0x40  Code  Gb  stm32f3xx_hal_msp.o [1]
HAL_NVIC_EnableIRQ       0x800'425f     0xa  Code  Gb  stm32f3xx_hal_cortex.o [1]
HAL_NVIC_SetPriority     0x800'423d    0x22  Code  Gb  stm32f3xx_hal_cortex.o [1]
HAL_NVIC_SetPriorityGrouping
                         0x800'4235     0x8  Code  Gb  stm32f3xx_hal_cortex.o [1]
HAL_RCCEx_PeriphCLKConfig
                         0x800'4d7d   0x230  Code  Gb  stm32f3xx_hal_rcc_ex.o [1]
HAL_RCC_ClockConfig      0x800'4a91   0x1bc  Code  Gb  stm32f3xx_hal_rcc.o [1]
HAL_RCC_GetClockConfig   0x800'4cfb    0x34  Code  Gb  stm32f3xx_hal_rcc.o [1]
HAL_RCC_GetHCLKFreq      0x800'4cb5     0x6  Code  Gb  stm32f3xx_hal_rcc.o [1]
HAL_RCC_GetPCLK1Freq     0x800'4cbb    0x20  Code  Gb  stm32f3xx_hal_rcc.o [1]
HAL_RCC_GetPCLK2Freq     0x800'4cdb    0x20  Code  Gb  stm32f3xx_hal_rcc.o [1]
HAL_RCC_GetSysClockFreq
                         0x800'4c4d    0x68  Code  Gb  stm32f3xx_hal_rcc.o [1]
HAL_RCC_OscConfig        0x800'441d   0x674  Code  Gb  stm32f3xx_hal_rcc.o [1]
HAL_RS485Ex_Init         0x800'52d9    0x90  Code  Gb  stm32f3xx_hal_uart_ex.o [1]
HAL_TIMEx_Break2Callback
                         0x800'3dc9     0x2  Code  Wk  stm32f3xx_hal_tim_ex.o [1]
HAL_TIMEx_BreakCallback
                         0x800'3dc7     0x2  Code  Wk  stm32f3xx_hal_tim_ex.o [1]
HAL_TIMEx_CommutCallback
                         0x800'3dcd     0x2  Code  Wk  stm32f3xx_hal_tim_ex.o [1]
HAL_TIMEx_MasterConfigSynchronization
                         0x800'40ed    0x92  Code  Gb  stm32f3xx_hal_tim_ex.o [1]
HAL_TIM_Base_Init        0x800'22a9    0x7a  Code  Gb  stm32f3xx_hal_tim.o [1]
HAL_TIM_Base_MspInit     0x800'3c55    0x30  Code  Gb  tim.o [1]
HAL_TIM_Base_Start_IT    0x800'2323    0x8a  Code  Gb  stm32f3xx_hal_tim.o [1]
HAL_TIM_Base_Stop_IT     0x800'23ad    0x3a  Code  Gb  stm32f3xx_hal_tim.o [1]
HAL_TIM_IRQHandler       0x800'2479   0x194  Code  Gb  stm32f3xx_hal_tim.o [1]
HAL_TIM_OC_ConfigChannel
                         0x800'260d    0x6a  Code  Gb  stm32f3xx_hal_tim.o [1]
HAL_TIM_OC_Init          0x800'23e7    0x7a  Code  Gb  stm32f3xx_hal_tim.o [1]
HAL_TIM_OC_MspInit       0x800'3c33    0x22  Code  Gb  tim.o [1]
HAL_TIM_PeriodElapsedCallback
                         0x800'3da7    0x10  Code  Gb  main.o [1]
HAL_UARTEx_WakeupCallback
                         0x800'5369     0x2  Code  Wk  stm32f3xx_hal_uart_ex.o [1]
HAL_UART_IRQHandler      0x800'543d   0x294  Code  Gb  stm32f3xx_hal_uart.o [1]
HAL_UART_MspInit         0x800'439b    0x72  Code  Gb  usart.o [1]
HAL_UART_Transmit        0x800'536d    0xd0  Code  Gb  stm32f3xx_hal_uart.o [1]
HardFault_Handler        0x800'61a7     0x2  Code  Gb  stm32f3xx_it.o [1]
MX_ADC2_Init             0x800'371d    0xbc  Code  Gb  adc.o [1]
MX_DMA_Init              0x800'432d    0x2c  Code  Gb  dma.o [1]
MX_FREERTOS_Init()       0x800'1201    0x4a  Code  Gb  freertos.o [1]
MX_GPIO_Init             0x800'42a1    0x8c  Code  Gb  gpio.o [1]
MX_TIM3_Init             0x800'3b69    0x80  Code  Gb  tim.o [1]
MX_TIM6_Init             0x800'3be9    0x4a  Code  Gb  tim.o [1]
MX_USART2_UART_Init      0x800'4359    0x42  Code  Gb  usart.o [1]
MainTaskHandle          0x2000'369c     0x4  Data  Gb  freertos.o [1]
MemManage_Handler        0x800'61a9     0x2  Code  Gb  stm32f3xx_it.o [1]
ModbusHandle            0x2000'36a0     0x4  Data  Gb  freertos.o [1]
NMI_Handler              0x800'61a5     0x2  Code  Gb  stm32f3xx_it.o [1]
NVIC_EncodePriority      0x800'41f9    0x3c  Code  Lc  stm32f3xx_hal_cortex.o [1]
PendSV_Handler           0x800'1489          Code  Gb  portasm.o [1]
Region$$Table$$Base      0x800'64e8           --   Gb  - Linker created -
Region$$Table$$Limit     0x800'650c           --   Gb  - Linker created -
SHT$$INIT_ARRAY$$Base    0x800'6788           --   Gb  - Linker created -
SHT$$INIT_ARRAY$$Limit   0x800'678c           --   Gb  - Linker created -
SHT$$PREINIT_ARRAY$$Base
                         0x800'6788           --   Gb  - Linker created -
SHT$$PREINIT_ARRAY$$Limit
                         0x800'6788           --   Gb  - Linker created -
SVC_Handler              0x800'14e1          Code  Gb  portasm.o [1]
Sensor1                 0x2000'358c    0x2c  Data  Gb  freertos.o [1]
Sensor2                 0x2000'35b8    0x2c  Data  Gb  freertos.o [1]
Sensor3                 0x2000'35e4    0x2c  Data  Gb  freertos.o [1]
SysTick_Handler          0x800'1105    0x28  Code  Gb  port.o [1]
SystemClock_Config()     0x800'3d19    0x8e  Code  Gb  main.o [1]
SystemCoreClock         0x2000'0098     0x4  Data  Gb  system_stm32f3xx.o [1]
SystemInit               0x800'6641     0xc  Code  Gb  system_stm32f3xx.o [1]
TIM6_DAC_IRQHandler      0x800'6201    0x38  Code  Gb  stm32f3xx_it.o [1]
TIM7_IRQHandler          0x800'6239     0xa  Code  Gb  stm32f3xx_it.o [1]
TIM_Base_SetConfig       0x800'2677    0xb6  Code  Gb  stm32f3xx_hal_tim.o [1]
TIM_OC1_SetConfig        0x800'272d    0x9c  Code  Lc  stm32f3xx_hal_tim.o [1]
TIM_OC2_SetConfig        0x800'27c9    0x88  Code  Gb  stm32f3xx_hal_tim.o [1]
TIM_OC3_SetConfig        0x800'2851    0x7e  Code  Lc  stm32f3xx_hal_tim.o [1]
TIM_OC4_SetConfig        0x800'28d1    0x5e  Code  Lc  stm32f3xx_hal_tim.o [1]
TIM_OC5_SetConfig        0x800'292f    0x58  Code  Lc  stm32f3xx_hal_tim.o [1]
TIM_OC6_SetConfig        0x800'2987    0x5a  Code  Lc  stm32f3xx_hal_tim.o [1]
UART_AdvFeatureConfig    0x800'5945    0xda  Code  Gb  stm32f3xx_hal_uart.o [1]
UART_CheckIdleState      0x800'5a1f    0x6e  Code  Gb  stm32f3xx_hal_uart.o [1]
UART_DMAAbortOnError     0x800'5b79    0x16  Code  Lc  stm32f3xx_hal_uart.o [1]
UART_EndRxTransfer       0x800'5b3f    0x38  Code  Lc  stm32f3xx_hal_uart.o [1]
UART_EndTransmit_IT      0x800'5b8f    0x1c  Code  Lc  stm32f3xx_hal_uart.o [1]
UART_SetConfig           0x800'56d1   0x24c  Code  Gb  stm32f3xx_hal_uart.o [1]
UART_WaitOnFlagUntilTimeout
                         0x800'5a8d    0xb2  Code  Gb  stm32f3xx_hal_uart.o [1]
USART2_IRQHandler        0x800'61b1    0x50  Code  Gb  stm32f3xx_it.o [1]
UsageFault_Handler       0x800'61ad     0x2  Code  Gb  stm32f3xx_it.o [1]
__NVIC_EnableIRQ         0x800'41b9    0x1c  Code  Lc  stm32f3xx_hal_cortex.o [1]
__NVIC_GetPriorityGrouping
                         0x800'41af     0xa  Code  Lc  stm32f3xx_hal_cortex.o [1]
__NVIC_SetPriority       0x800'41d5    0x24  Code  Lc  stm32f3xx_hal_cortex.o [1]
__NVIC_SetPriorityGrouping
                         0x800'4195    0x1a  Code  Lc  stm32f3xx_hal_cortex.o [1]
__aeabi_assert           0x800'51b5    0x24  Code  Gb  ABIassert.o [5]
__aeabi_memclr           0x800'3dd1          Code  Gb  ABImemclr.o [4]
__aeabi_memcpy           0x800'1761          Code  Gb  ABImemcpy.o [4]
__aeabi_memcpy4          0x800'1781          Code  Gb  ABImemcpy.o [4]
__aeabi_memcpy8          0x800'1781          Code  Gb  ABImemcpy.o [4]
__aeabi_memset           0x800'4fe5          Code  Gb  ABImemset.o [4]
__call_ctors             0x800'652d    0x18  Code  Gb  cppinit.o [2]
__cmain                  0x800'6545          Code  Gb  cmain.o [4]
__exit                   0x800'5bb9    0x14  Code  Gb  exit.o [5]
__iar_Memset             0x800'4fe5          Code  Gb  ABImemset.o [4]
__iar_Memset_word        0x800'4fed          Code  Gb  ABImemset.o [4]
__iar_cstart_call_ctors
                         0x800'650d    0x20  Code  Gb  cmain_call_ctors.o [4]
__iar_data_init3         0x800'6479    0x28  Code  Gb  data_init.o [4]
__iar_debug_exceptions   0x800'2c6e     0x1  Data  Gb  unwind_debug.o [5]
__iar_init_vfp           0x800'64c5          Code  Gb  fpinit_M.o [3]
__iar_packbits_init_single3
                         0x800'6441    0x38  Code  Gb  packbits_init_single.o [4]
__iar_program_start      0x800'665d          Code  Gb  cstartup_M.o [4]
__iar_tls$$INIT_ARRAY$$Base
                         0x800'678c           --   Gb  - Linker created -
__iar_tls$$INIT_ARRAY$$Limit
                         0x800'678c           --   Gb  - Linker created -
__iar_zero_init3         0x800'1807    0x3a  Code  Gb  zero_init3.o [4]
__low_level_init         0x800'6563     0x4  Code  Gb  low_level_init.o [2]
__sti__routine           0x800'11dd    0x16  Code  Lc  freertos.o [1]
__vector_table           0x800'0000          Data  Gb  startup_stm32f303xc.o [1]
_call_main               0x800'6551          Code  Gb  cmain.o [4]
_exit                    0x800'656d          Code  Gb  cexit.o [4]
_main                    0x800'655f          Code  Gb  cmain.o [4]
aPLLMULFactorTable       0x800'6600    0x10  Data  Gb  stm32f3xx_hal_rcc.o [1]
aPredivFactorTable       0x800'6610    0x10  Data  Gb  stm32f3xx_hal_rcc.o [1]
abort                    0x800'5bad     0x6  Code  Gb  abort.o [2]
adc_buffer              0x2000'27b0   0x800  Data  Gb  freertos.o [1]
aucCRCHi                 0x800'5fa4   0x100  Data  Lc  mbcrc.o [1]
aucCRCLo                 0x800'60a4   0x100  Data  Lc  mbcrc.o [1]
call                    0x2000'3724     0x2  Data  Gb  freertos.o [1]
downcounter             0x2000'3730     0x2  Data  Gb  porttimer.o [1]
eMBCurrentMode          0x2000'3733     0x1  Data  Lc  mb.o [1]
eMBEnable                0x800'2d0b    0x20  Code  Gb  mb.o [1]
eMBFuncReadCoils         0x800'5e0b    0x9e  Code  Gb  mbfunccoils.o [1]
eMBFuncReadDiscreteInputs
                         0x800'626d    0x9c  Code  Gb  mbfuncdisc.o [1]
eMBFuncReadHoldingRegister
                         0x800'5c77    0x86  Code  Gb  mbfuncholding.o [1]
eMBFuncReadInputRegister
                         0x800'6309    0x86  Code  Gb  mbfuncinput.o [1]
eMBFuncReadWriteMultipleHoldingRegister
                         0x800'5cfd    0xec  Code  Gb  mbfuncholding.o [1]
eMBFuncReportSlaveID     0x800'64a1    0x1c  Code  Gb  mbfuncother.o [1]
eMBFuncWriteCoil         0x800'5ea9    0x6c  Code  Gb  mbfunccoils.o [1]
eMBFuncWriteHoldingRegister
                         0x800'5bcd    0x3a  Code  Gb  mbfuncholding.o [1]
eMBFuncWriteMultipleCoils
                         0x800'5f15    0x8e  Code  Gb  mbfunccoils.o [1]
eMBFuncWriteMultipleHoldingRegister
                         0x800'5c07    0x70  Code  Gb  mbfuncholding.o [1]
eMBInit                  0x800'2c71    0x9a  Code  Gb  mb.o [1]
eMBPoll                  0x800'2d2b    0xe4  Code  Gb  mb.o [1]
eMBPoll::eException     0x2000'3736     0x1  Data  Lc  mb.o [1]
eMBPoll::ucFunctionCode
                        0x2000'3735     0x1  Data  Lc  mb.o [1]
eMBPoll::ucMBFrame      0x2000'36d8     0x4  Data  Lc  mb.o [1]
eMBPoll::ucRcvAddress   0x2000'3734     0x1  Data  Lc  mb.o [1]
eMBPoll::usLength       0x2000'3726     0x2  Data  Lc  mb.o [1]
eMBRTUInit               0x800'3dd9    0x46  Code  Gb  mbrtu.o [1]
eMBRTUReceive            0x800'3e4d    0x6a  Code  Gb  mbrtu.o [1]
eMBRTUSend               0x800'3eb7    0x60  Code  Gb  mbrtu.o [1]
eMBRTUStart              0x800'3e1f    0x1a  Code  Gb  mbrtu.o [1]
eMBRTUStop               0x800'3e39    0x14  Code  Gb  mbrtu.o [1]
eMBRegCoilsCB            0x800'1481     0x4  Code  Gb  freertos.o [1]
eMBRegDiscreteCB         0x800'1485     0x4  Code  Gb  freertos.o [1]
eMBRegHoldingCB          0x800'1315   0x120  Code  Gb  freertos.o [1]
eMBRegInputCB            0x800'130f     0x6  Code  Gb  freertos.o [1]
eMBState                0x2000'009d     0x1  Data  Lc  mb.o [1]
eQueuedEvent            0x2000'373a     0x1  Data  Lc  portevent.o [1]
eRcvState               0x2000'3738     0x1  Data  Lc  mbrtu.o [1]
eSndState               0x2000'3737     0x1  Data  Lc  mbrtu.o [1]
exit                     0x800'6567     0x4  Code  Gb  exit.o [2]
filter::Filter_SMA(unsigned short)
                         0x800'2bed    0x62  Code  Gb  filter_sma.o [1]
filter::Get_Result()     0x800'2c4f     0x4  Code  Gb  filter_sma.o [1]
filter::filter()         0x800'2c53    0x1c  Code  Gb  filter_sma.o [1]
filter::filter() [subobject]
                         0x800'2be5     0x8  Code  Gb  filter_sma.o [1]
flash_erase_page(unsigned int)
                         0x800'2ee1    0x2a  Code  Gb  flash_user.o [1]
flash_lock()             0x800'2f17     0xc  Code  Gb  flash_user.o [1]
flash_ready()            0x800'2ed1    0x10  Code  Gb  flash_user.o [1]
flash_unlock()           0x800'2f0b     0xc  Code  Gb  flash_user.o [1]
flash_write(unsigned int, unsigned int)
                         0x800'2f23    0x3a  Code  Gb  flash_user.o [1]
hadc2                   0x2000'3414    0x50  Data  Gb  adc.o [1]
hdma_adc2               0x2000'3548    0x44  Data  Gb  adc.o [1]
htim3                   0x2000'34b0    0x4c  Data  Gb  tim.o [1]
htim6                   0x2000'34fc    0x4c  Data  Gb  tim.o [1]
htim7                   0x2000'3464    0x4c  Data  Gb  stm32f3xx_hal_timebase_tim.o [1]
huart2                  0x2000'333c    0x84  Data  Gb  usart.o [1]
inHandlerMode            0x800'15bb    0x12  Code  Lc  cmsis_os.o [1]
main                     0x800'3ca1    0x78  Code  Gb  main.o [1]
mainTask(void const *)   0x800'124b    0x9a  Code  Gb  freertos.o [1]
makeFreeRtosPriority     0x800'15a5    0x16  Code  Lc  cmsis_os.o [1]
memset                   0x800'40d9    0x14  Code  Gb  memset.o [4]
modbus(void const *)     0x800'12e5    0x1e  Code  Gb  freertos.o [1]
osDelay                  0x800'1635    0x16  Code  Gb  cmsis_os.o [1]
osKernelStart            0x800'15cd     0xa  Code  Gb  cmsis_os.o [1]
osSemaphoreCreate        0x800'164b    0x4a  Code  Gb  cmsis_os.o [1]
osSemaphoreRelease       0x800'1709    0x52  Code  Gb  cmsis_os.o [1]
osSemaphoreWait          0x800'1695    0x74  Code  Gb  cmsis_os.o [1]
osThreadCreate           0x800'15d7    0x5e  Code  Gb  cmsis_os.o [1]
pcInterruptPriorityRegisters
                         0x800'668c     0x4  Data  Lc  port.o [1]
peMBFrameReceiveCur     0x2000'36c4     0x4  Data  Lc  mb.o [1]
peMBFrameSendCur        0x2000'36b8     0x4  Data  Lc  mb.o [1]
prvAddCurrentTaskToDelayedList
                         0x800'0be5    0x6e  Code  Lc  tasks.o [1]
prvAddNewTaskToReadyList
                         0x800'0327    0x9a  Code  Lc  tasks.o [1]
prvCheckTasksWaitingTermination
                         0x800'08c5    0x38  Code  Lc  tasks.o [1]
prvCopyDataFromQueue     0x800'3649    0x2a  Code  Lc  queue.o [1]
prvCopyDataToQueue       0x800'35c3    0x86  Code  Lc  queue.o [1]
prvDeleteTCB             0x800'0905    0x42  Code  Lc  tasks.o [1]
prvGetDisinheritPriorityAfterTimeout
                         0x800'35af    0x14  Code  Lc  queue.o [1]
prvHeapInit              0x800'0e13    0x5e  Code  Lc  heap_4.o [1]
prvIdleTask              0x800'0841    0x22  Code  Lc  tasks.o [1]
prvInitialiseNewQueue    0x800'30fd    0x1c  Code  Lc  queue.o [1]
prvInitialiseNewTask     0x800'027d    0xaa  Code  Lc  tasks.o [1]
prvInitialiseTaskLists   0x800'0871    0x50  Code  Lc  tasks.o [1]
prvInsertBlockIntoFreeList
                         0x800'0e71    0x5e  Code  Lc  heap_4.o [1]
prvIsQueueEmpty          0x800'36e1    0x1c  Code  Lc  queue.o [1]
prvIsQueueFull           0x800'36fd    0x1e  Code  Lc  queue.o [1]
prvResetNextTaskUnblockTime
                         0x800'0947    0x28  Code  Lc  tasks.o [1]
prvTaskExitError         0x800'0fad    0x2a  Code  Lc  port.o [1]
prvUnlockQueue           0x800'3673    0x6e  Code  Lc  queue.o [1]
prveMBError2Exception    0x800'5de9    0x22  Code  Gb  mbutils.o [1]
pucSndBufferCur         0x2000'36dc     0x4  Data  Lc  mbrtu.o [1]
pvMBFrameCloseCur       0x2000'36c8     0x4  Data  Lc  mb.o [1]
pvMBFrameStartCur       0x2000'36bc     0x4  Data  Lc  mb.o [1]
pvMBFrameStopCur        0x2000'36c0     0x4  Data  Lc  mb.o [1]
pvPortMalloc             0x800'0c8d   0x114  Code  Gb  heap_4.o [1]
pvTaskIncrementMutexHeldCount
                         0x800'0ba1    0x16  Code  Gb  tasks.o [1]
pxCurrentTCB            0x2000'36e8     0x4  Data  Gb  tasks.o [1]
pxDelayedTaskList       0x2000'36ec     0x4  Data  Lc  tasks.o [1]
pxEnd                   0x2000'36a8     0x4  Data  Lc  heap_4.o [1]
pxMBFrameCBByteReceived
                        0x2000'36cc     0x4  Data  Gb  mb.o [1]
pxMBFrameCBTransmitterEmpty
                        0x2000'36d0     0x4  Data  Gb  mb.o [1]
pxMBPortCBTimerExpired  0x2000'36d4     0x4  Data  Gb  mb.o [1]
pxOverflowDelayedTaskList
                        0x2000'36f0     0x4  Data  Lc  tasks.o [1]
pxPortInitialiseStack    0x800'0f85    0x28  Code  Gb  port.o [1]
pxReadyTasksLists       0x2000'32b0    0x8c  Data  Lc  tasks.o [1]
sensState               0x2000'009c     0x1  Data  Gb  freertos.o [1]
sensor::Call(unsigned short *)
                         0x800'1573    0x32  Code  Gb  sensor.o [1]
sensor::detectPoll()     0x800'1557    0x1c  Code  Gb  sensor.o [1]
sensor::sensor()         0x800'1539    0x1e  Code  Gb  sensor.o [1]
serial                  0x2000'0090     0x4  Data  Gb  portserial.o [1]
settings                0x2000'0000     0xc  Data  Gb  main.o [1]
timeout                 0x2000'372e     0x2  Data  Gb  porttimer.o [1]
ucHeap                  0x2000'00a0  0x2710  Data  Lc  heap_4.o [1]
ucMBAddress             0x2000'3732     0x1  Data  Lc  mb.o [1]
ucMBSlaveID             0x2000'3610    0x20  Data  Lc  mbfuncother.o [1]
ucMaxSysCallPriority    0x2000'3739     0x1  Data  Lc  port.o [1]
ucRTUBuf                0x2000'31b0   0x100  Data  Gb  mbrtu.o [1]
ulMaxPRIGROUPValue      0x2000'36e0     0x4  Data  Lc  port.o [1]
usMBCRC16                0x800'51d9    0x40  Code  Gb  mbcrc.o [1]
usMBSlaveIDLen          0x2000'3728     0x2  Data  Lc  mbfuncother.o [1]
usRcvBufferPos          0x2000'372c     0x2  Data  Lc  mbrtu.o [1]
usSndBufferCount        0x2000'372a     0x2  Data  Lc  mbrtu.o [1]
uwTick                  0x2000'36e4     0x4  Data  Gb  stm32f3xx_hal.o [1]
uwTickFreq              0x2000'009e     0x1  Data  Gb  stm32f3xx_hal.o [1]
uwTickPrio              0x2000'0094     0x4  Data  Gb  stm32f3xx_hal.o [1]
uxCriticalNesting       0x2000'008c     0x4  Data  Lc  port.o [1]
uxCurrentNumberOfTasks  0x2000'36f8     0x4  Data  Lc  tasks.o [1]
uxDeletedTasksWaitingCleanUp
                        0x2000'36f4     0x4  Data  Lc  tasks.o [1]
uxListRemove             0x800'0f5f    0x26  Code  Gb  list.o [1]
uxPendedTicks           0x2000'3708     0x4  Data  Lc  tasks.o [1]
uxSchedulerSuspended    0x2000'3720     0x4  Data  Lc  tasks.o [1]
uxTaskNumber            0x2000'3714     0x4  Data  Lc  tasks.o [1]
uxTopReadyPriority      0x2000'3700     0x4  Data  Lc  tasks.o [1]
vApplicationGetIdleTaskMemory
                         0x800'11f3     0xe  Code  Gb  freertos.o [1]
vListInitialise          0x800'0eed    0x1e  Code  Gb  list.o [1]
vListInitialiseItem      0x800'0f0b     0x6  Code  Gb  list.o [1]
vListInsert              0x800'0f29    0x36  Code  Gb  list.o [1]
vListInsertEnd           0x800'0f11    0x18  Code  Gb  list.o [1]
vMBPortSerialEnable      0x800'504d    0x5a  Code  Gb  portserial.o [1]
vMBPortTimersDisable     0x800'5195     0xa  Code  Gb  porttimer.o [1]
vMBPortTimersEnable      0x800'5183    0x12  Code  Gb  porttimer.o [1]
vPortEnableVFP           0x800'151d          Code  Gb  portasm.o [1]
vPortEnterCritical       0x800'10a5    0x34  Code  Gb  port.o [1]
vPortExitCritical        0x800'10d9    0x2c  Code  Gb  port.o [1]
vPortFree                0x800'0da1    0x72  Code  Gb  heap_4.o [1]
vPortStartFirstTask      0x800'14fd          Code  Gb  portasm.o [1]
vPortValidateInterruptPriority
                         0x800'112d    0x4a  Code  Gb  port.o [1]
vTaskDelay               0x800'03c1    0x4c  Code  Gb  tasks.o [1]
vTaskInternalSetTimeOutState
                         0x800'0797    0x12  Code  Gb  tasks.o [1]
vTaskMissedYield         0x800'082b     0xa  Code  Gb  tasks.o [1]
vTaskPlaceOnEventList    0x800'06ef    0x2e  Code  Gb  tasks.o [1]
vTaskPriorityDisinheritAfterTimeout
                         0x800'0aed    0xb4  Code  Gb  tasks.o [1]
vTaskStartScheduler      0x800'040d    0x8e  Code  Gb  tasks.o [1]
vTaskSuspendAll          0x800'049b     0xc  Code  Gb  tasks.o [1]
vTaskSwitchContext       0x800'0683    0x6c  Code  Gb  tasks.o [1]
xBlockAllocatedBit      0x2000'36b4     0x4  Data  Lc  heap_4.o [1]
xDelayedTaskList1       0x2000'3630    0x14  Data  Lc  tasks.o [1]
xDelayedTaskList2       0x2000'3644    0x14  Data  Lc  tasks.o [1]
xEventInQueue           0x2000'373b     0x1  Data  Lc  portevent.o [1]
xFreeBytesRemaining     0x2000'36ac     0x4  Data  Lc  heap_4.o [1]
xFuncHandlers           0x2000'000c    0x80  Data  Lc  mb.o [1]
xHeapStructSize          0x800'6688     0x4  Data  Lc  heap_4.o [1]
xIdleStack              0x2000'2fb0   0x200  Data  Lc  freertos.o [1]
xIdleTaskHandle         0x2000'371c     0x4  Data  Lc  tasks.o [1]
xIdleTaskTCBBuffer      0x2000'33c0    0x54  Data  Lc  freertos.o [1]
xMBPortEventGet          0x800'40b5    0x1c  Code  Gb  portevent.o [1]
xMBPortEventInit         0x800'409d     0xa  Code  Gb  portevent.o [1]
xMBPortEventPost         0x800'40a7     0xe  Code  Gb  portevent.o [1]
xMBPortSerialGetByte     0x800'511d     0xe  Code  Gb  portserial.o [1]
xMBPortSerialInit        0x800'50a7    0x58  Code  Gb  portserial.o [1]
xMBPortSerialPutByte     0x800'50ff    0x1e  Code  Gb  portserial.o [1]
xMBPortTimersInit        0x800'5135    0x4e  Code  Gb  porttimer.o [1]
xMBRTUReceiveFSM         0x800'3f17    0x8a  Code  Gb  mbrtu.o [1]
xMBRTUTimerT35Expired    0x800'400f    0x5c  Code  Gb  mbrtu.o [1]
xMBRTUTransmitFSM        0x800'3fa1    0x6e  Code  Gb  mbrtu.o [1]
xMinimumEverFreeBytesRemaining
                        0x2000'36b0     0x4  Data  Lc  heap_4.o [1]
xNextTaskUnblockTime    0x2000'3718     0x4  Data  Lc  tasks.o [1]
xNumOfOverflows         0x2000'3710     0x4  Data  Lc  tasks.o [1]
xPendingReadyList       0x2000'3658    0x14  Data  Lc  tasks.o [1]
xPortStartScheduler      0x800'0fd7    0xce  Code  Gb  port.o [1]
xQueueGenericCreate      0x800'30ad    0x50  Code  Gb  queue.o [1]
xQueueGenericCreateStatic
                         0x800'3007    0xa6  Code  Gb  queue.o [1]
xQueueGenericReset       0x800'2f75    0x92  Code  Gb  queue.o [1]
xQueueGenericSend        0x800'3119   0x196  Code  Gb  queue.o [1]
xQueueGiveFromISR        0x800'32af    0xb8  Code  Gb  queue.o [1]
xQueueReceiveFromISR     0x800'3501    0xae  Code  Gb  queue.o [1]
xQueueSemaphoreTake      0x800'3367   0x196  Code  Gb  queue.o [1]
xSchedulerRunning       0x2000'3704     0x4  Data  Lc  tasks.o [1]
xStart                  0x2000'3694     0x8  Data  Lc  heap_4.o [1]
xSuspendedTaskList      0x2000'3680    0x14  Data  Lc  tasks.o [1]
xTaskCheckForTimeOut     0x800'07a9    0x82  Code  Gb  tasks.o [1]
xTaskCreate              0x800'020b    0x72  Code  Gb  tasks.o [1]
xTaskCreateStatic        0x800'0189    0x82  Code  Gb  tasks.o [1]
xTaskGetSchedulerState   0x800'0975    0x20  Code  Gb  tasks.o [1]
xTaskIncrementTick       0x800'058b    0xf8  Code  Gb  tasks.o [1]
xTaskPriorityDisinherit
                         0x800'0a39    0xae  Code  Gb  tasks.o [1]
xTaskPriorityInherit     0x800'0995    0xa0  Code  Gb  tasks.o [1]
xTaskRemoveFromEventList
                         0x800'071d    0x7a  Code  Gb  tasks.o [1]
xTaskResumeAll           0x800'04a7    0xe4  Code  Gb  tasks.o [1]
xTasksWaitingTermination
                        0x2000'366c    0x14  Data  Lc  tasks.o [1]
xTickCount              0x2000'36fc     0x4  Data  Lc  tasks.o [1]
xYieldPending           0x2000'370c     0x4  Data  Lc  tasks.o [1]


[1] = D:\Kicads Schem\IR_Controller\f303\f303_sens\EWARM\f303_sens\Obj
[2] = dl7M_tlf.a
[3] = m7M_tls.a
[4] = rt7M_tl.a
[5] = shb_l.a

  25'535 bytes of readonly  code memory
   1'081 bytes of readonly  data memory
  30'523 bytes of readwrite data memory

Errors: none
Warnings: none
