###############################################################################
#
# IAR ELF Linker V8.40.2.214/W32 for ARM                  04/Mar/2021  11:09:21
# Copyright 2007-2019 IAR Systems AB.
#
#    Output file  =
#        D:\Kicads
#        Schem\IR_Controller\IRControll_Analog_Sensors\EWARM\IRControll_Programm\Exe\IRControll_Programm.out
#    Map file     =
#        D:\Kicads
#        Schem\IR_Controller\IRControll_Analog_Sensors\EWARM\IRControll_Programm\List\IRControll_Programm.map
#    Command line =
#        -f C:\Users\Sergey\AppData\Local\Temp\EW559.tmp ("D:\Kicads
#        Schem\IR_Controller\IRControll_Analog_Sensors\EWARM\IRControll_Programm\Obj\adc.o"
#        "D:\Kicads
#        Schem\IR_Controller\IRControll_Analog_Sensors\EWARM\IRControll_Programm\Obj\cmsis_os.o"
#        "D:\Kicads
#        Schem\IR_Controller\IRControll_Analog_Sensors\EWARM\IRControll_Programm\Obj\croutine.o"
#        "D:\Kicads
#        Schem\IR_Controller\IRControll_Analog_Sensors\EWARM\IRControll_Programm\Obj\dma.o"
#        "D:\Kicads
#        Schem\IR_Controller\IRControll_Analog_Sensors\EWARM\IRControll_Programm\Obj\event_groups.o"
#        "D:\Kicads
#        Schem\IR_Controller\IRControll_Analog_Sensors\EWARM\IRControll_Programm\Obj\filter_sma.o"
#        "D:\Kicads
#        Schem\IR_Controller\IRControll_Analog_Sensors\EWARM\IRControll_Programm\Obj\flash_user.o"
#        "D:\Kicads
#        Schem\IR_Controller\IRControll_Analog_Sensors\EWARM\IRControll_Programm\Obj\freertos.o"
#        "D:\Kicads
#        Schem\IR_Controller\IRControll_Analog_Sensors\EWARM\IRControll_Programm\Obj\gpio.o"
#        "D:\Kicads
#        Schem\IR_Controller\IRControll_Analog_Sensors\EWARM\IRControll_Programm\Obj\heap_4.o"
#        "D:\Kicads
#        Schem\IR_Controller\IRControll_Analog_Sensors\EWARM\IRControll_Programm\Obj\i2c.o"
#        "D:\Kicads
#        Schem\IR_Controller\IRControll_Analog_Sensors\EWARM\IRControll_Programm\Obj\list.o"
#        "D:\Kicads
#        Schem\IR_Controller\IRControll_Analog_Sensors\EWARM\IRControll_Programm\Obj\main.o"
#        "D:\Kicads
#        Schem\IR_Controller\IRControll_Analog_Sensors\EWARM\IRControll_Programm\Obj\mb.o"
#        "D:\Kicads
#        Schem\IR_Controller\IRControll_Analog_Sensors\EWARM\IRControll_Programm\Obj\mbcrc.o"
#        "D:\Kicads
#        Schem\IR_Controller\IRControll_Analog_Sensors\EWARM\IRControll_Programm\Obj\mbfunccoils.o"
#        "D:\Kicads
#        Schem\IR_Controller\IRControll_Analog_Sensors\EWARM\IRControll_Programm\Obj\mbfuncdiag.o"
#        "D:\Kicads
#        Schem\IR_Controller\IRControll_Analog_Sensors\EWARM\IRControll_Programm\Obj\mbfuncdisc.o"
#        "D:\Kicads
#        Schem\IR_Controller\IRControll_Analog_Sensors\EWARM\IRControll_Programm\Obj\mbfuncholding.o"
#        "D:\Kicads
#        Schem\IR_Controller\IRControll_Analog_Sensors\EWARM\IRControll_Programm\Obj\mbfuncinput.o"
#        "D:\Kicads
#        Schem\IR_Controller\IRControll_Analog_Sensors\EWARM\IRControll_Programm\Obj\mbfuncother.o"
#        "D:\Kicads
#        Schem\IR_Controller\IRControll_Analog_Sensors\EWARM\IRControll_Programm\Obj\mbrtu.o"
#        "D:\Kicads
#        Schem\IR_Controller\IRControll_Analog_Sensors\EWARM\IRControll_Programm\Obj\mbutils.o"
#        "D:\Kicads
#        Schem\IR_Controller\IRControll_Analog_Sensors\EWARM\IRControll_Programm\Obj\port.o"
#        "D:\Kicads
#        Schem\IR_Controller\IRControll_Analog_Sensors\EWARM\IRControll_Programm\Obj\portasm.o"
#        "D:\Kicads
#        Schem\IR_Controller\IRControll_Analog_Sensors\EWARM\IRControll_Programm\Obj\portevent.o"
#        "D:\Kicads
#        Schem\IR_Controller\IRControll_Analog_Sensors\EWARM\IRControll_Programm\Obj\portserial.o"
#        "D:\Kicads
#        Schem\IR_Controller\IRControll_Analog_Sensors\EWARM\IRControll_Programm\Obj\porttimer.o"
#        "D:\Kicads
#        Schem\IR_Controller\IRControll_Analog_Sensors\EWARM\IRControll_Programm\Obj\queue.o"
#        "D:\Kicads
#        Schem\IR_Controller\IRControll_Analog_Sensors\EWARM\IRControll_Programm\Obj\sensor.o"
#        "D:\Kicads
#        Schem\IR_Controller\IRControll_Analog_Sensors\EWARM\IRControll_Programm\Obj\startup_stm32f103xe.o"
#        "D:\Kicads
#        Schem\IR_Controller\IRControll_Analog_Sensors\EWARM\IRControll_Programm\Obj\stm32f1xx_hal.o"
#        "D:\Kicads
#        Schem\IR_Controller\IRControll_Analog_Sensors\EWARM\IRControll_Programm\Obj\stm32f1xx_hal_adc.o"
#        "D:\Kicads
#        Schem\IR_Controller\IRControll_Analog_Sensors\EWARM\IRControll_Programm\Obj\stm32f1xx_hal_adc_ex.o"
#        "D:\Kicads
#        Schem\IR_Controller\IRControll_Analog_Sensors\EWARM\IRControll_Programm\Obj\stm32f1xx_hal_cortex.o"
#        "D:\Kicads
#        Schem\IR_Controller\IRControll_Analog_Sensors\EWARM\IRControll_Programm\Obj\stm32f1xx_hal_dma.o"
#        "D:\Kicads
#        Schem\IR_Controller\IRControll_Analog_Sensors\EWARM\IRControll_Programm\Obj\stm32f1xx_hal_exti.o"
#        "D:\Kicads
#        Schem\IR_Controller\IRControll_Analog_Sensors\EWARM\IRControll_Programm\Obj\stm32f1xx_hal_flash.o"
#        "D:\Kicads
#        Schem\IR_Controller\IRControll_Analog_Sensors\EWARM\IRControll_Programm\Obj\stm32f1xx_hal_flash_ex.o"
#        "D:\Kicads
#        Schem\IR_Controller\IRControll_Analog_Sensors\EWARM\IRControll_Programm\Obj\stm32f1xx_hal_gpio.o"
#        "D:\Kicads
#        Schem\IR_Controller\IRControll_Analog_Sensors\EWARM\IRControll_Programm\Obj\stm32f1xx_hal_gpio_ex.o"
#        "D:\Kicads
#        Schem\IR_Controller\IRControll_Analog_Sensors\EWARM\IRControll_Programm\Obj\stm32f1xx_hal_i2c.o"
#        "D:\Kicads
#        Schem\IR_Controller\IRControll_Analog_Sensors\EWARM\IRControll_Programm\Obj\stm32f1xx_hal_msp.o"
#        "D:\Kicads
#        Schem\IR_Controller\IRControll_Analog_Sensors\EWARM\IRControll_Programm\Obj\stm32f1xx_hal_pwr.o"
#        "D:\Kicads
#        Schem\IR_Controller\IRControll_Analog_Sensors\EWARM\IRControll_Programm\Obj\stm32f1xx_hal_rcc.o"
#        "D:\Kicads
#        Schem\IR_Controller\IRControll_Analog_Sensors\EWARM\IRControll_Programm\Obj\stm32f1xx_hal_rcc_ex.o"
#        "D:\Kicads
#        Schem\IR_Controller\IRControll_Analog_Sensors\EWARM\IRControll_Programm\Obj\stm32f1xx_hal_tim.o"
#        "D:\Kicads
#        Schem\IR_Controller\IRControll_Analog_Sensors\EWARM\IRControll_Programm\Obj\stm32f1xx_hal_tim_ex.o"
#        "D:\Kicads
#        Schem\IR_Controller\IRControll_Analog_Sensors\EWARM\IRControll_Programm\Obj\stm32f1xx_hal_timebase_tim.o"
#        "D:\Kicads
#        Schem\IR_Controller\IRControll_Analog_Sensors\EWARM\IRControll_Programm\Obj\stm32f1xx_hal_uart.o"
#        "D:\Kicads
#        Schem\IR_Controller\IRControll_Analog_Sensors\EWARM\IRControll_Programm\Obj\stm32f1xx_it.o"
#        "D:\Kicads
#        Schem\IR_Controller\IRControll_Analog_Sensors\EWARM\IRControll_Programm\Obj\stream_buffer.o"
#        "D:\Kicads
#        Schem\IR_Controller\IRControll_Analog_Sensors\EWARM\IRControll_Programm\Obj\system_stm32f1xx.o"
#        "D:\Kicads
#        Schem\IR_Controller\IRControll_Analog_Sensors\EWARM\IRControll_Programm\Obj\tasks.o"
#        "D:\Kicads
#        Schem\IR_Controller\IRControll_Analog_Sensors\EWARM\IRControll_Programm\Obj\tim.o"
#        "D:\Kicads
#        Schem\IR_Controller\IRControll_Analog_Sensors\EWARM\IRControll_Programm\Obj\timers.o"
#        "D:\Kicads
#        Schem\IR_Controller\IRControll_Analog_Sensors\EWARM\IRControll_Programm\Obj\usart.o"
#        --redirect _Printf=_PrintfFull --redirect _Scanf=_ScanfFull
#        --no_out_extension -o "D:\Kicads
#        Schem\IR_Controller\IRControll_Analog_Sensors\EWARM\IRControll_Programm\Exe\IRControll_Programm.out"
#        --map "D:\Kicads
#        Schem\IR_Controller\IRControll_Analog_Sensors\EWARM\IRControll_Programm\List\IRControll_Programm.map"
#        --config "D:\Kicads
#        Schem\IR_Controller\IRControll_Analog_Sensors\EWARM/stm32f103xe_flash.icf"
#        --semihosting --entry __iar_program_start --vfe --text_out locale)
#
###############################################################################

*******************************************************************************
*** RUNTIME MODEL ATTRIBUTES
***

CppFlavor                     = *
__CPP_Exceptions              = Disabled
__CPP_Language                = C++14
__Heap_Handler                = Basic
__SystemLibrary               = DLib
__dlib_dynamic_initialization = normal
__dlib_version                = 6


*******************************************************************************
*** HEAP SELECTION
***

The basic heap was selected because no calls to memory allocation
functions were found in the application outside of system library
functions, and there are calls to deallocation functions in the
application.


*******************************************************************************
*** PLACEMENT SUMMARY
***

"A0":  place at address 0x800'0000 { ro section .intvec };
"P1":  place in [from 0x800'0000 to 0x807'ffff] { ro };
define block CSTACK with size = 10K, alignment = 8 { };
define block HEAP with size = 5K, alignment = 8 { };
"P2":  place in [from 0x2000'0000 to 0x2000'ffff] {
          rw, block CSTACK, block HEAP };
initialize by copy { rw };

  Section                Kind         Address    Size  Object
  -------                ----         -------    ----  ------
"A0":                                           0x130
  .intvec                ro code   0x800'0000   0x130  startup_stm32f103xe.o [1]
                                 - 0x800'0130   0x130

"P1":                                          0x8b24
  .text                  ro code   0x800'0130  0x10c6  xprintffull.o [2]
  .text                  ro code   0x800'11f6    0x3a  zero_init3.o [4]
  .text                  ro code   0x800'1230    0x7c  xlocale_c.o [2]
  .text                  ro code   0x800'12ac    0x16  strchr.o [4]
  .text                  ro code   0x800'12c2    0x1e  xencoding_8859_1.o [2]
  .text                  ro code   0x800'12e0    0x40  xfail_s.o [2]
  .text                  ro code   0x800'1320    0x36  strlen.o [4]
  .rodata                const     0x800'1356     0x2  stm32f1xx_hal_rcc.o [1]
  .text                  ro code   0x800'1358    0x58  memchr.o [4]
  .text                  ro code   0x800'13b0    0xa6  ABImemcpy.o [4]
  .rodata                const     0x800'1456     0x2  xlocale_c.o [2]
  .text                  ro code   0x800'1458    0x70  frexp.o [3]
  .text                  ro code   0x800'14c8    0x2e  DblCmpLe.o [3]
  .rodata                const     0x800'14f6     0x2  xlocale_c.o [2]
  .text                  ro code   0x800'14f8    0x2e  DblCmpGe.o [3]
  .rodata                const     0x800'1526     0x1  unwind_debug.o [5]
  .rodata                const     0x800'1527     0x1  xlocale_c.o [2]
  .text                  ro code   0x800'1528   0x13a  ldexp.o [3]
  .text                  ro code   0x800'1664    0x3a  DblToS32.o [3]
  .text                  ro code   0x800'16a0    0x22  S32ToDbl.o [3]
  .text                  ro code   0x800'16c4    0xe2  DblSub.o [3]
  .text                  ro code   0x800'17a8   0x246  DblDiv.o [3]
  .text                  ro code   0x800'19f0    0x28  DblToU32.o [3]
  .text                  ro code   0x800'1a18    0x1a  U32ToDbl.o [3]
  .text                  ro code   0x800'1a34   0x1a2  DblMul.o [3]
  .text                  ro code   0x800'1bd6     0xa  xmbcurmax.o [2]
  .text                  ro code   0x800'1be0   0x230  I64DivMod.o [4]
  .text                  ro code   0x800'1e10     0x6  abort.o [2]
  .text                  ro code   0x800'1e18   0x16a  DblAdd.o [3]
  .text                  ro code   0x800'1f84     0x2  I64DivZer.o [4]
  .text                  ro code   0x800'1f88    0x14  exit.o [5]
  .text                  ro code   0x800'1f9c    0x7c  iarttio.o [5]
  .text                  ro code   0x800'2018    0x3c  XShttio.o [2]
  .text                  ro code   0x800'2054   0xb04  tasks.o [1]
  .text                  ro code   0x800'2b58   0x260  heap_4.o [1]
  .text                  ro code   0x800'2db8    0x98  list.o [1]
  .text                  ro code   0x800'2e50   0x200  port.o [1]
  .text                  ro code   0x800'3050   0x2cc  freertos.o [1]
  CODE                   ro code   0x800'331c    0x88  portasm.o [1]
  .text                  ro code   0x800'33a4    0x6c  sensor.o [1]
  .text                  ro code   0x800'3410   0x1bc  cmsis_os.o [1]
  .text                  ro code   0x800'35cc   0x56e  stm32f1xx_hal_adc.o [1]
  .text                  ro code   0x800'3b3c   0x854  stm32f1xx_hal_tim.o [1]
  .text                  ro code   0x800'4390   0x228  stm32f1xx_hal_gpio.o [1]
  .text                  ro code   0x800'45b8    0x86  filter_sma.o [1]
  .text                  ro code   0x800'4640    0x28  printf.o [2]
  .text                  ro code   0x800'4668   0x200  mb.o [1]
  .text                  ro code   0x800'4868   0x104  flash_user.o [1]
  .text                  ro code   0x800'496c   0x7a6  queue.o [1]
  .text                  ro code   0x800'5114   0x154  adc.o [1]
  .text                  ro code   0x800'5268   0x6bc  stm32f1xx_hal_dma.o [1]
  .text                  ro code   0x800'5924     0xc  stm32f1xx_hal.o [1]
  .text                  ro code   0x800'5930     0x2  stm32f1xx_hal_adc.o [1]
  .text                  ro code   0x800'5932     0x2  stm32f1xx_hal_adc.o [1]
  .text                  ro code   0x800'5934   0x458  tim.o [1]
  .text                  ro code   0x800'5d8c     0x2  stm32f1xx_hal_tim.o [1]
  .text                  ro code   0x800'5d8e     0x2  stm32f1xx_hal_tim.o [1]
  .text                  ro code   0x800'5d90     0x2  stm32f1xx_hal_tim.o [1]
  .text                  ro code   0x800'5d92     0x2  stm32f1xx_hal_tim.o [1]
  .text                  ro code   0x800'5d94   0x132  main.o [1]
  .text                  ro code   0x800'5ec6     0x2  stm32f1xx_hal_tim_ex.o [1]
  .text                  ro code   0x800'5ec8     0x2  stm32f1xx_hal_tim.o [1]
  .text                  ro code   0x800'5eca     0x2  stm32f1xx_hal_tim_ex.o [1]
  .text                  ro code   0x800'5ecc     0x6  ABImemclr.o [4]
  .text                  ro code   0x800'5ed4   0x2c4  mbrtu.o [1]
  .text                  ro code   0x800'6198    0x3c  portevent.o [1]
  .text                  ro code   0x800'61d4    0x14  memset.o [4]
  .text                  ro code   0x800'61e8    0xea  stm32f1xx_hal_tim_ex.o [1]
  .text                  ro code   0x800'62d4    0xe8  stm32f1xx_hal_cortex.o [1]
  .text                  ro code   0x800'63bc    0x24  stm32f1xx_hal.o [1]
  .text                  ro code   0x800'63e0    0xe4  gpio.o [1]
  .text                  ro code   0x800'64c4    0x2c  dma.o [1]
  .text                  ro code   0x800'64f0    0xa8  i2c.o [1]
  .text                  ro code   0x800'6598    0xc8  usart.o [1]
  .text                  ro code   0x800'6660   0x654  stm32f1xx_hal_rcc.o [1]
  .text                  ro code   0x800'6cb4   0x104  stm32f1xx_hal_rcc_ex.o [1]
  .text                  ro code   0x800'6db8    0x18  stm32f1xx_hal.o [1]
  .text                  ro code   0x800'6dd0    0x66  ABImemset.o [4]
  .text                  ro code   0x800'6e38   0x110  portserial.o [1]
  .text                  ro code   0x800'6f48    0x80  porttimer.o [1]
  .text                  ro code   0x800'6fc8    0x24  ABIassert.o [5]
  .text                  ro code   0x800'6fec    0x40  mbcrc.o [1]
  .text                  ro code   0x800'702c    0x80  stm32f1xx_hal_timebase_tim.o [1]
  .text                  ro code   0x800'70ac    0x54  stm32f1xx_hal_msp.o [1]
  .text                  ro code   0x800'7100   0x1e8  stm32f1xx_hal_i2c.o [1]
  .text                  ro code   0x800'72e8   0x514  stm32f1xx_hal_uart.o [1]
  .text                  ro code   0x800'77fc     0x2  stm32f1xx_hal_uart.o [1]
  .text                  ro code   0x800'77fe     0x2  stm32f1xx_hal_uart.o [1]
  .text                  ro code   0x800'7800     0x2  stm32f1xx_hal_uart.o [1]
  .text                  ro code   0x800'7802   0x218  mbfuncholding.o [1]
  .text                  ro code   0x800'7a1c    0x22  mbutils.o [1]
  .text                  ro code   0x800'7a3e   0x198  mbfunccoils.o [1]
  .text                  ro code   0x800'7bd8   0x138  heap0.o [2]
  .text                  ro code   0x800'7d10    0x2c  xgetmemchunk.o [2]
  .rodata                const     0x800'7d3c   0x100  mbcrc.o [1]
  .rodata                const     0x800'7e3c   0x100  mbcrc.o [1]
  .text                  ro code   0x800'7f3c    0xd8  xfspos.o [2]
  .text                  ro code   0x800'8014    0xac  fflush.o [2]
  .text                  ro code   0x800'80c0     0xc  xfgpos.o [2]
  .text                  ro code   0x800'80cc    0x4a  lseek.o [5]
  .text                  ro code   0x800'8116    0x10  write.o [5]
  .text                  ro code   0x800'8128    0xcc  XShHandles.o [2]
  .text                  ro code   0x800'81f4    0x1e  dwrite.o [5]
  .text                  ro code   0x800'8212    0x20  iarwstd.o [5]
  .text                  ro code   0x800'8232    0x22  iarwrite.o [5]
  .text                  ro code   0x800'8254    0xd0  stm32f1xx_it.o [1]
  .text                  ro code   0x800'8324    0xb4  xfwprep.o [2]
  .text                  ro code   0x800'83d8    0x24  fseek.o [2]
  .text                  ro code   0x800'83fc    0x9c  mbfuncdisc.o [1]
  .text                  ro code   0x800'8498    0x9c  xfofind.o [2]
  .text                  ro code   0x800'8534     0x4  heaptramp0.o [2]
  .text                  ro code   0x800'8538    0x84  mbfuncinput.o [1]
  .text                  ro code   0x800'85bc    0x7e  fclose.o [2]
  .text                  ro code   0x800'863a    0x18  close.o [5]
  .text                  ro code   0x800'8652    0x14  remove.o [5]
  .text                  ro code   0x800'8666    0x78  lz77_init_single.o [4]
  .rodata                const     0x800'86e0    0x64  mbrtu.o [1]
  .rodata                const     0x800'8744    0x58  mbrtu.o [1]
  .text                  ro code   0x800'879c    0x58  system_stm32f1xx.o [1]
  .text                  ro code   0x800'87f4    0x54  fputc.o [2]
  .text                  ro code   0x800'8848    0x3c  xcloseall.o [2]
  .text                  ro code   0x800'8884    0x28  data_init.o [4]
  .text                  ro code   0x800'88ac    0x24  mbfuncother.o [1]
  .iar.init_table        const     0x800'88d0    0x24  - Linker created -
  .text                  ro code   0x800'88f4    0x20  cmain_call_ctors.o [4]
  .text                  ro code   0x800'8914    0x18  cppinit.o [2]
  .text                  ro code   0x800'892c    0x1e  cmain.o [4]
  .text                  ro code   0x800'894a     0x4  low_level_init.o [2]
  .text                  ro code   0x800'894e     0x4  exit.o [2]
  .text                  ro code   0x800'8954     0xe  cexit.o [4]
  .rodata                const     0x800'8964    0x1c  freertos.o [1]
  .rodata                const     0x800'8980    0x1c  freertos.o [1]
  .rodata                const     0x800'899c    0x1c  mbrtu.o [1]
  .rodata                const     0x800'89b8    0x1c  mbrtu.o [1]
  .rodata                const     0x800'89d4    0x18  mbrtu.o [1]
  .text                  ro code   0x800'89ec    0x16  xprout.o [2]
  .text                  ro code   0x800'8a04     0xc  putchar.o [2]
  .rodata                const     0x800'8a10    0x10  stm32f1xx_hal_rcc.o [1]
  .rodata                const     0x800'8a20    0x10  system_stm32f1xx.o [1]
  .text                  ro code   0x800'8a30    0x10  startup_stm32f103xe.o [1]
  .rodata                const     0x800'8a40     0xc  freertos.o [1]
  .rodata                const     0x800'8a4c     0xc  freertos.o [1]
  .text                  ro code   0x800'8a58     0xc  cstartup_M.o [4]
  .rodata                const     0x800'8a64     0x8  freertos.o [1]
  .rodata                const     0x800'8a6c     0x8  freertos.o [1]
  .rodata                const     0x800'8a74     0x8  system_stm32f1xx.o [1]
  .rodata                const     0x800'8a7c     0x8  tasks.o [1]
  .rodata                const     0x800'8a84     0x4  heap_4.o [1]
  .rodata                const     0x800'8a88     0x4  port.o [1]
  .text                  ro code   0x800'8a8c     0x4  startup_stm32f103xe.o [1]
  .text                  ro code   0x800'8a90     0x4  startup_stm32f103xe.o [1]
  .text                  ro code   0x800'8a94     0x4  startup_stm32f103xe.o [1]
  .text                  ro code   0x800'8a98     0x4  startup_stm32f103xe.o [1]
  .text                  ro code   0x800'8a9c     0x4  startup_stm32f103xe.o [1]
  .text                  ro code   0x800'8aa0     0x4  startup_stm32f103xe.o [1]
  .text                  ro code   0x800'8aa4     0x4  startup_stm32f103xe.o [1]
  .text                  ro code   0x800'8aa8     0x4  startup_stm32f103xe.o [1]
  .text                  ro code   0x800'8aac     0x4  startup_stm32f103xe.o [1]
  .text                  ro code   0x800'8ab0     0x4  startup_stm32f103xe.o [1]
  .text                  ro code   0x800'8ab4     0x4  startup_stm32f103xe.o [1]
  .text                  ro code   0x800'8ab8     0x4  startup_stm32f103xe.o [1]
  .text                  ro code   0x800'8abc     0x4  startup_stm32f103xe.o [1]
  .text                  ro code   0x800'8ac0     0x4  startup_stm32f103xe.o [1]
  .text                  ro code   0x800'8ac4     0x4  startup_stm32f103xe.o [1]
  .text                  ro code   0x800'8ac8     0x4  startup_stm32f103xe.o [1]
  .text                  ro code   0x800'8acc     0x4  startup_stm32f103xe.o [1]
  .text                  ro code   0x800'8ad0     0x4  startup_stm32f103xe.o [1]
  .text                  ro code   0x800'8ad4     0x4  startup_stm32f103xe.o [1]
  .text                  ro code   0x800'8ad8     0x4  startup_stm32f103xe.o [1]
  .text                  ro code   0x800'8adc     0x4  startup_stm32f103xe.o [1]
  .text                  ro code   0x800'8ae0     0x4  startup_stm32f103xe.o [1]
  .text                  ro code   0x800'8ae4     0x4  startup_stm32f103xe.o [1]
  .text                  ro code   0x800'8ae8     0x4  startup_stm32f103xe.o [1]
  .text                  ro code   0x800'8aec     0x4  startup_stm32f103xe.o [1]
  .text                  ro code   0x800'8af0     0x4  startup_stm32f103xe.o [1]
  .text                  ro code   0x800'8af4     0x4  startup_stm32f103xe.o [1]
  .text                  ro code   0x800'8af8     0x4  startup_stm32f103xe.o [1]
  .text                  ro code   0x800'8afc     0x4  startup_stm32f103xe.o [1]
  .text                  ro code   0x800'8b00     0x4  startup_stm32f103xe.o [1]
  .text                  ro code   0x800'8b04     0x4  startup_stm32f103xe.o [1]
  .text                  ro code   0x800'8b08     0x4  startup_stm32f103xe.o [1]
  .text                  ro code   0x800'8b0c     0x4  startup_stm32f103xe.o [1]
  .text                  ro code   0x800'8b10     0x4  startup_stm32f103xe.o [1]
  .text                  ro code   0x800'8b14     0x4  startup_stm32f103xe.o [1]
  .text                  ro code   0x800'8b18     0x4  startup_stm32f103xe.o [1]
  .text                  ro code   0x800'8b1c     0x4  startup_stm32f103xe.o [1]
  .text                  ro code   0x800'8b20     0x4  startup_stm32f103xe.o [1]
  .text                  ro code   0x800'8b24     0x4  startup_stm32f103xe.o [1]
  .text                  ro code   0x800'8b28     0x4  startup_stm32f103xe.o [1]
  .text                  ro code   0x800'8b2c     0x4  startup_stm32f103xe.o [1]
  .text                  ro code   0x800'8b30     0x4  startup_stm32f103xe.o [1]
  .text                  ro code   0x800'8b34     0x4  startup_stm32f103xe.o [1]
  .text                  ro code   0x800'8b38     0x4  startup_stm32f103xe.o [1]
  .text                  ro code   0x800'8b3c     0x4  startup_stm32f103xe.o [1]
  .text                  ro code   0x800'8b40     0x4  startup_stm32f103xe.o [1]
  .text                  ro code   0x800'8b44     0x4  startup_stm32f103xe.o [1]
  .text                  ro code   0x800'8b48     0x4  startup_stm32f103xe.o [1]
  .text                  ro code   0x800'8b4c     0x4  startup_stm32f103xe.o [1]
  .text                  ro code   0x800'8b50     0x4  startup_stm32f103xe.o [1]
  .text                  ro code   0x800'8b54     0x4  startup_stm32f103xe.o [1]
  .text                  ro code   0x800'8b58     0x4  startup_stm32f103xe.o [1]
  .text                  ro code   0x800'8b5c     0x4  startup_stm32f103xe.o [1]
  .text                  ro code   0x800'8b60     0x4  startup_stm32f103xe.o [1]
  .text                  ro code   0x800'8b64     0x4  startup_stm32f103xe.o [1]
  .text                  ro code   0x800'8b68     0x4  startup_stm32f103xe.o [1]
  SHT$$PREINIT_ARRAY               0x800'8b6c     0x0  <Block>
  SHT$$INIT_ARRAY                  0x800'8b6c     0x4  <Block>
    .init_array          const     0x800'8b6c     0x4  freertos.o [1]
  __iar_tls$$INIT_ARRAY            0x800'8b70     0x0  <Block>
  .text                  ro code   0x800'8b70     0x0  cstart_closeall.o [4]
  .rodata                const     0x800'8b70     0x0  zero_init3.o [4]
  .rodata                const     0x800'8b70     0x0  lz77_init_single.o [4]
  Initializer bytes      const     0x800'8b70    0xe4  <for P2-1>
                                 - 0x800'8c54  0x8b24

"P2", part 1 of 3:                              0x21f
  P2-1                            0x2000'0000   0x21f  <Init block>
    .data                inited   0x2000'0000     0xc  main.o [1]
    .data                inited   0x2000'000c    0x80  mb.o [1]
    .data                inited   0x2000'008c     0x4  port.o [1]
    .data                inited   0x2000'0090     0x4  portserial.o [1]
    .data                inited   0x2000'0094     0x4  stm32f1xx_hal.o [1]
    .data                inited   0x2000'0098     0x4  system_stm32f1xx.o [1]
    .data                inited   0x2000'009c    0x38  xlocale_c.o [2]
    .data                inited   0x2000'00d4    0x48  xlocale_c.o [2]
    .data                inited   0x2000'011c    0x48  xfiles.o [2]
    .data                inited   0x2000'0164    0x48  xfiles.o [2]
    .data                inited   0x2000'01ac    0x48  xfiles.o [2]
    .data                inited   0x2000'01f4    0x20  xfiles.o [2]
    .data                inited   0x2000'0214     0x8  XShttio.o [2]
    .data                inited   0x2000'021c     0x1  freertos.o [1]
    .data                inited   0x2000'021d     0x1  mb.o [1]
    .data                inited   0x2000'021e     0x1  stm32f1xx_hal.o [1]
                                - 0x2000'021f   0x21f

"P2", part 2 of 3:                             0x5f4c
  .bss                   zero     0x2000'0220  0x4e20  heap_4.o [1]
  .bss                   zero     0x2000'5040   0x800  freertos.o [1]
  .bss                   zero     0x2000'5840   0x200  freertos.o [1]
  .bss                   zero     0x2000'5a40   0x100  mbrtu.o [1]
  .bss                   zero     0x2000'5b40    0x8c  tasks.o [1]
  .bss                   zero     0x2000'5bcc    0x80  XShHandles.o [2]
  .bss                   zero     0x2000'5c4c    0x54  freertos.o [1]
  .bss                   zero     0x2000'5ca0    0x54  i2c.o [1]
  .bss                   zero     0x2000'5cf4    0x50  xfiles.o [2]
  .bss                   zero     0x2000'5d44    0x50  xfiles.o [2]
  .bss                   zero     0x2000'5d94    0x48  stm32f1xx_hal_timebase_tim.o [1]
  .bss                   zero     0x2000'5ddc    0x48  tim.o [1]
  .bss                   zero     0x2000'5e24    0x48  tim.o [1]
  .bss                   zero     0x2000'5e6c    0x48  tim.o [1]
  .bss                   zero     0x2000'5eb4    0x48  tim.o [1]
  .bss                   zero     0x2000'5efc    0x44  adc.o [1]
  .bss                   zero     0x2000'5f40    0x40  usart.o [1]
  .bss                   zero     0x2000'5f80    0x30  adc.o [1]
  .bss                   zero     0x2000'5fb0    0x24  freertos.o [1]
  .bss                   zero     0x2000'5fd4    0x24  freertos.o [1]
  .bss                   zero     0x2000'5ff8    0x24  freertos.o [1]
  .bss                   zero     0x2000'601c    0x20  mbfuncother.o [1]
  .bss                   zero     0x2000'603c    0x14  tasks.o [1]
  .bss                   zero     0x2000'6050    0x14  tasks.o [1]
  .bss                   zero     0x2000'6064    0x14  tasks.o [1]
  .bss                   zero     0x2000'6078    0x14  tasks.o [1]
  .bss                   zero     0x2000'608c    0x14  tasks.o [1]
  .bss                   zero     0x2000'60a0    0x10  freertos.o [1]
  .bss                   zero     0x2000'60b0     0x8  heap_4.o [1]
  .bss                   zero     0x2000'60b8     0x8  heap0.o [2]
  .bss                   zero     0x2000'60c0     0x4  freertos.o [1]
  .bss                   zero     0x2000'60c4     0x4  freertos.o [1]
  .bss                   zero     0x2000'60c8     0x4  freertos.o [1]
  .bss                   zero     0x2000'60cc     0x4  heap_4.o [1]
  .bss                   zero     0x2000'60d0     0x4  heap_4.o [1]
  .bss                   zero     0x2000'60d4     0x4  heap_4.o [1]
  .bss                   zero     0x2000'60d8     0x4  heap_4.o [1]
  .bss                   zero     0x2000'60dc     0x4  mb.o [1]
  .bss                   zero     0x2000'60e0     0x4  mb.o [1]
  .bss                   zero     0x2000'60e4     0x4  mb.o [1]
  .bss                   zero     0x2000'60e8     0x4  mb.o [1]
  .bss                   zero     0x2000'60ec     0x4  mb.o [1]
  .bss                   zero     0x2000'60f0     0x4  mb.o [1]
  .bss                   zero     0x2000'60f4     0x4  mb.o [1]
  .bss                   zero     0x2000'60f8     0x4  mb.o [1]
  .bss                   zero     0x2000'60fc     0x4  mb.o [1]
  .bss                   zero     0x2000'6100     0x4  mbrtu.o [1]
  .bss                   zero     0x2000'6104     0x4  port.o [1]
  .bss                   zero     0x2000'6108     0x4  stm32f1xx_hal.o [1]
  .bss                   zero     0x2000'610c     0x4  tasks.o [1]
  .bss                   zero     0x2000'6110     0x4  tasks.o [1]
  .bss                   zero     0x2000'6114     0x4  tasks.o [1]
  .bss                   zero     0x2000'6118     0x4  tasks.o [1]
  .bss                   zero     0x2000'611c     0x4  tasks.o [1]
  .bss                   zero     0x2000'6120     0x4  tasks.o [1]
  .bss                   zero     0x2000'6124     0x4  tasks.o [1]
  .bss                   zero     0x2000'6128     0x4  tasks.o [1]
  .bss                   zero     0x2000'612c     0x4  tasks.o [1]
  .bss                   zero     0x2000'6130     0x4  tasks.o [1]
  .bss                   zero     0x2000'6134     0x4  tasks.o [1]
  .bss                   zero     0x2000'6138     0x4  tasks.o [1]
  .bss                   zero     0x2000'613c     0x4  tasks.o [1]
  .bss                   zero     0x2000'6140     0x4  tasks.o [1]
  .bss                   zero     0x2000'6144     0x4  tasks.o [1]
  .bss                   zero     0x2000'6148     0x4  xfail_s.o [2]
  .bss                   zero     0x2000'614c     0x4  xgetmemchunk.o [2]
  .bss                   zero     0x2000'6150     0x2  freertos.o [1]
  .bss                   zero     0x2000'6152     0x2  mb.o [1]
  .bss                   zero     0x2000'6154     0x2  mbfuncother.o [1]
  .bss                   zero     0x2000'6156     0x2  mbrtu.o [1]
  .bss                   zero     0x2000'6158     0x2  mbrtu.o [1]
  .bss                   zero     0x2000'615a     0x2  porttimer.o [1]
  .bss                   zero     0x2000'615c     0x2  porttimer.o [1]
  .bss                   zero     0x2000'615e     0x1  mb.o [1]
  .bss                   zero     0x2000'615f     0x1  mb.o [1]
  .bss                   zero     0x2000'6160     0x1  mb.o [1]
  .bss                   zero     0x2000'6161     0x1  mb.o [1]
  .bss                   zero     0x2000'6162     0x1  mb.o [1]
  .bss                   zero     0x2000'6163     0x1  mbrtu.o [1]
  .bss                   zero     0x2000'6164     0x1  mbrtu.o [1]
  .bss                   zero     0x2000'6165     0x1  port.o [1]
  .bss                   zero     0x2000'6166     0x1  portevent.o [1]
  .bss                   zero     0x2000'6167     0x1  portevent.o [1]
  .bss                   zero     0x2000'6168     0x1  XShttio.o [2]
                                - 0x2000'6169  0x5f49

"P2", part 3 of 3:                             0x3c00
  CSTACK                          0x2000'6170  0x2800  <Block>
    CSTACK               uninit   0x2000'6170  0x2800  <Block tail>
  HEAP                            0x2000'8970  0x1400  <Block>
    HEAP                 uninit   0x2000'8970  0x1400  <Block tail>
                                - 0x2000'9d70  0x3c00

Unused ranges:

         From           To      Size
         ----           --      ----
   0x800'8c54   0x807'ffff  0x7'73ac
  0x2000'021f  0x2000'021f       0x1
  0x2000'616c  0x2000'616f       0x4
  0x2000'9d70  0x2000'ffff    0x6290


*******************************************************************************
*** INIT TABLE
***

          Address      Size
          -------      ----
Zero (__iar_zero_init3)
    1 destination range, total size 0x5f49:
          0x2000'0220  0x5f49

Copy/lz77 (__iar_lz77_init_single3)
    1 source range, total size 0xe4 (41% of destination):
           0x800'8b70    0xe4
    1 destination range, total size 0x21f:
          0x2000'0000   0x21f

Extra (__iar_cstart_call_ctors)



*******************************************************************************
*** MODULE SUMMARY
***

    Module                        ro code  ro data  rw data
    ------                        -------  -------  -------
command line/config:
    -------------------------------------------------------
    Total:

D:\Kicads Schem\IR_Controller\IRControll_Analog_Sensors\EWARM\IRControll_Programm\Obj: [1]
    adc.o                             340               116
    cmsis_os.o                        444
    dma.o                              44
    filter_sma.o                      134
    flash_user.o                      260
    freertos.o                        716      101    2'783
    gpio.o                            228
    heap_4.o                          608        4   20'024
    i2c.o                             168                84
    list.o                            152
    main.o                            306        5       12
    mb.o                              512       53      172
    mbcrc.o                            64      512
    mbfunccoils.o                     408
    mbfuncdisc.o                      156
    mbfuncholding.o                   536
    mbfuncinput.o                     132
    mbfuncother.o                      36                34
    mbrtu.o                           708      268      266
    mbutils.o                          34
    port.o                            512        6        9
    portasm.o                         136
    portevent.o                        60                 2
    portserial.o                      272        2        4
    porttimer.o                       128                 4
    queue.o                         1'958
    sensor.o                          108
    startup_stm32f103xe.o             544
    stm32f1xx_hal.o                    72        2        9
    stm32f1xx_hal_adc.o             1'394
    stm32f1xx_hal_cortex.o            232
    stm32f1xx_hal_dma.o             1'724
    stm32f1xx_hal_gpio.o              552
    stm32f1xx_hal_i2c.o               488
    stm32f1xx_hal_msp.o                84
    stm32f1xx_hal_rcc.o             1'620       18
    stm32f1xx_hal_rcc_ex.o            260
    stm32f1xx_hal_tim.o             2'142
    stm32f1xx_hal_tim_ex.o            238
    stm32f1xx_hal_timebase_tim.o      128                72
    stm32f1xx_hal_uart.o            1'306
    stm32f1xx_it.o                    208
    system_stm32f1xx.o                 88       26        4
    tasks.o                         2'820        8      300
    tim.o                           1'112               288
    usart.o                           200                64
    -------------------------------------------------------
    Total:                         24'372    1'005   24'247

dl7M_tlf.a: [2]
    XShHandles.o                      204               128
    XShttio.o                          60        3        9
    abort.o                             6
    cppinit.o                          24
    exit.o                              4
    fclose.o                          126
    fflush.o                          172
    fputc.o                            84
    fseek.o                            36
    heap0.o                           312                 8
    heaptramp0.o                        4
    low_level_init.o                    4
    printf.o                           40
    putchar.o                          12
    xcloseall.o                        60
    xencoding_8859_1.o                 30
    xfail_s.o                          64                 4
    xfgpos.o                           12
    xfiles.o                                   104      408
    xfofind.o                         156
    xfspos.o                          216
    xfwprep.o                         180
    xgetmemchunk.o                     44                 4
    xlocale_c.o                       124       59      128
    xmbcurmax.o                        10
    xprintffull.o                   4'294
    xprout.o                           22
    -------------------------------------------------------
    Total:                          6'300      166      689

m7M_tl.a: [3]
    DblAdd.o                          362
    DblCmpGe.o                         46
    DblCmpLe.o                         46
    DblDiv.o                          582
    DblMul.o                          418
    DblSub.o                          226
    DblToS32.o                         58
    DblToU32.o                         40
    S32ToDbl.o                         34
    U32ToDbl.o                         26
    frexp.o                           112
    ldexp.o                           314
    -------------------------------------------------------
    Total:                          2'264

rt7M_tl.a: [4]
    ABImemclr.o                         6
    ABImemcpy.o                       166
    ABImemset.o                       102
    I64DivMod.o                       560
    I64DivZer.o                         2
    cexit.o                            14
    cmain.o                            30
    cmain_call_ctors.o                 32
    cstart_closeall.o
    cstartup_M.o                       12
    data_init.o                        40
    lz77_init_single.o                120
    memchr.o                           88
    memset.o                           20
    strchr.o                           22
    strlen.o                           54
    zero_init3.o                       58
    -------------------------------------------------------
    Total:                          1'326

shb_l.a: [5]
    ABIassert.o                        36
    close.o                            24
    dwrite.o                           30
    exit.o                             20
    iarttio.o                         124
    iarwrite.o                         34
    iarwstd.o                          32
    lseek.o                            74
    remove.o                           20
    unwind_debug.o                               1
    write.o                            16
    -------------------------------------------------------
    Total:                            410        1

    Gaps                               40        4
    Linker created                              36   15'360
-----------------------------------------------------------
    Grand Total:                   34'712    1'212   40'296


*******************************************************************************
*** ENTRY LIST
***

Entry                       Address    Size  Type      Object
-----                       -------    ----  ----      ------
.iar.init_table$$Base    0x800'88d0           --   Gb  - Linker created -
.iar.init_table$$Limit   0x800'88f4           --   Gb  - Linker created -
?main                    0x800'892d          Code  Gb  cmain.o [4]
ADC_ConversionStop_Disable
                         0x800'3a79    0x4a  Code  Gb  stm32f1xx_hal_adc.o [1]
ADC_DMAConvCplt          0x800'3ac5    0x4e  Code  Gb  stm32f1xx_hal_adc.o [1]
ADC_DMAError             0x800'3b21    0x1a  Code  Gb  stm32f1xx_hal_adc.o [1]
ADC_DMAHalfConvCplt      0x800'3b15     0xa  Code  Gb  stm32f1xx_hal_adc.o [1]
ADC_Enable               0x800'39e5    0x6e  Code  Gb  stm32f1xx_hal_adc.o [1]
ADC_endHandle           0x2000'60c8     0x4  Data  Gb  freertos.o [1]
AHBPrescTable            0x800'8a20    0x10  Data  Gb  system_stm32f1xx.o [1]
APBPrescTable            0x800'8a74     0x8  Data  Gb  system_stm32f1xx.o [1]
Aldata                  0x2000'60b8     0x8  Data  Lc  heap0.o [2]
BusFault_Handler         0x800'825b     0x2  Code  Gb  stm32f1xx_it.o [1]
CSTACK$$Base            0x2000'6170           --   Gb  - Linker created -
CSTACK$$Limit           0x2000'8970           --   Gb  - Linker created -
CacheMore                0x800'1235    0x28  Code  Lc  xlocale_c.o [2]
DMA1_Channel1_IRQHandler
                         0x800'8261     0xa  Code  Gb  stm32f1xx_it.o [1]
DMA_SetConfig            0x800'58f9    0x2c  Code  Lc  stm32f1xx_hal_dma.o [1]
DebugMon_Handler         0x800'825f     0x2  Code  Gb  stm32f1xx_it.o [1]
Error_Handler            0x800'5ec5     0x2  Code  Gb  main.o [1]
Flash_Read(settings_t *, unsigned int)
                         0x800'48a3    0x26  Code  Gb  flash_user.o [1]
Flash_Write(settings_t, unsigned int)
                         0x800'4869    0x3a  Code  Gb  flash_user.o [1]
HAL_ADC_ConfigChannel    0x800'3893   0x152  Code  Gb  stm32f1xx_hal_adc.o [1]
HAL_ADC_ConvCpltCallback
                         0x800'3187     0xc  Code  Gb  freertos.o [1]
HAL_ADC_Init             0x800'35cd   0x158  Code  Gb  stm32f1xx_hal_adc.o [1]
HAL_ADC_MspInit          0x800'519f    0xac  Code  Gb  adc.o [1]
HAL_ADC_Start_DMA        0x800'3725   0x16e  Code  Gb  stm32f1xx_hal_adc.o [1]
HAL_DMA_Abort_IT         0x800'5375   0x1b8  Code  Gb  stm32f1xx_hal_dma.o [1]
HAL_DMA_IRQHandler       0x800'5571   0x34e  Code  Gb  stm32f1xx_hal_dma.o [1]
HAL_DMA_Init             0x800'5269    0x88  Code  Gb  stm32f1xx_hal_dma.o [1]
HAL_DMA_Start_IT         0x800'52f1    0x84  Code  Gb  stm32f1xx_hal_dma.o [1]
HAL_GPIO_Init            0x800'4391   0x1cc  Code  Gb  stm32f1xx_hal_gpio.o [1]
HAL_GPIO_WritePin        0x800'455d    0x14  Code  Gb  stm32f1xx_hal_gpio.o [1]
HAL_GetTick              0x800'5925     0xc  Code  Wk  stm32f1xx_hal.o [1]
HAL_I2C_Init             0x800'7101   0x1d0  Code  Gb  stm32f1xx_hal_i2c.o [1]
HAL_I2C_MspInit          0x800'6529    0x58  Code  Gb  i2c.o [1]
HAL_IncTick              0x800'6db9    0x18  Code  Wk  stm32f1xx_hal.o [1]
HAL_Init                 0x800'63bd    0x20  Code  Gb  stm32f1xx_hal.o [1]
HAL_InitTick             0x800'702d    0x70  Code  Gb  stm32f1xx_hal_timebase_tim.o [1]
HAL_MspInit              0x800'70ad    0x54  Code  Gb  stm32f1xx_hal_msp.o [1]
HAL_NVIC_EnableIRQ       0x800'639f     0xa  Code  Gb  stm32f1xx_hal_cortex.o [1]
HAL_NVIC_SetPriority     0x800'637d    0x22  Code  Gb  stm32f1xx_hal_cortex.o [1]
HAL_NVIC_SetPriorityGrouping
                         0x800'6375     0x8  Code  Gb  stm32f1xx_hal_cortex.o [1]
HAL_RCCEx_PeriphCLKConfig
                         0x800'6cb5    0xee  Code  Gb  stm32f1xx_hal_rcc_ex.o [1]
HAL_RCC_ClockConfig      0x800'6a33   0x146  Code  Gb  stm32f1xx_hal_rcc.o [1]
HAL_RCC_GetClockConfig   0x800'6c0d    0x34  Code  Gb  stm32f1xx_hal_rcc.o [1]
HAL_RCC_GetHCLKFreq      0x800'6bdb     0x6  Code  Gb  stm32f1xx_hal_rcc.o [1]
HAL_RCC_GetPCLK1Freq     0x800'6be1    0x16  Code  Gb  stm32f1xx_hal_rcc.o [1]
HAL_RCC_GetPCLK2Freq     0x800'6bf7    0x16  Code  Gb  stm32f1xx_hal_rcc.o [1]
HAL_RCC_GetSysClockFreq
                         0x800'6b79    0x62  Code  Gb  stm32f1xx_hal_rcc.o [1]
HAL_RCC_OscConfig        0x800'6661   0x3d2  Code  Gb  stm32f1xx_hal_rcc.o [1]
HAL_TIMEx_BreakCallback
                         0x800'5ec7     0x2  Code  Wk  stm32f1xx_hal_tim_ex.o [1]
HAL_TIMEx_CommutCallback
                         0x800'5ecb     0x2  Code  Wk  stm32f1xx_hal_tim_ex.o [1]
HAL_TIMEx_ConfigBreakDeadTime
                         0x800'6279    0x5a  Code  Gb  stm32f1xx_hal_tim_ex.o [1]
HAL_TIMEx_MasterConfigSynchronization
                         0x800'61e9    0x7c  Code  Gb  stm32f1xx_hal_tim_ex.o [1]
HAL_TIM_Base_Init        0x800'3b3d    0x6e  Code  Gb  stm32f1xx_hal_tim.o [1]
HAL_TIM_Base_MspInit     0x800'5c53    0x6c  Code  Gb  tim.o [1]
HAL_TIM_Base_Start_IT    0x800'3bab    0x82  Code  Gb  stm32f1xx_hal_tim.o [1]
HAL_TIM_Base_Stop_IT     0x800'3c2d    0x3a  Code  Gb  stm32f1xx_hal_tim.o [1]
HAL_TIM_ConfigClockSource
                         0x800'400f    0xe8  Code  Gb  stm32f1xx_hal_tim.o [1]
HAL_TIM_IRQHandler       0x800'3d57   0x176  Code  Gb  stm32f1xx_hal_tim.o [1]
HAL_TIM_MspPostInit      0x800'5ce1    0x7a  Code  Gb  tim.o [1]
HAL_TIM_OC_ConfigChannel
                         0x800'3ecd    0x52  Code  Gb  stm32f1xx_hal_tim.o [1]
HAL_TIM_OC_Init          0x800'3c67    0x6e  Code  Gb  stm32f1xx_hal_tim.o [1]
HAL_TIM_OC_MspInit       0x800'5cbf    0x22  Code  Gb  tim.o [1]
HAL_TIM_PWM_ConfigChannel
                         0x800'3f1f    0xf0  Code  Gb  stm32f1xx_hal_tim.o [1]
HAL_TIM_PWM_Init         0x800'3ce9    0x6e  Code  Gb  stm32f1xx_hal_tim.o [1]
HAL_TIM_PeriodElapsedCallback
                         0x800'5ea9    0x10  Code  Gb  main.o [1]
HAL_UART_IRQHandler      0x800'742b   0x138  Code  Gb  stm32f1xx_hal_uart.o [1]
HAL_UART_Init            0x800'72e9    0x76  Code  Gb  stm32f1xx_hal_uart.o [1]
HAL_UART_MspInit         0x800'65cd    0x7e  Code  Gb  usart.o [1]
HAL_UART_Transmit        0x800'735f    0xcc  Code  Gb  stm32f1xx_hal_uart.o [1]
HEAP$$Base              0x2000'8970           --   Gb  - Linker created -
HEAP$$Limit             0x2000'9d70           --   Gb  - Linker created -
HardFault_Handler        0x800'8257     0x2  Code  Gb  stm32f1xx_it.o [1]
MX_ADC1_Init             0x800'5115    0x8a  Code  Gb  adc.o [1]
MX_DMA_Init              0x800'64c5    0x2c  Code  Gb  dma.o [1]
MX_FREERTOS_Init()       0x800'3075    0x4a  Code  Gb  freertos.o [1]
MX_GPIO_Init             0x800'63e1    0xe4  Code  Gb  gpio.o [1]
MX_I2C1_Init             0x800'64f1    0x38  Code  Gb  i2c.o [1]
MX_TIM1_Init             0x800'5935   0x134  Code  Gb  tim.o [1]
MX_TIM3_Init             0x800'5a69    0x80  Code  Gb  tim.o [1]
MX_TIM6_Init             0x800'5ae9    0x4a  Code  Gb  tim.o [1]
MX_TIM8_Init             0x800'5b33   0x120  Code  Gb  tim.o [1]
MX_USART2_UART_Init      0x800'6599    0x34  Code  Gb  usart.o [1]
MainTaskHandle          0x2000'60c0     0x4  Data  Gb  freertos.o [1]
MemManage_Handler        0x800'8259     0x2  Code  Gb  stm32f1xx_it.o [1]
ModBus(void const *)     0x800'3169    0x1e  Code  Gb  freertos.o [1]
ModbusHandle            0x2000'60c4     0x4  Data  Gb  freertos.o [1]
NMI_Handler              0x800'8255     0x2  Code  Gb  stm32f1xx_it.o [1]
NVIC_EncodePriority      0x800'6339    0x3c  Code  Lc  stm32f1xx_hal_cortex.o [1]
PendSV_Handler           0x800'331d          Code  Gb  portasm.o [1]
RCC_Delay                0x800'6c41    0x24  Code  Lc  stm32f1xx_hal_rcc.o [1]
Region$$Table$$Base      0x800'88d0           --   Gb  - Linker created -
Region$$Table$$Limit     0x800'88f4           --   Gb  - Linker created -
SHT$$INIT_ARRAY$$Base    0x800'8b6c           --   Gb  - Linker created -
SHT$$INIT_ARRAY$$Limit   0x800'8b70           --   Gb  - Linker created -
SHT$$PREINIT_ARRAY$$Base
                         0x800'8b6c           --   Gb  - Linker created -
SHT$$PREINIT_ARRAY$$Limit
                         0x800'8b6c           --   Gb  - Linker created -
SVC_Handler              0x800'3363          Code  Gb  portasm.o [1]
Sensor1                 0x2000'5fb0    0x24  Data  Gb  freertos.o [1]
Sensor2                 0x2000'5fd4    0x24  Data  Gb  freertos.o [1]
Sensor3                 0x2000'5ff8    0x24  Data  Gb  freertos.o [1]
SysTick_Handler          0x800'2f89    0x28  Code  Gb  port.o [1]
SystemClock_Config()     0x800'5e19    0x90  Code  Gb  main.o [1]
SystemCoreClock         0x2000'0098     0x4  Data  Gb  system_stm32f1xx.o [1]
SystemInit               0x800'879d    0x3e  Code  Gb  system_stm32f1xx.o [1]
TIM6_IRQHandler          0x800'82c3    0x38  Code  Gb  stm32f1xx_it.o [1]
TIM7_IRQHandler          0x800'82fb     0xa  Code  Gb  stm32f1xx_it.o [1]
TIM_Base_SetConfig       0x800'40f7    0x8a  Code  Gb  stm32f1xx_hal_tim.o [1]
TIM_ETR_SetConfig        0x800'437b    0x16  Code  Gb  stm32f1xx_hal_tim.o [1]
TIM_ITRx_SetConfig       0x800'436b    0x10  Code  Lc  stm32f1xx_hal_tim.o [1]
TIM_OC1_SetConfig        0x800'4181    0x64  Code  Lc  stm32f1xx_hal_tim.o [1]
TIM_OC2_SetConfig        0x800'41e5    0x6e  Code  Gb  stm32f1xx_hal_tim.o [1]
TIM_OC3_SetConfig        0x800'4253    0x6c  Code  Lc  stm32f1xx_hal_tim.o [1]
TIM_OC4_SetConfig        0x800'42bf    0x4c  Code  Lc  stm32f1xx_hal_tim.o [1]
TIM_TI1_ConfigInputStage
                         0x800'4321    0x24  Code  Lc  stm32f1xx_hal_tim.o [1]
TIM_TI2_ConfigInputStage
                         0x800'4345    0x26  Code  Lc  stm32f1xx_hal_tim.o [1]
UART_DMAAbortOnError     0x800'75f1    0x12  Code  Lc  stm32f1xx_hal_uart.o [1]
UART_EndRxTransfer       0x800'75d1    0x20  Code  Lc  stm32f1xx_hal_uart.o [1]
UART_EndTransmit_IT      0x800'7667    0x1c  Code  Lc  stm32f1xx_hal_uart.o [1]
UART_Receive_IT          0x800'7683    0xa4  Code  Lc  stm32f1xx_hal_uart.o [1]
UART_SetConfig           0x800'7727    0xce  Code  Lc  stm32f1xx_hal_uart.o [1]
UART_Transmit_IT         0x800'7605    0x62  Code  Lc  stm32f1xx_hal_uart.o [1]
UART_WaitOnFlagUntilTimeout
                         0x800'7563    0x6e  Code  Lc  stm32f1xx_hal_uart.o [1]
USART2_IRQHandler        0x800'826b    0x58  Code  Gb  stm32f1xx_it.o [1]
UsageFault_Handler       0x800'825d     0x2  Code  Gb  stm32f1xx_it.o [1]
_Close_all               0x800'8849    0x3c  Code  Gb  xcloseall.o [2]
_Encoding_8859_1_Mbrlen
                         0x800'12d5     0x2  Code  Gb  xencoding_8859_1.o [2]
_Encoding_8859_1_Wctomb
                         0x800'12c3    0x12  Code  Gb  xencoding_8859_1.o [2]
_Files                  0x2000'01f4    0x20  Data  Gb  xfiles.o [2]
_Fofree                  0x800'8499    0x96  Code  Gb  xfofind.o [2]
_Fspos                   0x800'7f3d    0xd8  Code  Gb  xfspos.o [2]
_Fwprep                  0x800'8325    0xb4  Code  Gb  xfwprep.o [2]
_LitobFull               0x800'1043   0x10a  Code  Lc  xprintffull.o [2]
_Locale_lconv           0x2000'009c    0x38  Data  Lc  xlocale_c.o [2]
_Nnl                     0x800'80c1     0xc  Code  Gb  xfgpos.o [2]
_PrintfFull              0x800'0131   0xcc4  Code  Gb  xprintffull.o [2]
_Prout                   0x800'89ed    0x16  Code  Gb  xprout.o [2]
_PutcharsFull            0x800'11b5    0x2e  Code  Lc  xprintffull.o [2]
_PutstrFull              0x800'0f83    0xc0  Code  Lc  xprintffull.o [2]
_PuttxtFull              0x800'0e77   0x10c  Code  Lc  xprintffull.o [2]
__NVIC_EnableIRQ         0x800'62f9    0x1c  Code  Lc  stm32f1xx_hal_cortex.o [1]
__NVIC_GetPriorityGrouping
                         0x800'62ef     0xa  Code  Lc  stm32f1xx_hal_cortex.o [1]
__NVIC_SetPriority       0x800'6315    0x24  Code  Lc  stm32f1xx_hal_cortex.o [1]
__NVIC_SetPriorityGrouping
                         0x800'62d5    0x1a  Code  Lc  stm32f1xx_hal_cortex.o [1]
__aeabi_assert           0x800'6fc9    0x24  Code  Gb  ABIassert.o [5]
__aeabi_cdcmple          0x800'14c9          Code  Gb  DblCmpLe.o [3]
__aeabi_cdrcmple         0x800'14f9          Code  Gb  DblCmpGe.o [3]
__aeabi_d2iz             0x800'1665          Code  Gb  DblToS32.o [3]
__aeabi_d2uiz            0x800'19f1          Code  Gb  DblToU32.o [3]
__aeabi_ddiv             0x800'17a9          Code  Gb  DblDiv.o [3]
__aeabi_dmul             0x800'1a35          Code  Gb  DblMul.o [3]
__aeabi_dsub             0x800'16c5          Code  Gb  DblSub.o [3]
__aeabi_i2d              0x800'16a1          Code  Gb  S32ToDbl.o [3]
__aeabi_ldiv0            0x800'1f85          Code  Gb  I64DivZer.o [4]
__aeabi_memclr           0x800'5ecd          Code  Gb  ABImemclr.o [4]
__aeabi_memcpy           0x800'13b1          Code  Gb  ABImemcpy.o [4]
__aeabi_memcpy4          0x800'13d1          Code  Gb  ABImemcpy.o [4]
__aeabi_memcpy8          0x800'13d1          Code  Gb  ABImemcpy.o [4]
__aeabi_memset           0x800'6dd1          Code  Gb  ABImemset.o [4]
__aeabi_ui2d             0x800'1a19          Code  Gb  U32ToDbl.o [3]
__aeabi_uldivmod         0x800'1be1          Code  Gb  I64DivMod.o [4]
__basic_free             0x800'7c83    0x16  Code  Gb  heap0.o [2]
__basic_free_intern      0x800'7c99    0x74  Code  Lc  heap0.o [2]
__basic_malloc           0x800'7bd9    0x18  Code  Gb  heap0.o [2]
__basic_malloc_intern    0x800'7bf1    0x92  Code  Lc  heap0.o [2]
__call_ctors             0x800'8915    0x18  Code  Gb  cppinit.o [2]
__cexit_closeall         0x800'8957          Code  Gb  cexit.o [4]
__close                  0x800'863b    0x18  Code  Gb  close.o [5]
__cmain                  0x800'892d          Code  Gb  cmain.o [4]
__cstart_closeall        0x800'8b70          Data  Gb  cstart_closeall.o [4]
__data_GetMemChunk       0x800'7d11    0x2c  Code  Gb  xgetmemchunk.o [2]
__data_GetMemChunk::start
                        0x2000'614c     0x4  Data  Lc  xgetmemchunk.o [2]
__dwrite                 0x800'81f5    0x1e  Code  Gb  dwrite.o [5]
__exit                   0x800'1f89    0x14  Code  Gb  exit.o [5]
__iar_Fail_s             0x800'12e1    0x1c  Code  Gb  xfail_s.o [2]
__iar_Mbcurmax           0x800'1bd7     0xa  Code  Gb  xmbcurmax.o [2]
__iar_Memchr             0x800'1359          Code  Gb  memchr.o [4]
__iar_Memset             0x800'6dd1          Code  Gb  ABImemset.o [4]
__iar_Memset_word        0x800'6dd9          Code  Gb  ABImemset.o [4]
__iar_Stderr            0x2000'01ac    0x48  Data  Gb  xfiles.o [2]
__iar_Stdin             0x2000'011c    0x48  Data  Gb  xfiles.o [2]
__iar_Stdout            0x2000'0164    0x48  Data  Gb  xfiles.o [2]
__iar_Strchr             0x800'12ad          Code  Gb  strchr.o [4]
__iar_close_ttio         0x800'1f9d    0x2c  Code  Gb  iarttio.o [5]
__iar_cstart_call_ctors
                         0x800'88f5    0x20  Code  Gb  cmain_call_ctors.o [4]
__iar_dadd               0x800'16d5          Code  Gb  DblSub.o [3]
__iar_data_init3         0x800'8885    0x28  Code  Gb  data_init.o [4]
__iar_debug_exceptions   0x800'1526     0x1  Data  Gb  unwind_debug.o [5]
__iar_dsub               0x800'1e19          Code  Gb  DblAdd.o [3]
__iar_dsubStart          0x800'1e2b          Code  Gb  DblAdd.o [3]
__iar_frexp              0x800'1465          Code  Gb  frexp.o [3]
__iar_frexp64            0x800'1459          Code  Gb  frexp.o [3]
__iar_frexpl             0x800'1465          Code  Gb  frexp.o [3]
__iar_get_ttio           0x800'1fc9    0x4c  Code  Gb  iarttio.o [5]
__iar_globLocale        0x2000'00d4    0x48  Data  Lc  xlocale_c.o [2]
__iar_global_Locale      0x800'1231     0x4  Code  Gb  xlocale_c.o [2]
__iar_ldexp64            0x800'1529          Code  Gb  ldexp.o [3]
__iar_lookup_ttioh       0x800'2047     0x4  Code  Gb  XShttio.o [2]
__iar_lz77_init_single3
                         0x800'8667    0x78  Code  Gb  lz77_init_single.o [4]
__iar_program_start      0x800'8a59          Code  Gb  cstartup_M.o [4]
__iar_scalbln64          0x800'1529          Code  Gb  ldexp.o [3]
__iar_scalbn64           0x800'1529          Code  Gb  ldexp.o [3]
__iar_sh_Discard         0x800'8129    0x42  Code  Gb  XShHandles.o [2]
__iar_sh_Move            0x800'816b    0x46  Code  Gb  XShHandles.o [2]
__iar_sh_Pos             0x800'81b1    0x3e  Code  Gb  XShHandles.o [2]
__iar_sh_stdout          0x800'8213    0x20  Code  Gb  iarwstd.o [5]
__iar_sh_write           0x800'8233    0x22  Code  Gb  iarwrite.o [5]
__iar_tls$$INIT_ARRAY$$Base
                         0x800'8b70           --   Gb  - Linker created -
__iar_tls$$INIT_ARRAY$$Limit
                         0x800'8b70           --   Gb  - Linker created -
__iar_ttio_guard_lock    0x800'2019    0x1e  Code  Gb  XShttio.o [2]
__iar_ttio_guard_unlock
                         0x800'2037    0x10  Code  Gb  XShttio.o [2]
__iar_ttio_handles      0x2000'0214     0x8  Data  Lc  XShttio.o [2]
__iar_zero_init3         0x800'11f7    0x3a  Code  Gb  zero_init3.o [4]
__low_level_init         0x800'894b     0x4  Code  Gb  low_level_init.o [2]
__lseek                  0x800'80cd    0x4a  Code  Gb  lseek.o [5]
__sti__routine           0x800'3051    0x16  Code  Lc  freertos.o [1]
__vector_table           0x800'0000          Data  Gb  startup_stm32f103xe.o [1]
__write                  0x800'8117    0x10  Code  Gb  write.o [5]
_call_main               0x800'8939          Code  Gb  cmain.o [4]
_exit                    0x800'8955          Code  Gb  cexit.o [4]
_gLocale_mblen           0x800'1299     0x4  Code  Gb  xlocale_c.o [2]
_gLocale_mblenInt        0x800'125d    0x2c  Code  Gb  xlocale_c.o [2]
_gLocale_wctomb          0x800'129d     0x4  Code  Gb  xlocale_c.o [2]
_gLocale_wctombInt       0x800'1295     0x4  Code  Gb  xlocale_c.o [2]
_main                    0x800'8947          Code  Gb  cmain.o [4]
abort                    0x800'1e11     0x6  Code  Gb  abort.o [2]
adc_buffer              0x2000'5040   0x800  Data  Gb  freertos.o [1]
aucCRCHi                 0x800'7d3c   0x100  Data  Lc  mbcrc.o [1]
aucCRCLo                 0x800'7e3c   0x100  Data  Lc  mbcrc.o [1]
call                    0x2000'6150     0x2  Data  Gb  freertos.o [1]
downcounter             0x2000'615c     0x2  Data  Gb  porttimer.o [1]
eMBCurrentMode          0x2000'615f     0x1  Data  Lc  mb.o [1]
eMBEnable                0x800'4703    0x20  Code  Gb  mb.o [1]
eMBFuncReadCoils         0x800'7a3f    0x9e  Code  Gb  mbfunccoils.o [1]
eMBFuncReadDiscreteInputs
                         0x800'83fd    0x9c  Code  Gb  mbfuncdisc.o [1]
eMBFuncReadHoldingRegister
                         0x800'78ad    0x84  Code  Gb  mbfuncholding.o [1]
eMBFuncReadInputRegister
                         0x800'8539    0x84  Code  Gb  mbfuncinput.o [1]
eMBFuncReadWriteMultipleHoldingRegister
                         0x800'7931    0xea  Code  Gb  mbfuncholding.o [1]
eMBFuncReportSlaveID     0x800'88ad    0x1c  Code  Gb  mbfuncother.o [1]
eMBFuncWriteCoil         0x800'7add    0x6c  Code  Gb  mbfunccoils.o [1]
eMBFuncWriteHoldingRegister
                         0x800'7803    0x3a  Code  Gb  mbfuncholding.o [1]
eMBFuncWriteMultipleCoils
                         0x800'7b49    0x8e  Code  Gb  mbfunccoils.o [1]
eMBFuncWriteMultipleHoldingRegister
                         0x800'783d    0x70  Code  Gb  mbfuncholding.o [1]
eMBInit                  0x800'4669    0x9a  Code  Gb  mb.o [1]
eMBPoll                  0x800'4723    0xe4  Code  Gb  mb.o [1]
eMBPoll::eException     0x2000'6162     0x1  Data  Lc  mb.o [1]
eMBPoll::ucFunctionCode
                        0x2000'6161     0x1  Data  Lc  mb.o [1]
eMBPoll::ucMBFrame      0x2000'60fc     0x4  Data  Lc  mb.o [1]
eMBPoll::ucRcvAddress   0x2000'6160     0x1  Data  Lc  mb.o [1]
eMBPoll::usLength       0x2000'6152     0x2  Data  Lc  mb.o [1]
eMBRTUInit               0x800'5ed5    0x46  Code  Gb  mbrtu.o [1]
eMBRTUReceive            0x800'5f49    0x6a  Code  Gb  mbrtu.o [1]
eMBRTUSend               0x800'5fb3    0x60  Code  Gb  mbrtu.o [1]
eMBRTUStart              0x800'5f1b    0x1a  Code  Gb  mbrtu.o [1]
eMBRTUStop               0x800'5f35    0x14  Code  Gb  mbrtu.o [1]
eMBRegCoilsCB            0x800'3315     0x4  Code  Gb  freertos.o [1]
eMBRegDiscreteCB         0x800'3319     0x4  Code  Gb  freertos.o [1]
eMBRegHoldingCB          0x800'3199   0x126  Code  Gb  freertos.o [1]
eMBRegInputCB            0x800'3193     0x6  Code  Gb  freertos.o [1]
eMBState                0x2000'021d     0x1  Data  Lc  mb.o [1]
eQueuedEvent            0x2000'6166     0x1  Data  Lc  portevent.o [1]
eRcvState               0x2000'6164     0x1  Data  Lc  mbrtu.o [1]
eSndState               0x2000'6163     0x1  Data  Lc  mbrtu.o [1]
ebuf                    0x2000'5cf4    0x50  Data  Lc  xfiles.o [2]
exit                     0x800'894f     0x4  Code  Gb  exit.o [2]
fclose                   0x800'85bd    0x7e  Code  Gb  fclose.o [2]
fflush                   0x800'8089    0x34  Code  Gb  fflush.o [2]
fflushOne                0x800'8015    0x74  Code  Lc  fflush.o [2]
filter::Filter_SMA(unsigned short)
                         0x800'45c1    0x5e  Code  Gb  filter_sma.o [1]
filter::Get_Result()     0x800'461f     0x4  Code  Gb  filter_sma.o [1]
filter::filter()         0x800'4623    0x1c  Code  Gb  filter_sma.o [1]
filter::filter() [subobject]
                         0x800'45b9     0x8  Code  Gb  filter_sma.o [1]
flash_erase_page(unsigned int)
                         0x800'48d9    0x2a  Code  Gb  flash_user.o [1]
flash_lock()             0x800'490f     0xc  Code  Gb  flash_user.o [1]
flash_ready()            0x800'48c9    0x10  Code  Gb  flash_user.o [1]
flash_unlock()           0x800'4903     0xc  Code  Gb  flash_user.o [1]
flash_write(unsigned int, unsigned int)
                         0x800'491b    0x3a  Code  Gb  flash_user.o [1]
fputc                    0x800'87f5    0x54  Code  Gb  fputc.o [2]
free                     0x800'8535     0x4  Code  Gb  heaptramp0.o [2]
frexp                    0x800'1459          Code  Gb  frexp.o [3]
frexpl                   0x800'1459          Code  Gb  frexp.o [3]
fseek                    0x800'83d9    0x24  Code  Gb  fseek.o [2]
hadc1                   0x2000'5f80    0x30  Data  Gb  adc.o [1]
hdma_adc1               0x2000'5efc    0x44  Data  Gb  adc.o [1]
hi2c1                   0x2000'5ca0    0x54  Data  Gb  i2c.o [1]
htim1                   0x2000'5ddc    0x48  Data  Gb  tim.o [1]
htim3                   0x2000'5e24    0x48  Data  Gb  tim.o [1]
htim6                   0x2000'5e6c    0x48  Data  Gb  tim.o [1]
htim7                   0x2000'5d94    0x48  Data  Gb  stm32f1xx_hal_timebase_tim.o [1]
htim8                   0x2000'5eb4    0x48  Data  Gb  tim.o [1]
huart2                  0x2000'5f40    0x40  Data  Gb  usart.o [1]
inHandlerMode            0x800'3427    0x12  Code  Lc  cmsis_os.o [1]
ldexp                    0x800'1529          Code  Gb  ldexp.o [3]
ldexpl                   0x800'1529          Code  Gb  ldexp.o [3]
localeconv               0x800'12a1     0x4  Code  Gb  xlocale_c.o [2]
main                     0x800'5d95    0x84  Code  Gb  main.o [1]
mainTask(void const *)   0x800'30bf    0xaa  Code  Gb  freertos.o [1]
makeFreeRtosPriority     0x800'3411    0x16  Code  Lc  cmsis_os.o [1]
memchr                   0x800'1359          Code  Gb  memchr.o [4]
memset                   0x800'61d5    0x14  Code  Gb  memset.o [4]
obuf                    0x2000'5d44    0x50  Data  Lc  xfiles.o [2]
osDelay                  0x800'34a1    0x16  Code  Gb  cmsis_os.o [1]
osKernelStart            0x800'3439     0xa  Code  Gb  cmsis_os.o [1]
osSemaphoreCreate        0x800'34b7    0x4a  Code  Gb  cmsis_os.o [1]
osSemaphoreRelease       0x800'3575    0x52  Code  Gb  cmsis_os.o [1]
osSemaphoreWait          0x800'3501    0x74  Code  Gb  cmsis_os.o [1]
osThreadCreate           0x800'3443    0x5e  Code  Gb  cmsis_os.o [1]
pcInterruptPriorityRegisters
                         0x800'8a88     0x4  Data  Lc  port.o [1]
peMBFrameReceiveCur     0x2000'60e8     0x4  Data  Lc  mb.o [1]
peMBFrameSendCur        0x2000'60dc     0x4  Data  Lc  mb.o [1]
printf                   0x800'4641    0x28  Code  Gb  printf.o [2]
prvAddCurrentTaskToDelayedList
                         0x800'2ab1    0x6e  Code  Lc  tasks.o [1]
prvAddNewTaskToReadyList
                         0x800'21f3    0x9a  Code  Lc  tasks.o [1]
prvCheckTasksWaitingTermination
                         0x800'2791    0x38  Code  Lc  tasks.o [1]
prvCopyDataFromQueue     0x800'5041    0x2a  Code  Lc  queue.o [1]
prvCopyDataToQueue       0x800'4fbb    0x86  Code  Lc  queue.o [1]
prvDeleteTCB             0x800'27d1    0x42  Code  Lc  tasks.o [1]
prvGetDisinheritPriorityAfterTimeout
                         0x800'4fa7    0x14  Code  Lc  queue.o [1]
prvHeapInit              0x800'2cdf    0x5e  Code  Lc  heap_4.o [1]
prvIdleTask              0x800'270d    0x22  Code  Lc  tasks.o [1]
prvInitialiseNewQueue    0x800'4af5    0x1c  Code  Lc  queue.o [1]
prvInitialiseNewTask     0x800'2149    0xaa  Code  Lc  tasks.o [1]
prvInitialiseTaskLists   0x800'273d    0x50  Code  Lc  tasks.o [1]
prvInsertBlockIntoFreeList
                         0x800'2d3d    0x5e  Code  Lc  heap_4.o [1]
prvIsQueueEmpty          0x800'50d9    0x1c  Code  Lc  queue.o [1]
prvIsQueueFull           0x800'50f5    0x1e  Code  Lc  queue.o [1]
prvResetNextTaskUnblockTime
                         0x800'2813    0x28  Code  Lc  tasks.o [1]
prvTaskExitError         0x800'2e71    0x2a  Code  Lc  port.o [1]
prvUnlockQueue           0x800'506b    0x6e  Code  Lc  queue.o [1]
prveMBError2Exception    0x800'7a1d    0x22  Code  Gb  mbutils.o [1]
pucSndBufferCur         0x2000'6100     0x4  Data  Lc  mbrtu.o [1]
putchar                  0x800'8a05     0xc  Code  Gb  putchar.o [2]
pvMBFrameCloseCur       0x2000'60ec     0x4  Data  Lc  mb.o [1]
pvMBFrameStartCur       0x2000'60e0     0x4  Data  Lc  mb.o [1]
pvMBFrameStopCur        0x2000'60e4     0x4  Data  Lc  mb.o [1]
pvPortMalloc             0x800'2b59   0x114  Code  Gb  heap_4.o [1]
pvTaskIncrementMutexHeldCount
                         0x800'2a6d    0x16  Code  Gb  tasks.o [1]
pxCurrentTCB            0x2000'610c     0x4  Data  Gb  tasks.o [1]
pxDelayedTaskList       0x2000'6110     0x4  Data  Lc  tasks.o [1]
pxEnd                   0x2000'60cc     0x4  Data  Lc  heap_4.o [1]
pxMBFrameCBByteReceived
                        0x2000'60f0     0x4  Data  Gb  mb.o [1]
pxMBFrameCBTransmitterEmpty
                        0x2000'60f4     0x4  Data  Gb  mb.o [1]
pxMBPortCBTimerExpired  0x2000'60f8     0x4  Data  Gb  mb.o [1]
pxOverflowDelayedTaskList
                        0x2000'6114     0x4  Data  Lc  tasks.o [1]
pxPortInitialiseStack    0x800'2e51    0x20  Code  Gb  port.o [1]
pxReadyTasksLists       0x2000'5b40    0x8c  Data  Lc  tasks.o [1]
remove                   0x800'8653    0x14  Code  Gb  remove.o [5]
sFileInfo               0x2000'5bcc    0x80  Data  Lc  XShHandles.o [2]
scalbln                  0x800'1529          Code  Gb  ldexp.o [3]
scalblnl                 0x800'1529          Code  Gb  ldexp.o [3]
scalbn                   0x800'1529          Code  Gb  ldexp.o [3]
scalbnl                  0x800'1529          Code  Gb  ldexp.o [3]
scale                    0x800'114d    0x46  Code  Lc  xprintffull.o [2]
sec_hand                0x2000'6148     0x4  Data  Lc  xfail_s.o [2]
sensBuff                0x2000'60a0    0x10  Data  Gb  freertos.o [1]
sensState               0x2000'021c     0x1  Data  Gb  freertos.o [1]
sensor::Call(unsigned short *)
                         0x800'33df    0x32  Code  Gb  sensor.o [1]
sensor::detectPoll()     0x800'33c3    0x1c  Code  Gb  sensor.o [1]
sensor::sensor()         0x800'33a5    0x1e  Code  Gb  sensor.o [1]
serial                  0x2000'0090     0x4  Data  Gb  portserial.o [1]
settings                0x2000'0000     0xc  Data  Gb  main.o [1]
strchr                   0x800'12ad          Code  Gb  strchr.o [4]
strlen                   0x800'1321          Code  Gb  strlen.o [4]
timeout                 0x2000'615a     0x2  Data  Gb  porttimer.o [1]
ttio_guard              0x2000'6168     0x1  Data  Lc  XShttio.o [2]
ucHeap                  0x2000'0220  0x4e20  Data  Lc  heap_4.o [1]
ucMBAddress             0x2000'615e     0x1  Data  Lc  mb.o [1]
ucMBSlaveID             0x2000'601c    0x20  Data  Lc  mbfuncother.o [1]
ucMaxSysCallPriority    0x2000'6165     0x1  Data  Lc  port.o [1]
ucRTUBuf                0x2000'5a40   0x100  Data  Gb  mbrtu.o [1]
ulMaxPRIGROUPValue      0x2000'6104     0x4  Data  Lc  port.o [1]
usMBCRC16                0x800'6fed    0x40  Code  Gb  mbcrc.o [1]
usMBSlaveIDLen          0x2000'6154     0x2  Data  Lc  mbfuncother.o [1]
usRcvBufferPos          0x2000'6158     0x2  Data  Lc  mbrtu.o [1]
usSndBufferCount        0x2000'6156     0x2  Data  Lc  mbrtu.o [1]
uwTick                  0x2000'6108     0x4  Data  Gb  stm32f1xx_hal.o [1]
uwTickFreq              0x2000'021e     0x1  Data  Gb  stm32f1xx_hal.o [1]
uwTickPrio              0x2000'0094     0x4  Data  Gb  stm32f1xx_hal.o [1]
uxCriticalNesting       0x2000'008c     0x4  Data  Lc  port.o [1]
uxCurrentNumberOfTasks  0x2000'611c     0x4  Data  Lc  tasks.o [1]
uxDeletedTasksWaitingCleanUp
                        0x2000'6118     0x4  Data  Lc  tasks.o [1]
uxListRemove             0x800'2e2b    0x26  Code  Gb  list.o [1]
uxPendedTicks           0x2000'612c     0x4  Data  Lc  tasks.o [1]
uxSchedulerSuspended    0x2000'6144     0x4  Data  Lc  tasks.o [1]
uxTaskNumber            0x2000'6138     0x4  Data  Lc  tasks.o [1]
uxTopReadyPriority      0x2000'6124     0x4  Data  Lc  tasks.o [1]
vApplicationGetIdleTaskMemory
                         0x800'3067     0xe  Code  Gb  freertos.o [1]
vListInitialise          0x800'2db9    0x1e  Code  Gb  list.o [1]
vListInitialiseItem      0x800'2dd7     0x6  Code  Gb  list.o [1]
vListInsert              0x800'2df5    0x36  Code  Gb  list.o [1]
vListInsertEnd           0x800'2ddd    0x18  Code  Gb  list.o [1]
vMBPortSerialEnable      0x800'6e39    0x72  Code  Gb  portserial.o [1]
vMBPortTimersDisable     0x800'6fa9     0xa  Code  Gb  porttimer.o [1]
vMBPortTimersEnable      0x800'6f97    0x12  Code  Gb  porttimer.o [1]
vPortEnterCritical       0x800'2f29    0x34  Code  Gb  port.o [1]
vPortExitCritical        0x800'2f5d    0x2c  Code  Gb  port.o [1]
vPortFree                0x800'2c6d    0x72  Code  Gb  heap_4.o [1]
vPortStartFirstTask      0x800'3383          Code  Gb  portasm.o [1]
vPortValidateInterruptPriority
                         0x800'2fb1    0x4a  Code  Gb  port.o [1]
vTaskDelay               0x800'228d    0x4c  Code  Gb  tasks.o [1]
vTaskInternalSetTimeOutState
                         0x800'2663    0x12  Code  Gb  tasks.o [1]
vTaskMissedYield         0x800'26f7     0xa  Code  Gb  tasks.o [1]
vTaskPlaceOnEventList    0x800'25bb    0x2e  Code  Gb  tasks.o [1]
vTaskPriorityDisinheritAfterTimeout
                         0x800'29b9    0xb4  Code  Gb  tasks.o [1]
vTaskStartScheduler      0x800'22d9    0x8e  Code  Gb  tasks.o [1]
vTaskSuspendAll          0x800'2367     0xc  Code  Gb  tasks.o [1]
vTaskSwitchContext       0x800'254f    0x6c  Code  Gb  tasks.o [1]
xBlockAllocatedBit      0x2000'60d8     0x4  Data  Lc  heap_4.o [1]
xDelayedTaskList1       0x2000'603c    0x14  Data  Lc  tasks.o [1]
xDelayedTaskList2       0x2000'6050    0x14  Data  Lc  tasks.o [1]
xEventInQueue           0x2000'6167     0x1  Data  Lc  portevent.o [1]
xFreeBytesRemaining     0x2000'60d0     0x4  Data  Lc  heap_4.o [1]
xFuncHandlers           0x2000'000c    0x80  Data  Lc  mb.o [1]
xHeapStructSize          0x800'8a84     0x4  Data  Lc  heap_4.o [1]
xIdleStack              0x2000'5840   0x200  Data  Lc  freertos.o [1]
xIdleTaskHandle         0x2000'6140     0x4  Data  Lc  tasks.o [1]
xIdleTaskTCBBuffer      0x2000'5c4c    0x54  Data  Lc  freertos.o [1]
xMBPortEventGet          0x800'61b1    0x1c  Code  Gb  portevent.o [1]
xMBPortEventInit         0x800'6199     0xa  Code  Gb  portevent.o [1]
xMBPortEventPost         0x800'61a3     0xe  Code  Gb  portevent.o [1]
xMBPortSerialGetByte     0x800'6f2d     0xe  Code  Gb  portserial.o [1]
xMBPortSerialInit        0x800'6eab    0x64  Code  Gb  portserial.o [1]
xMBPortSerialPutByte     0x800'6f0f    0x1e  Code  Gb  portserial.o [1]
xMBPortTimersInit        0x800'6f49    0x4e  Code  Gb  porttimer.o [1]
xMBRTUReceiveFSM         0x800'6013    0x8a  Code  Gb  mbrtu.o [1]
xMBRTUTimerT35Expired    0x800'610b    0x5c  Code  Gb  mbrtu.o [1]
xMBRTUTransmitFSM        0x800'609d    0x6e  Code  Gb  mbrtu.o [1]
xMinimumEverFreeBytesRemaining
                        0x2000'60d4     0x4  Data  Lc  heap_4.o [1]
xNextTaskUnblockTime    0x2000'613c     0x4  Data  Lc  tasks.o [1]
xNumOfOverflows         0x2000'6134     0x4  Data  Lc  tasks.o [1]
xPendingReadyList       0x2000'6064    0x14  Data  Lc  tasks.o [1]
xPortStartScheduler      0x800'2e9b    0x8e  Code  Gb  port.o [1]
xQueueGenericCreate      0x800'4aa5    0x50  Code  Gb  queue.o [1]
xQueueGenericCreateStatic
                         0x800'49ff    0xa6  Code  Gb  queue.o [1]
xQueueGenericReset       0x800'496d    0x92  Code  Gb  queue.o [1]
xQueueGenericSend        0x800'4b11   0x196  Code  Gb  queue.o [1]
xQueueGiveFromISR        0x800'4ca7    0xb8  Code  Gb  queue.o [1]
xQueueReceiveFromISR     0x800'4ef9    0xae  Code  Gb  queue.o [1]
xQueueSemaphoreTake      0x800'4d5f   0x196  Code  Gb  queue.o [1]
xSchedulerRunning       0x2000'6128     0x4  Data  Lc  tasks.o [1]
xStart                  0x2000'60b0     0x8  Data  Lc  heap_4.o [1]
xSuspendedTaskList      0x2000'608c    0x14  Data  Lc  tasks.o [1]
xTaskCheckForTimeOut     0x800'2675    0x82  Code  Gb  tasks.o [1]
xTaskCreate              0x800'20d7    0x72  Code  Gb  tasks.o [1]
xTaskCreateStatic        0x800'2055    0x82  Code  Gb  tasks.o [1]
xTaskGetSchedulerState   0x800'2841    0x20  Code  Gb  tasks.o [1]
xTaskIncrementTick       0x800'2457    0xf8  Code  Gb  tasks.o [1]
xTaskPriorityDisinherit
                         0x800'2905    0xae  Code  Gb  tasks.o [1]
xTaskPriorityInherit     0x800'2861    0xa0  Code  Gb  tasks.o [1]
xTaskRemoveFromEventList
                         0x800'25e9    0x7a  Code  Gb  tasks.o [1]
xTaskResumeAll           0x800'2373    0xe4  Code  Gb  tasks.o [1]
xTasksWaitingTermination
                        0x2000'6078    0x14  Data  Lc  tasks.o [1]
xTickCount              0x2000'6120     0x4  Data  Lc  tasks.o [1]
xYieldPending           0x2000'6130     0x4  Data  Lc  tasks.o [1]


[1] = D:\Kicads Schem\IR_Controller\IRControll_Analog_Sensors\EWARM\IRControll_Programm\Obj
[2] = dl7M_tlf.a
[3] = m7M_tl.a
[4] = rt7M_tl.a
[5] = shb_l.a

  34'712 bytes of readonly  code memory
   1'212 bytes of readonly  data memory
  40'296 bytes of readwrite data memory

Errors: none
Warnings: none
