###############################################################################
#
# IAR ELF Linker V8.40.2.214/W32 for ARM                  18/Nov/2020  09:46:34
# Copyright 2007-2019 IAR Systems AB.
#
#    Output file  =
#        D:\Radio\Jobe\IR_Controller\IRControll_Programm\EWARM\IRControll_Programm\Exe\IRControll_Programm.out
#    Map file     =
#        D:\Radio\Jobe\IR_Controller\IRControll_Programm\EWARM\IRControll_Programm\List\IRControll_Programm.map
#    Command line =
#        -f C:\Users\IERIXO~1\AppData\Local\Temp\EW1F22.tmp
#        (D:\Radio\Jobe\IR_Controller\IRControll_Programm\EWARM\IRControll_Programm\Obj\cmsis_os.o
#        D:\Radio\Jobe\IR_Controller\IRControll_Programm\EWARM\IRControll_Programm\Obj\croutine.o
#        D:\Radio\Jobe\IR_Controller\IRControll_Programm\EWARM\IRControll_Programm\Obj\event_groups.o
#        D:\Radio\Jobe\IR_Controller\IRControll_Programm\EWARM\IRControll_Programm\Obj\flash.o
#        D:\Radio\Jobe\IR_Controller\IRControll_Programm\EWARM\IRControll_Programm\Obj\freertos.o
#        D:\Radio\Jobe\IR_Controller\IRControll_Programm\EWARM\IRControll_Programm\Obj\gpio.o
#        D:\Radio\Jobe\IR_Controller\IRControll_Programm\EWARM\IRControll_Programm\Obj\heap_4.o
#        D:\Radio\Jobe\IR_Controller\IRControll_Programm\EWARM\IRControll_Programm\Obj\i2c.o
#        D:\Radio\Jobe\IR_Controller\IRControll_Programm\EWARM\IRControll_Programm\Obj\list.o
#        D:\Radio\Jobe\IR_Controller\IRControll_Programm\EWARM\IRControll_Programm\Obj\main.o
#        D:\Radio\Jobe\IR_Controller\IRControll_Programm\EWARM\IRControll_Programm\Obj\mb.o
#        D:\Radio\Jobe\IR_Controller\IRControll_Programm\EWARM\IRControll_Programm\Obj\mbcrc.o
#        D:\Radio\Jobe\IR_Controller\IRControll_Programm\EWARM\IRControll_Programm\Obj\mbfunccoils.o
#        D:\Radio\Jobe\IR_Controller\IRControll_Programm\EWARM\IRControll_Programm\Obj\mbfuncdiag.o
#        D:\Radio\Jobe\IR_Controller\IRControll_Programm\EWARM\IRControll_Programm\Obj\mbfuncdisc.o
#        D:\Radio\Jobe\IR_Controller\IRControll_Programm\EWARM\IRControll_Programm\Obj\mbfuncholding.o
#        D:\Radio\Jobe\IR_Controller\IRControll_Programm\EWARM\IRControll_Programm\Obj\mbfuncinput.o
#        D:\Radio\Jobe\IR_Controller\IRControll_Programm\EWARM\IRControll_Programm\Obj\mbfuncother.o
#        D:\Radio\Jobe\IR_Controller\IRControll_Programm\EWARM\IRControll_Programm\Obj\mbrtu.o
#        D:\Radio\Jobe\IR_Controller\IRControll_Programm\EWARM\IRControll_Programm\Obj\mbutils.o
#        D:\Radio\Jobe\IR_Controller\IRControll_Programm\EWARM\IRControll_Programm\Obj\port.o
#        D:\Radio\Jobe\IR_Controller\IRControll_Programm\EWARM\IRControll_Programm\Obj\portasm.o
#        D:\Radio\Jobe\IR_Controller\IRControll_Programm\EWARM\IRControll_Programm\Obj\portevent.o
#        D:\Radio\Jobe\IR_Controller\IRControll_Programm\EWARM\IRControll_Programm\Obj\portserial.o
#        D:\Radio\Jobe\IR_Controller\IRControll_Programm\EWARM\IRControll_Programm\Obj\porttimer.o
#        D:\Radio\Jobe\IR_Controller\IRControll_Programm\EWARM\IRControll_Programm\Obj\queue.o
#        D:\Radio\Jobe\IR_Controller\IRControll_Programm\EWARM\IRControll_Programm\Obj\startup_stm32f103xe.o
#        D:\Radio\Jobe\IR_Controller\IRControll_Programm\EWARM\IRControll_Programm\Obj\stm32f1xx_hal.o
#        D:\Radio\Jobe\IR_Controller\IRControll_Programm\EWARM\IRControll_Programm\Obj\stm32f1xx_hal_cortex.o
#        D:\Radio\Jobe\IR_Controller\IRControll_Programm\EWARM\IRControll_Programm\Obj\stm32f1xx_hal_dma.o
#        D:\Radio\Jobe\IR_Controller\IRControll_Programm\EWARM\IRControll_Programm\Obj\stm32f1xx_hal_exti.o
#        D:\Radio\Jobe\IR_Controller\IRControll_Programm\EWARM\IRControll_Programm\Obj\stm32f1xx_hal_flash.o
#        D:\Radio\Jobe\IR_Controller\IRControll_Programm\EWARM\IRControll_Programm\Obj\stm32f1xx_hal_flash_ex.o
#        D:\Radio\Jobe\IR_Controller\IRControll_Programm\EWARM\IRControll_Programm\Obj\stm32f1xx_hal_gpio.o
#        D:\Radio\Jobe\IR_Controller\IRControll_Programm\EWARM\IRControll_Programm\Obj\stm32f1xx_hal_gpio_ex.o
#        D:\Radio\Jobe\IR_Controller\IRControll_Programm\EWARM\IRControll_Programm\Obj\stm32f1xx_hal_i2c.o
#        D:\Radio\Jobe\IR_Controller\IRControll_Programm\EWARM\IRControll_Programm\Obj\stm32f1xx_hal_msp.o
#        D:\Radio\Jobe\IR_Controller\IRControll_Programm\EWARM\IRControll_Programm\Obj\stm32f1xx_hal_pwr.o
#        D:\Radio\Jobe\IR_Controller\IRControll_Programm\EWARM\IRControll_Programm\Obj\stm32f1xx_hal_rcc.o
#        D:\Radio\Jobe\IR_Controller\IRControll_Programm\EWARM\IRControll_Programm\Obj\stm32f1xx_hal_rcc_ex.o
#        D:\Radio\Jobe\IR_Controller\IRControll_Programm\EWARM\IRControll_Programm\Obj\stm32f1xx_hal_tim.o
#        D:\Radio\Jobe\IR_Controller\IRControll_Programm\EWARM\IRControll_Programm\Obj\stm32f1xx_hal_tim_ex.o
#        D:\Radio\Jobe\IR_Controller\IRControll_Programm\EWARM\IRControll_Programm\Obj\stm32f1xx_hal_timebase_tim.o
#        D:\Radio\Jobe\IR_Controller\IRControll_Programm\EWARM\IRControll_Programm\Obj\stm32f1xx_hal_uart.o
#        D:\Radio\Jobe\IR_Controller\IRControll_Programm\EWARM\IRControll_Programm\Obj\stm32f1xx_it.o
#        D:\Radio\Jobe\IR_Controller\IRControll_Programm\EWARM\IRControll_Programm\Obj\stream_buffer.o
#        D:\Radio\Jobe\IR_Controller\IRControll_Programm\EWARM\IRControll_Programm\Obj\system_stm32f1xx.o
#        D:\Radio\Jobe\IR_Controller\IRControll_Programm\EWARM\IRControll_Programm\Obj\tasks.o
#        D:\Radio\Jobe\IR_Controller\IRControll_Programm\EWARM\IRControll_Programm\Obj\tim.o
#        D:\Radio\Jobe\IR_Controller\IRControll_Programm\EWARM\IRControll_Programm\Obj\timers.o
#        D:\Radio\Jobe\IR_Controller\IRControll_Programm\EWARM\IRControll_Programm\Obj\usart.o
#        --redirect _Printf=_PrintfFull --redirect _Scanf=_ScanfFull
#        --no_out_extension -o
#        D:\Radio\Jobe\IR_Controller\IRControll_Programm\EWARM\IRControll_Programm\Exe\IRControll_Programm.out
#        --map
#        D:\Radio\Jobe\IR_Controller\IRControll_Programm\EWARM\IRControll_Programm\List\IRControll_Programm.map
#        --config
#        D:\Radio\Jobe\IR_Controller\IRControll_Programm\EWARM/stm32f103xe_flash.icf
#        --semihosting --entry __iar_program_start --vfe --text_out locale)
#
###############################################################################

*******************************************************************************
*** RUNTIME MODEL ATTRIBUTES
***

CppFlavor       = *
__SystemLibrary = DLib
__dlib_version  = 6


*******************************************************************************
*** HEAP SELECTION
***

The basic heap was selected because no calls to memory allocation
functions were found in the application outside of system library
functions, and there are calls to deallocation functions in the
application.


*******************************************************************************
*** PLACEMENT SUMMARY
***

"A0":  place at address 0x800'0000 { ro section .intvec };
"P1":  place in [from 0x800'0000 to 0x807'ffff] { ro };
define block CSTACK with size = 1K, alignment = 8 { };
define block HEAP with size = 512, alignment = 8 { };
"P2":  place in [from 0x2000'0000 to 0x2000'ffff] {
          rw, block CSTACK, block HEAP };
initialize by copy { rw };

  Section            Kind         Address    Size  Object
  -------            ----         -------    ----  ------
"A0":                                       0x130
  .intvec            ro code   0x800'0000   0x130  startup_stm32f103xe.o [1]
                             - 0x800'0130   0x130

"P1":                                      0x4b78
  .text              ro code   0x800'0130   0x8c6  stm32f1xx_hal_tim.o [1]
  .text              ro code   0x800'09f6    0x3a  zero_init3.o [3]
  .text              ro code   0x800'0a30   0x3bc  tim.o [1]
  .text              ro code   0x800'0dec     0x2  stm32f1xx_hal_tim.o [1]
  .text              ro code   0x800'0dee     0x2  stm32f1xx_hal_tim.o [1]
  .text              ro code   0x800'0df0     0x2  stm32f1xx_hal_tim.o [1]
  .text              ro code   0x800'0df2     0x2  stm32f1xx_hal_tim.o [1]
  .text              ro code   0x800'0df4    0xfe  main.o [1]
  .text              ro code   0x800'0ef2     0x2  stm32f1xx_hal_tim_ex.o [1]
  .text              ro code   0x800'0ef4     0x2  stm32f1xx_hal_tim.o [1]
  .text              ro code   0x800'0ef6     0x2  stm32f1xx_hal_tim_ex.o [1]
  .text              ro code   0x800'0ef8    0x14  memset.o [3]
  .text              ro code   0x800'0f0c    0xea  stm32f1xx_hal_tim_ex.o [1]
  .rodata            const     0x800'0ff6     0x2  stm32f1xx_hal_rcc.o [1]
  .text              ro code   0x800'0ff8    0xe8  stm32f1xx_hal_cortex.o [1]
  .text              ro code   0x800'10e0   0x23c  stm32f1xx_hal_gpio.o [1]
  .text              ro code   0x800'131c    0x24  stm32f1xx_hal.o [1]
  .text              ro code   0x800'1340    0xf8  gpio.o [1]
  .text              ro code   0x800'1438    0xa8  i2c.o [1]
  .text              ro code   0x800'14e0    0xc8  usart.o [1]
  .text              ro code   0x800'15a8   0x108  flash.o [1]
  .text              ro code   0x800'16b0   0x48c  freertos.o [1]
  .text              ro code   0x800'1b3c    0x94  cmsis_os.o [1]
  .text              ro code   0x800'1bd0   0x654  stm32f1xx_hal_rcc.o [1]
  .text              ro code   0x800'2224    0x18  stm32f1xx_hal.o [1]
  .text              ro code   0x800'223c    0x66  ABImemset.o [3]
  .text              ro code   0x800'22a4    0x80  stm32f1xx_hal_timebase_tim.o [1]
  .text              ro code   0x800'2324    0x54  stm32f1xx_hal_msp.o [1]
  .text              ro code   0x800'2378   0x1e8  stm32f1xx_hal_i2c.o [1]
  .text              ro code   0x800'2560   0x514  stm32f1xx_hal_uart.o [1]
  .text              ro code   0x800'2a74    0xa6  ABImemcpy.o [3]
  .text              ro code   0x800'2b1c   0x200  mb.o [1]
  .text              ro code   0x800'2d1c   0x770  tasks.o [1]
  .text              ro code   0x800'348c     0xc  stm32f1xx_hal.o [1]
  .text              ro code   0x800'3498   0x1f0  stm32f1xx_hal_dma.o [1]
  .text              ro code   0x800'3688     0x2  stm32f1xx_hal_uart.o [1]
  .text              ro code   0x800'368a     0x2  stm32f1xx_hal_uart.o [1]
  .text              ro code   0x800'368c     0x2  stm32f1xx_hal_uart.o [1]
  .text              ro code   0x800'3690   0x2c4  mbrtu.o [1]
  .text              ro code   0x800'3954    0x3c  portevent.o [1]
  .text              ro code   0x800'3990   0x260  heap_4.o [1]
  .text              ro code   0x800'3bf0    0x98  list.o [1]
  .text              ro code   0x800'3c88   0x1ac  port.o [1]
  .text              ro code   0x800'3e34   0x110  portserial.o [1]
  .text              ro code   0x800'3f44    0x80  porttimer.o [1]
  .text              ro code   0x800'3fc4    0x24  ABIassert.o [4]
  .text              ro code   0x800'3fe8    0x40  mbcrc.o [1]
  CODE               ro code   0x800'4028    0x88  portasm.o [1]
  .text              ro code   0x800'40b0     0x6  abort.o [2]
  .text              ro code   0x800'40b8    0x14  exit.o [4]
  .text              ro code   0x800'40cc   0x218  mbfuncholding.o [1]
  .text              ro code   0x800'42e4    0x22  mbutils.o [1]
  .text              ro code   0x800'4306   0x198  mbfunccoils.o [1]
  .rodata            const     0x800'44a0   0x100  mbcrc.o [1]
  .rodata            const     0x800'45a0   0x100  mbcrc.o [1]
  .text              ro code   0x800'46a0    0xc4  stm32f1xx_it.o [1]
  .text              ro code   0x800'4764    0x9c  mbfuncdisc.o [1]
  .text              ro code   0x800'4800    0x84  mbfuncinput.o [1]
  .rodata            const     0x800'4884    0x64  mbrtu.o [1]
  .text              ro code   0x800'48e8    0x58  system_stm32f1xx.o [1]
  .rodata            const     0x800'4940    0x50  mbrtu.o [1]
  .text              ro code   0x800'4990    0x38  packbits_init_single.o [3]
  .text              ro code   0x800'49c8    0x28  data_init.o [3]
  .text              ro code   0x800'49f0    0x24  mbfuncother.o [1]
  .iar.init_table    const     0x800'4a14    0x20  - Linker created -
  .text              ro code   0x800'4a34    0x1e  cmain.o [3]
  .text              ro code   0x800'4a52     0x4  low_level_init.o [2]
  .text              ro code   0x800'4a56     0x4  exit.o [2]
  .text              ro code   0x800'4a5c     0xa  cexit.o [3]
  .rodata            const     0x800'4a68    0x1c  freertos.o [1]
  .rodata            const     0x800'4a84    0x1c  freertos.o [1]
  .rodata            const     0x800'4aa0    0x1c  mbrtu.o [1]
  .rodata            const     0x800'4abc    0x1c  mbrtu.o [1]
  .rodata            const     0x800'4ad8    0x18  mbrtu.o [1]
  .rodata            const     0x800'4af0    0x10  stm32f1xx_hal_rcc.o [1]
  .rodata            const     0x800'4b00    0x10  system_stm32f1xx.o [1]
  .text              ro code   0x800'4b10    0x10  startup_stm32f103xe.o [1]
  .rodata            const     0x800'4b20     0xc  freertos.o [1]
  .text              ro code   0x800'4b2c     0xc  cstartup_M.o [3]
  .rodata            const     0x800'4b38     0x8  freertos.o [1]
  .rodata            const     0x800'4b40     0x8  system_stm32f1xx.o [1]
  .rodata            const     0x800'4b48     0x8  tasks.o [1]
  .rodata            const     0x800'4b50     0x4  heap_4.o [1]
  .text              ro code   0x800'4b54     0x4  startup_stm32f103xe.o [1]
  .text              ro code   0x800'4b58     0x4  startup_stm32f103xe.o [1]
  .text              ro code   0x800'4b5c     0x4  startup_stm32f103xe.o [1]
  .text              ro code   0x800'4b60     0x4  startup_stm32f103xe.o [1]
  .text              ro code   0x800'4b64     0x4  startup_stm32f103xe.o [1]
  .text              ro code   0x800'4b68     0x4  startup_stm32f103xe.o [1]
  .text              ro code   0x800'4b6c     0x4  startup_stm32f103xe.o [1]
  .text              ro code   0x800'4b70     0x4  startup_stm32f103xe.o [1]
  .text              ro code   0x800'4b74     0x4  startup_stm32f103xe.o [1]
  .text              ro code   0x800'4b78     0x4  startup_stm32f103xe.o [1]
  .text              ro code   0x800'4b7c     0x4  startup_stm32f103xe.o [1]
  .text              ro code   0x800'4b80     0x4  startup_stm32f103xe.o [1]
  .text              ro code   0x800'4b84     0x4  startup_stm32f103xe.o [1]
  .text              ro code   0x800'4b88     0x4  startup_stm32f103xe.o [1]
  .text              ro code   0x800'4b8c     0x4  startup_stm32f103xe.o [1]
  .text              ro code   0x800'4b90     0x4  startup_stm32f103xe.o [1]
  .text              ro code   0x800'4b94     0x4  startup_stm32f103xe.o [1]
  .text              ro code   0x800'4b98     0x4  startup_stm32f103xe.o [1]
  .text              ro code   0x800'4b9c     0x4  startup_stm32f103xe.o [1]
  .text              ro code   0x800'4ba0     0x4  startup_stm32f103xe.o [1]
  .text              ro code   0x800'4ba4     0x4  startup_stm32f103xe.o [1]
  .text              ro code   0x800'4ba8     0x4  startup_stm32f103xe.o [1]
  .text              ro code   0x800'4bac     0x4  startup_stm32f103xe.o [1]
  .text              ro code   0x800'4bb0     0x4  startup_stm32f103xe.o [1]
  .text              ro code   0x800'4bb4     0x4  startup_stm32f103xe.o [1]
  .text              ro code   0x800'4bb8     0x4  startup_stm32f103xe.o [1]
  .text              ro code   0x800'4bbc     0x4  startup_stm32f103xe.o [1]
  .text              ro code   0x800'4bc0     0x4  startup_stm32f103xe.o [1]
  .text              ro code   0x800'4bc4     0x4  startup_stm32f103xe.o [1]
  .text              ro code   0x800'4bc8     0x4  startup_stm32f103xe.o [1]
  .text              ro code   0x800'4bcc     0x4  startup_stm32f103xe.o [1]
  .text              ro code   0x800'4bd0     0x4  startup_stm32f103xe.o [1]
  .text              ro code   0x800'4bd4     0x4  startup_stm32f103xe.o [1]
  .text              ro code   0x800'4bd8     0x4  startup_stm32f103xe.o [1]
  .text              ro code   0x800'4bdc     0x4  startup_stm32f103xe.o [1]
  .text              ro code   0x800'4be0     0x4  startup_stm32f103xe.o [1]
  .text              ro code   0x800'4be4     0x4  startup_stm32f103xe.o [1]
  .text              ro code   0x800'4be8     0x4  startup_stm32f103xe.o [1]
  .text              ro code   0x800'4bec     0x4  startup_stm32f103xe.o [1]
  .text              ro code   0x800'4bf0     0x4  startup_stm32f103xe.o [1]
  .text              ro code   0x800'4bf4     0x4  startup_stm32f103xe.o [1]
  .text              ro code   0x800'4bf8     0x4  startup_stm32f103xe.o [1]
  .text              ro code   0x800'4bfc     0x4  startup_stm32f103xe.o [1]
  .text              ro code   0x800'4c00     0x4  startup_stm32f103xe.o [1]
  .text              ro code   0x800'4c04     0x4  startup_stm32f103xe.o [1]
  .text              ro code   0x800'4c08     0x4  startup_stm32f103xe.o [1]
  .text              ro code   0x800'4c0c     0x4  startup_stm32f103xe.o [1]
  .text              ro code   0x800'4c10     0x4  startup_stm32f103xe.o [1]
  .text              ro code   0x800'4c14     0x4  startup_stm32f103xe.o [1]
  .text              ro code   0x800'4c18     0x4  startup_stm32f103xe.o [1]
  .text              ro code   0x800'4c1c     0x4  startup_stm32f103xe.o [1]
  .text              ro code   0x800'4c20     0x4  startup_stm32f103xe.o [1]
  .text              ro code   0x800'4c24     0x4  startup_stm32f103xe.o [1]
  .text              ro code   0x800'4c28     0x4  startup_stm32f103xe.o [1]
  .text              ro code   0x800'4c2c     0x4  startup_stm32f103xe.o [1]
  .text              ro code   0x800'4c30     0x4  startup_stm32f103xe.o [1]
  .text              ro code   0x800'4c34     0x4  startup_stm32f103xe.o [1]
  .rodata            const     0x800'4c38     0x0  zero_init3.o [3]
  .rodata            const     0x800'4c38     0x0  packbits_init_single.o [3]
  Initializer bytes  const     0x800'4c38    0x70  <for P2-1>
                             - 0x800'4ca8  0x4b78

"P2", part 1 of 3:                           0x9f
  P2-1                        0x2000'0000    0x9f  <Init block>
    .data            inited   0x2000'0000     0x4  freertos.o [1]
    .data            inited   0x2000'0004     0x8  main.o [1]
    .data            inited   0x2000'000c    0x80  mb.o [1]
    .data            inited   0x2000'008c     0x4  port.o [1]
    .data            inited   0x2000'0090     0x4  portserial.o [1]
    .data            inited   0x2000'0094     0x4  stm32f1xx_hal.o [1]
    .data            inited   0x2000'0098     0x4  system_stm32f1xx.o [1]
    .data            inited   0x2000'009c     0x1  freertos.o [1]
    .data            inited   0x2000'009d     0x1  mb.o [1]
    .data            inited   0x2000'009e     0x1  stm32f1xx_hal.o [1]
                            - 0x2000'009f    0x9f

"P2", part 2 of 3:                         0x54f0
  .bss               zero     0x2000'00a0  0x4e20  heap_4.o [1]
  .bss               zero     0x2000'4ec0   0x200  freertos.o [1]
  .bss               zero     0x2000'50c0   0x100  mbrtu.o [1]
  .bss               zero     0x2000'51c0    0x8c  tasks.o [1]
  .bss               zero     0x2000'524c    0x54  freertos.o [1]
  .bss               zero     0x2000'52a0    0x54  i2c.o [1]
  .bss               zero     0x2000'52f4    0x48  stm32f1xx_hal_timebase_tim.o [1]
  .bss               zero     0x2000'533c    0x48  tim.o [1]
  .bss               zero     0x2000'5384    0x48  tim.o [1]
  .bss               zero     0x2000'53cc    0x48  tim.o [1]
  .bss               zero     0x2000'5414    0x40  usart.o [1]
  .bss               zero     0x2000'5454    0x20  mbfuncother.o [1]
  .bss               zero     0x2000'5474    0x14  tasks.o [1]
  .bss               zero     0x2000'5488    0x14  tasks.o [1]
  .bss               zero     0x2000'549c    0x14  tasks.o [1]
  .bss               zero     0x2000'54b0    0x14  tasks.o [1]
  .bss               zero     0x2000'54c4    0x14  tasks.o [1]
  .bss               zero     0x2000'54d8    0x10  freertos.o [1]
  .bss               zero     0x2000'54e8     0x8  heap_4.o [1]
  .bss               zero     0x2000'54f0     0x4  freertos.o [1]
  .bss               zero     0x2000'54f4     0x4  freertos.o [1]
  .bss               zero     0x2000'54f8     0x4  freertos.o [1]
  .bss               zero     0x2000'54fc     0x4  heap_4.o [1]
  .bss               zero     0x2000'5500     0x4  heap_4.o [1]
  .bss               zero     0x2000'5504     0x4  heap_4.o [1]
  .bss               zero     0x2000'5508     0x4  heap_4.o [1]
  .bss               zero     0x2000'550c     0x4  mb.o [1]
  .bss               zero     0x2000'5510     0x4  mb.o [1]
  .bss               zero     0x2000'5514     0x4  mb.o [1]
  .bss               zero     0x2000'5518     0x4  mb.o [1]
  .bss               zero     0x2000'551c     0x4  mb.o [1]
  .bss               zero     0x2000'5520     0x4  mb.o [1]
  .bss               zero     0x2000'5524     0x4  mb.o [1]
  .bss               zero     0x2000'5528     0x4  mb.o [1]
  .bss               zero     0x2000'552c     0x4  mb.o [1]
  .bss               zero     0x2000'5530     0x4  mbrtu.o [1]
  .bss               zero     0x2000'5534     0x4  port.o [1]
  .bss               zero     0x2000'5538     0x4  stm32f1xx_hal.o [1]
  .bss               zero     0x2000'553c     0x4  tasks.o [1]
  .bss               zero     0x2000'5540     0x4  tasks.o [1]
  .bss               zero     0x2000'5544     0x4  tasks.o [1]
  .bss               zero     0x2000'5548     0x4  tasks.o [1]
  .bss               zero     0x2000'554c     0x4  tasks.o [1]
  .bss               zero     0x2000'5550     0x4  tasks.o [1]
  .bss               zero     0x2000'5554     0x4  tasks.o [1]
  .bss               zero     0x2000'5558     0x4  tasks.o [1]
  .bss               zero     0x2000'555c     0x4  tasks.o [1]
  .bss               zero     0x2000'5560     0x4  tasks.o [1]
  .bss               zero     0x2000'5564     0x4  tasks.o [1]
  .bss               zero     0x2000'5568     0x4  tasks.o [1]
  .bss               zero     0x2000'556c     0x4  tasks.o [1]
  .bss               zero     0x2000'5570     0x4  tasks.o [1]
  .bss               zero     0x2000'5574     0x4  tasks.o [1]
  .bss               zero     0x2000'5578     0x2  mb.o [1]
  .bss               zero     0x2000'557a     0x2  mbfuncother.o [1]
  .bss               zero     0x2000'557c     0x2  mbrtu.o [1]
  .bss               zero     0x2000'557e     0x2  mbrtu.o [1]
  .bss               zero     0x2000'5580     0x2  porttimer.o [1]
  .bss               zero     0x2000'5582     0x2  porttimer.o [1]
  .bss               zero     0x2000'5584     0x1  mb.o [1]
  .bss               zero     0x2000'5585     0x1  mb.o [1]
  .bss               zero     0x2000'5586     0x1  mb.o [1]
  .bss               zero     0x2000'5587     0x1  mb.o [1]
  .bss               zero     0x2000'5588     0x1  mb.o [1]
  .bss               zero     0x2000'5589     0x1  mbrtu.o [1]
  .bss               zero     0x2000'558a     0x1  mbrtu.o [1]
  .bss               zero     0x2000'558b     0x1  port.o [1]
  .bss               zero     0x2000'558c     0x1  portevent.o [1]
  .bss               zero     0x2000'558d     0x1  portevent.o [1]
                            - 0x2000'558e  0x54ee

"P2", part 3 of 3:                          0x400
  CSTACK                      0x2000'5590   0x400  <Block>
    CSTACK           uninit   0x2000'5590   0x400  <Block tail>
                            - 0x2000'5990   0x400

Unused ranges:

         From           To      Size
         ----           --      ----
   0x800'4ca8   0x807'ffff  0x7'b358
  0x2000'009f  0x2000'009f       0x1
  0x2000'5990  0x2000'ffff    0xa670


*******************************************************************************
*** INIT TABLE
***

          Address      Size
          -------      ----
Zero (__iar_zero_init3)
    1 destination range, total size 0x54ee:
          0x2000'00a0  0x54ee

Copy/packbits (__iar_packbits_init_single3)
    1 source range, total size 0x70 (70% of destination):
           0x800'4c38    0x70
    1 destination range, total size 0x9f:
          0x2000'0000    0x9f



*******************************************************************************
*** MODULE SUMMARY
***

    Module                        ro code  ro data  rw data
    ------                        -------  -------  -------
command line/config:
    -------------------------------------------------------
    Total:

D:\Radio\Jobe\IR_Controller\IRControll_Programm\EWARM\IRControll_Programm\Obj: [1]
    cmsis_os.o                        148
    flash.o                           264
    freertos.o                      1'164       79      629
    gpio.o                            248
    heap_4.o                          608        4   20'024
    i2c.o                             168                84
    list.o                            152
    main.o                            254        6        8
    mb.o                              512       91      172
    mbcrc.o                            64      512
    mbfunccoils.o                     408
    mbfuncdisc.o                      156
    mbfuncholding.o                   536
    mbfuncinput.o                     132
    mbfuncother.o                      36                34
    mbrtu.o                           708      260      266
    mbutils.o                          34
    port.o                            428        3        9
    portasm.o                         136
    portevent.o                        60                 2
    portserial.o                      272        3        4
    porttimer.o                       128                 4
    startup_stm32f103xe.o             548
    stm32f1xx_hal.o                    72        3        9
    stm32f1xx_hal_cortex.o            232
    stm32f1xx_hal_dma.o               496
    stm32f1xx_hal_gpio.o              572
    stm32f1xx_hal_i2c.o               488
    stm32f1xx_hal_msp.o                84
    stm32f1xx_hal_rcc.o             1'620       18
    stm32f1xx_hal_tim.o             2'256
    stm32f1xx_hal_tim_ex.o            238
    stm32f1xx_hal_timebase_tim.o      128                72
    stm32f1xx_hal_uart.o            1'306
    stm32f1xx_it.o                    196
    system_stm32f1xx.o                 88       26        4
    tasks.o                         1'904        8      300
    tim.o                             956               216
    usart.o                           200                64
    -------------------------------------------------------
    Total:                         18'000    1'013   21'901

dl7M_tlf.a: [2]
    abort.o                             6
    exit.o                              4
    low_level_init.o                    4
    -------------------------------------------------------
    Total:                             14

rt7M_tl.a: [3]
    ABImemcpy.o                       166
    ABImemset.o                       102
    cexit.o                            10
    cmain.o                            30
    cstartup_M.o                       12
    data_init.o                        40
    memset.o                           20
    packbits_init_single.o             56
    zero_init3.o                       58
    -------------------------------------------------------
    Total:                            494

shb_l.a: [4]
    ABIassert.o                        36
    exit.o                             20
    -------------------------------------------------------
    Total:                             56

    Gaps                               10        4
    Linker created                              33    1'024
-----------------------------------------------------------
    Grand Total:                   18'574    1'050   22'925


*******************************************************************************
*** ENTRY LIST
***

Entry                       Address    Size  Type      Object
-----                       -------    ----  ----      ------
.iar.init_table$$Base    0x800'4a14           --   Gb  - Linker created -
.iar.init_table$$Limit   0x800'4a34           --   Gb  - Linker created -
?main                    0x800'4a35          Code  Gb  cmain.o [3]
AHBPrescTable            0x800'4b00    0x10  Data  Gb  system_stm32f1xx.o [1]
APBPrescTable            0x800'4b40     0x8  Data  Gb  system_stm32f1xx.o [1]
BusFault_Handler         0x800'46a7     0x2  Code  Gb  stm32f1xx_it.o [1]
CSTACK$$Base            0x2000'5590           --   Gb  - Linker created -
CSTACK$$Limit           0x2000'5990           --   Gb  - Linker created -
DebugMon_Handler         0x800'46ab     0x2  Code  Gb  stm32f1xx_it.o [1]
Error_Handler            0x800'0ef1     0x2  Code  Gb  main.o [1]
FLASH_WriteSettings      0x800'15a9    0x3c  Code  Gb  flash.o [1]
Flash_ReadParams         0x800'15e5    0x26  Code  Gb  flash.o [1]
HAL_DMA_Abort_IT         0x800'3499   0x1b8  Code  Gb  stm32f1xx_hal_dma.o [1]
HAL_GPIO_Init            0x800'10e1   0x1cc  Code  Gb  stm32f1xx_hal_gpio.o [1]
HAL_GPIO_ReadPin         0x800'12ad    0x12  Code  Gb  stm32f1xx_hal_gpio.o [1]
HAL_GPIO_WritePin        0x800'12bf    0x14  Code  Gb  stm32f1xx_hal_gpio.o [1]
HAL_GetTick              0x800'348d     0xc  Code  Wk  stm32f1xx_hal.o [1]
HAL_I2C_Init             0x800'2379   0x1d0  Code  Gb  stm32f1xx_hal_i2c.o [1]
HAL_I2C_MspInit          0x800'1471    0x58  Code  Gb  i2c.o [1]
HAL_IncTick              0x800'2225    0x18  Code  Wk  stm32f1xx_hal.o [1]
HAL_Init                 0x800'131d    0x20  Code  Gb  stm32f1xx_hal.o [1]
HAL_InitTick             0x800'22a5    0x70  Code  Gb  stm32f1xx_hal_timebase_tim.o [1]
HAL_MspInit              0x800'2325    0x54  Code  Gb  stm32f1xx_hal_msp.o [1]
HAL_NVIC_EnableIRQ       0x800'10c3     0xa  Code  Gb  stm32f1xx_hal_cortex.o [1]
HAL_NVIC_SetPriority     0x800'10a1    0x22  Code  Gb  stm32f1xx_hal_cortex.o [1]
HAL_NVIC_SetPriorityGrouping
                         0x800'1099     0x8  Code  Gb  stm32f1xx_hal_cortex.o [1]
HAL_RCC_ClockConfig      0x800'1fa3   0x146  Code  Gb  stm32f1xx_hal_rcc.o [1]
HAL_RCC_GetClockConfig   0x800'217d    0x34  Code  Gb  stm32f1xx_hal_rcc.o [1]
HAL_RCC_GetHCLKFreq      0x800'214b     0x6  Code  Gb  stm32f1xx_hal_rcc.o [1]
HAL_RCC_GetPCLK1Freq     0x800'2151    0x16  Code  Gb  stm32f1xx_hal_rcc.o [1]
HAL_RCC_GetPCLK2Freq     0x800'2167    0x16  Code  Gb  stm32f1xx_hal_rcc.o [1]
HAL_RCC_GetSysClockFreq
                         0x800'20e9    0x62  Code  Gb  stm32f1xx_hal_rcc.o [1]
HAL_RCC_OscConfig        0x800'1bd1   0x3d2  Code  Gb  stm32f1xx_hal_rcc.o [1]
HAL_TIMEx_BreakCallback
                         0x800'0ef3     0x2  Code  Wk  stm32f1xx_hal_tim_ex.o [1]
HAL_TIMEx_CommutCallback
                         0x800'0ef7     0x2  Code  Wk  stm32f1xx_hal_tim_ex.o [1]
HAL_TIMEx_ConfigBreakDeadTime
                         0x800'0f9d    0x5a  Code  Gb  stm32f1xx_hal_tim_ex.o [1]
HAL_TIMEx_MasterConfigSynchronization
                         0x800'0f0d    0x7c  Code  Gb  stm32f1xx_hal_tim_ex.o [1]
HAL_TIM_Base_Init        0x800'0131    0x6e  Code  Gb  stm32f1xx_hal_tim.o [1]
HAL_TIM_Base_MspInit     0x800'0cdf    0x6c  Code  Gb  tim.o [1]
HAL_TIM_Base_Start_IT    0x800'019f    0x82  Code  Gb  stm32f1xx_hal_tim.o [1]
HAL_TIM_Base_Stop_IT     0x800'0221    0x3a  Code  Gb  stm32f1xx_hal_tim.o [1]
HAL_TIM_ConfigClockSource
                         0x800'064f    0xe8  Code  Gb  stm32f1xx_hal_tim.o [1]
HAL_TIM_IRQHandler       0x800'03e9   0x176  Code  Gb  stm32f1xx_hal_tim.o [1]
HAL_TIM_MspPostInit      0x800'0d4b    0x7a  Code  Gb  tim.o [1]
HAL_TIM_PWM_ConfigChannel
                         0x800'055f    0xf0  Code  Gb  stm32f1xx_hal_tim.o [1]
HAL_TIM_PWM_Init         0x800'0271    0x6e  Code  Gb  stm32f1xx_hal_tim.o [1]
HAL_TIM_PWM_Start        0x800'02df    0xf4  Code  Gb  stm32f1xx_hal_tim.o [1]
HAL_TIM_PeriodElapsedCallback
                         0x800'0ed3    0x10  Code  Gb  main.o [1]
HAL_UART_IRQHandler      0x800'26a3   0x138  Code  Gb  stm32f1xx_hal_uart.o [1]
HAL_UART_Init            0x800'2561    0x76  Code  Gb  stm32f1xx_hal_uart.o [1]
HAL_UART_MspInit         0x800'1515    0x7e  Code  Gb  usart.o [1]
HAL_UART_Transmit        0x800'25d7    0xcc  Code  Gb  stm32f1xx_hal_uart.o [1]
HardFault_Handler        0x800'46a3     0x2  Code  Gb  stm32f1xx_it.o [1]
MX_FREERTOS_Init         0x800'16c3    0x3c  Code  Gb  freertos.o [1]
MX_GPIO_Init             0x800'1341    0xf8  Code  Gb  gpio.o [1]
MX_I2C1_Init             0x800'1439    0x38  Code  Gb  i2c.o [1]
MX_TIM1_Init             0x800'0a31   0x134  Code  Gb  tim.o [1]
MX_TIM6_Init             0x800'0b65    0x4a  Code  Gb  tim.o [1]
MX_TIM8_Init             0x800'0baf   0x130  Code  Gb  tim.o [1]
MX_USART2_UART_Init      0x800'14e1    0x34  Code  Gb  usart.o [1]
MainTaskHandle          0x2000'54f4     0x4  Data  Gb  freertos.o [1]
MemManage_Handler        0x800'46a5     0x2  Code  Gb  stm32f1xx_it.o [1]
ModBus                   0x800'1991    0x2e  Code  Gb  freertos.o [1]
ModbusHandle            0x2000'54f8     0x4  Data  Gb  freertos.o [1]
NMI_Handler              0x800'46a1     0x2  Code  Gb  stm32f1xx_it.o [1]
NVIC_EncodePriority      0x800'105d    0x3c  Code  Lc  stm32f1xx_hal_cortex.o [1]
PendSV_Handler           0x800'4029          Code  Gb  portasm.o [1]
RCC_Delay                0x800'21b1    0x24  Code  Lc  stm32f1xx_hal_rcc.o [1]
Region$$Table$$Base      0x800'4a14           --   Gb  - Linker created -
Region$$Table$$Limit     0x800'4a34           --   Gb  - Linker created -
SVC_Handler              0x800'406f          Code  Gb  portasm.o [1]
SysTick_Handler          0x800'3dc1    0x28  Code  Gb  port.o [1]
SystemClock_Config       0x800'0e65    0x6e  Code  Gb  main.o [1]
SystemCoreClock         0x2000'0098     0x4  Data  Gb  system_stm32f1xx.o [1]
SystemInit               0x800'48e9    0x3e  Code  Gb  system_stm32f1xx.o [1]
TIM6_IRQHandler          0x800'4705    0x38  Code  Gb  stm32f1xx_it.o [1]
TIM7_IRQHandler          0x800'473d     0xa  Code  Gb  stm32f1xx_it.o [1]
TIM_Base_SetConfig       0x800'0737    0x8a  Code  Gb  stm32f1xx_hal_tim.o [1]
TIM_CCxChannelCmd        0x800'09d1    0x26  Code  Gb  stm32f1xx_hal_tim.o [1]
TIM_ETR_SetConfig        0x800'09bb    0x16  Code  Gb  stm32f1xx_hal_tim.o [1]
TIM_ITRx_SetConfig       0x800'09ab    0x10  Code  Lc  stm32f1xx_hal_tim.o [1]
TIM_OC1_SetConfig        0x800'07c1    0x64  Code  Lc  stm32f1xx_hal_tim.o [1]
TIM_OC2_SetConfig        0x800'0825    0x6e  Code  Gb  stm32f1xx_hal_tim.o [1]
TIM_OC3_SetConfig        0x800'0893    0x6c  Code  Lc  stm32f1xx_hal_tim.o [1]
TIM_OC4_SetConfig        0x800'08ff    0x4c  Code  Lc  stm32f1xx_hal_tim.o [1]
TIM_TI1_ConfigInputStage
                         0x800'0961    0x24  Code  Lc  stm32f1xx_hal_tim.o [1]
TIM_TI2_ConfigInputStage
                         0x800'0985    0x26  Code  Lc  stm32f1xx_hal_tim.o [1]
UART_DMAAbortOnError     0x800'2869    0x12  Code  Lc  stm32f1xx_hal_uart.o [1]
UART_EndRxTransfer       0x800'2849    0x20  Code  Lc  stm32f1xx_hal_uart.o [1]
UART_EndTransmit_IT      0x800'28df    0x1c  Code  Lc  stm32f1xx_hal_uart.o [1]
UART_Receive_IT          0x800'28fb    0xa4  Code  Lc  stm32f1xx_hal_uart.o [1]
UART_SetConfig           0x800'299f    0xce  Code  Lc  stm32f1xx_hal_uart.o [1]
UART_Transmit_IT         0x800'287d    0x62  Code  Lc  stm32f1xx_hal_uart.o [1]
UART_WaitOnFlagUntilTimeout
                         0x800'27db    0x6e  Code  Lc  stm32f1xx_hal_uart.o [1]
USART2_IRQHandler        0x800'46ad    0x58  Code  Gb  stm32f1xx_it.o [1]
UsageFault_Handler       0x800'46a9     0x2  Code  Gb  stm32f1xx_it.o [1]
__NVIC_EnableIRQ         0x800'101d    0x1c  Code  Lc  stm32f1xx_hal_cortex.o [1]
__NVIC_GetPriorityGrouping
                         0x800'1013     0xa  Code  Lc  stm32f1xx_hal_cortex.o [1]
__NVIC_SetPriority       0x800'1039    0x24  Code  Lc  stm32f1xx_hal_cortex.o [1]
__NVIC_SetPriorityGrouping
                         0x800'0ff9    0x1a  Code  Lc  stm32f1xx_hal_cortex.o [1]
__aeabi_assert           0x800'3fc5    0x24  Code  Gb  ABIassert.o [4]
__aeabi_memcpy           0x800'2a75          Code  Gb  ABImemcpy.o [3]
__aeabi_memcpy4          0x800'2a95          Code  Gb  ABImemcpy.o [3]
__aeabi_memcpy8          0x800'2a95          Code  Gb  ABImemcpy.o [3]
__aeabi_memset           0x800'223d          Code  Gb  ABImemset.o [3]
__cmain                  0x800'4a35          Code  Gb  cmain.o [3]
__exit                   0x800'40b9    0x14  Code  Gb  exit.o [4]
__iar_Memset             0x800'223d          Code  Gb  ABImemset.o [3]
__iar_Memset_word        0x800'2245          Code  Gb  ABImemset.o [3]
__iar_data_init3         0x800'49c9    0x28  Code  Gb  data_init.o [3]
__iar_packbits_init_single3
                         0x800'4991    0x38  Code  Gb  packbits_init_single.o [3]
__iar_program_start      0x800'4b2d          Code  Gb  cstartup_M.o [3]
__iar_zero_init3         0x800'09f7    0x3a  Code  Gb  zero_init3.o [3]
__low_level_init         0x800'4a53     0x4  Code  Gb  low_level_init.o [2]
__vector_table           0x800'0000          Data  Gb  startup_stm32f103xe.o [1]
_call_main               0x800'4a41          Code  Gb  cmain.o [3]
_exit                    0x800'4a5d          Code  Gb  cexit.o [3]
_main                    0x800'4a4f          Code  Gb  cmain.o [3]
abort                    0x800'40b1     0x6  Code  Gb  abort.o [2]
aucCRCHi                 0x800'44a0   0x100  Data  Lc  mbcrc.o [1]
aucCRCLo                 0x800'45a0   0x100  Data  Lc  mbcrc.o [1]
downcounter             0x2000'5582     0x2  Data  Gb  porttimer.o [1]
eMBCurrentMode          0x2000'5585     0x1  Data  Lc  mb.o [1]
eMBEnable                0x800'2bb7    0x20  Code  Gb  mb.o [1]
eMBFuncReadCoils         0x800'4307    0x9e  Code  Gb  mbfunccoils.o [1]
eMBFuncReadDiscreteInputs
                         0x800'4765    0x9c  Code  Gb  mbfuncdisc.o [1]
eMBFuncReadHoldingRegister
                         0x800'4177    0x84  Code  Gb  mbfuncholding.o [1]
eMBFuncReadInputRegister
                         0x800'4801    0x84  Code  Gb  mbfuncinput.o [1]
eMBFuncReadWriteMultipleHoldingRegister
                         0x800'41fb    0xea  Code  Gb  mbfuncholding.o [1]
eMBFuncReportSlaveID     0x800'49f1    0x1c  Code  Gb  mbfuncother.o [1]
eMBFuncWriteCoil         0x800'43a5    0x6c  Code  Gb  mbfunccoils.o [1]
eMBFuncWriteHoldingRegister
                         0x800'40cd    0x3a  Code  Gb  mbfuncholding.o [1]
eMBFuncWriteMultipleCoils
                         0x800'4411    0x8e  Code  Gb  mbfunccoils.o [1]
eMBFuncWriteMultipleHoldingRegister
                         0x800'4107    0x70  Code  Gb  mbfuncholding.o [1]
eMBInit                  0x800'2b1d    0x9a  Code  Gb  mb.o [1]
eMBPoll                  0x800'2bd7    0xe4  Code  Gb  mb.o [1]
eMBPoll::eException     0x2000'5588     0x1  Data  Lc  mb.o [1]
eMBPoll::ucFunctionCode
                        0x2000'5587     0x1  Data  Lc  mb.o [1]
eMBPoll::ucMBFrame      0x2000'552c     0x4  Data  Lc  mb.o [1]
eMBPoll::ucRcvAddress   0x2000'5586     0x1  Data  Lc  mb.o [1]
eMBPoll::usLength       0x2000'5578     0x2  Data  Lc  mb.o [1]
eMBRTUInit               0x800'3691    0x46  Code  Gb  mbrtu.o [1]
eMBRTUReceive            0x800'3705    0x6a  Code  Gb  mbrtu.o [1]
eMBRTUSend               0x800'376f    0x60  Code  Gb  mbrtu.o [1]
eMBRTUStart              0x800'36d7    0x1a  Code  Gb  mbrtu.o [1]
eMBRTUStop               0x800'36f1    0x14  Code  Gb  mbrtu.o [1]
eMBRegCoilsCB            0x800'1b35     0x4  Code  Gb  freertos.o [1]
eMBRegDiscreteCB         0x800'1b39     0x4  Code  Gb  freertos.o [1]
eMBRegHoldingCB          0x800'19c5   0x128  Code  Gb  freertos.o [1]
eMBRegInputCB            0x800'19bf     0x6  Code  Gb  freertos.o [1]
eMBState                0x2000'009d     0x1  Data  Lc  mb.o [1]
eQueuedEvent            0x2000'558c     0x1  Data  Lc  portevent.o [1]
eRcvState               0x2000'558a     0x1  Data  Lc  mbrtu.o [1]
eSndState               0x2000'5589     0x1  Data  Lc  mbrtu.o [1]
exit                     0x800'4a57     0x4  Code  Gb  exit.o [2]
flash_erase_page         0x800'161b    0x2a  Code  Gb  flash.o [1]
flash_lock               0x800'1651     0xc  Code  Gb  flash.o [1]
flash_ready              0x800'160b    0x10  Code  Gb  flash.o [1]
flash_unlock             0x800'1645     0xc  Code  Gb  flash.o [1]
flash_write              0x800'165d    0x3a  Code  Gb  flash.o [1]
freqSens                0x2000'0000     0x4  Data  Gb  freertos.o [1]
hi2c1                   0x2000'52a0    0x54  Data  Gb  i2c.o [1]
htim1                   0x2000'533c    0x48  Data  Gb  tim.o [1]
htim6                   0x2000'5384    0x48  Data  Gb  tim.o [1]
htim7                   0x2000'52f4    0x48  Data  Gb  stm32f1xx_hal_timebase_tim.o [1]
htim8                   0x2000'53cc    0x48  Data  Gb  tim.o [1]
huart2                  0x2000'5414    0x40  Data  Gb  usart.o [1]
main                     0x800'0df5    0x70  Code  Gb  main.o [1]
mainTask                 0x800'16ff   0x292  Code  Gb  freertos.o [1]
makeFreeRtosPriority     0x800'1b3d    0x16  Code  Lc  cmsis_os.o [1]
memset                   0x800'0ef9    0x14  Code  Gb  memset.o [3]
osDelay                  0x800'1bbb    0x16  Code  Gb  cmsis_os.o [1]
osKernelStart            0x800'1b53     0xa  Code  Gb  cmsis_os.o [1]
osThreadCreate           0x800'1b5d    0x5e  Code  Gb  cmsis_os.o [1]
peMBFrameReceiveCur     0x2000'5518     0x4  Data  Lc  mb.o [1]
peMBFrameSendCur        0x2000'550c     0x4  Data  Lc  mb.o [1]
prvAddCurrentTaskToDelayedList
                         0x800'33f5    0x6e  Code  Lc  tasks.o [1]
prvAddNewTaskToReadyList
                         0x800'2ebb    0x9a  Code  Lc  tasks.o [1]
prvCheckTasksWaitingTermination
                         0x800'3311    0x38  Code  Lc  tasks.o [1]
prvDeleteTCB             0x800'3351    0x42  Code  Lc  tasks.o [1]
prvHeapInit              0x800'3b17    0x5e  Code  Lc  heap_4.o [1]
prvIdleTask              0x800'328d    0x22  Code  Lc  tasks.o [1]
prvInitialiseNewTask     0x800'2e11    0xaa  Code  Lc  tasks.o [1]
prvInitialiseTaskLists   0x800'32bd    0x50  Code  Lc  tasks.o [1]
prvInsertBlockIntoFreeList
                         0x800'3b75    0x5e  Code  Lc  heap_4.o [1]
prvResetNextTaskUnblockTime
                         0x800'3393    0x28  Code  Lc  tasks.o [1]
prvTaskExitError         0x800'3ca9    0x2a  Code  Lc  port.o [1]
prveMBError2Exception    0x800'42e5    0x22  Code  Gb  mbutils.o [1]
pucSndBufferCur         0x2000'5530     0x4  Data  Lc  mbrtu.o [1]
pvMBFrameCloseCur       0x2000'551c     0x4  Data  Lc  mb.o [1]
pvMBFrameStartCur       0x2000'5510     0x4  Data  Lc  mb.o [1]
pvMBFrameStopCur        0x2000'5514     0x4  Data  Lc  mb.o [1]
pvPortMalloc             0x800'3991   0x114  Code  Gb  heap_4.o [1]
pwmSens                 0x2000'54f0     0x4  Data  Gb  freertos.o [1]
pxCurrentTCB            0x2000'553c     0x4  Data  Gb  tasks.o [1]
pxDelayedTaskList       0x2000'5540     0x4  Data  Lc  tasks.o [1]
pxEnd                   0x2000'54fc     0x4  Data  Lc  heap_4.o [1]
pxMBFrameCBByteReceived
                        0x2000'5520     0x4  Data  Gb  mb.o [1]
pxMBFrameCBTransmitterEmpty
                        0x2000'5524     0x4  Data  Gb  mb.o [1]
pxMBPortCBTimerExpired  0x2000'5528     0x4  Data  Gb  mb.o [1]
pxOverflowDelayedTaskList
                        0x2000'5544     0x4  Data  Lc  tasks.o [1]
pxPortInitialiseStack    0x800'3c89    0x20  Code  Gb  port.o [1]
pxReadyTasksLists       0x2000'51c0    0x8c  Data  Lc  tasks.o [1]
sensBuff                0x2000'54d8    0x10  Data  Gb  freertos.o [1]
sensState               0x2000'009c     0x1  Data  Gb  freertos.o [1]
serial                  0x2000'0090     0x4  Data  Gb  portserial.o [1]
settings                0x2000'0004     0x8  Data  Gb  main.o [1]
timeout                 0x2000'5580     0x2  Data  Gb  porttimer.o [1]
ucHeap                  0x2000'00a0  0x4e20  Data  Lc  heap_4.o [1]
ucMBAddress             0x2000'5584     0x1  Data  Lc  mb.o [1]
ucMBSlaveID             0x2000'5454    0x20  Data  Lc  mbfuncother.o [1]
ucMaxSysCallPriority    0x2000'558b     0x1  Data  Lc  port.o [1]
ucRTUBuf                0x2000'50c0   0x100  Data  Gb  mbrtu.o [1]
ulMaxPRIGROUPValue      0x2000'5534     0x4  Data  Lc  port.o [1]
usMBCRC16                0x800'3fe9    0x40  Code  Gb  mbcrc.o [1]
usMBSlaveIDLen          0x2000'557a     0x2  Data  Lc  mbfuncother.o [1]
usRcvBufferPos          0x2000'557e     0x2  Data  Lc  mbrtu.o [1]
usSndBufferCount        0x2000'557c     0x2  Data  Lc  mbrtu.o [1]
uwTick                  0x2000'5538     0x4  Data  Gb  stm32f1xx_hal.o [1]
uwTickFreq              0x2000'009e     0x1  Data  Gb  stm32f1xx_hal.o [1]
uwTickPrio              0x2000'0094     0x4  Data  Gb  stm32f1xx_hal.o [1]
uxCriticalNesting       0x2000'008c     0x4  Data  Lc  port.o [1]
uxCurrentNumberOfTasks  0x2000'554c     0x4  Data  Lc  tasks.o [1]
uxDeletedTasksWaitingCleanUp
                        0x2000'5548     0x4  Data  Lc  tasks.o [1]
uxListRemove             0x800'3c63    0x26  Code  Gb  list.o [1]
uxPendedTicks           0x2000'555c     0x4  Data  Lc  tasks.o [1]
uxSchedulerSuspended    0x2000'5574     0x4  Data  Lc  tasks.o [1]
uxTaskNumber            0x2000'5568     0x4  Data  Lc  tasks.o [1]
uxTopReadyPriority      0x2000'5554     0x4  Data  Lc  tasks.o [1]
vApplicationGetIdleTaskMemory
                         0x800'16b1    0x12  Code  Gb  freertos.o [1]
vListInitialise          0x800'3bf1    0x1e  Code  Gb  list.o [1]
vListInitialiseItem      0x800'3c0f     0x6  Code  Gb  list.o [1]
vListInsert              0x800'3c2d    0x36  Code  Gb  list.o [1]
vListInsertEnd           0x800'3c15    0x18  Code  Gb  list.o [1]
vMBPortSerialEnable      0x800'3e35    0x72  Code  Gb  portserial.o [1]
vMBPortTimersDisable     0x800'3fa5     0xa  Code  Gb  porttimer.o [1]
vMBPortTimersEnable      0x800'3f93    0x12  Code  Gb  porttimer.o [1]
vPortEnterCritical       0x800'3d61    0x34  Code  Gb  port.o [1]
vPortExitCritical        0x800'3d95    0x2c  Code  Gb  port.o [1]
vPortFree                0x800'3aa5    0x72  Code  Gb  heap_4.o [1]
vPortStartFirstTask      0x800'408f          Code  Gb  portasm.o [1]
vTaskDelay               0x800'2f55    0x4c  Code  Gb  tasks.o [1]
vTaskStartScheduler      0x800'2fa1    0x8e  Code  Gb  tasks.o [1]
vTaskSuspendAll          0x800'302f     0xc  Code  Gb  tasks.o [1]
vTaskSwitchContext       0x800'3217    0x6c  Code  Gb  tasks.o [1]
xBlockAllocatedBit      0x2000'5508     0x4  Data  Lc  heap_4.o [1]
xDelayedTaskList1       0x2000'5474    0x14  Data  Lc  tasks.o [1]
xDelayedTaskList2       0x2000'5488    0x14  Data  Lc  tasks.o [1]
xEventInQueue           0x2000'558d     0x1  Data  Lc  portevent.o [1]
xFreeBytesRemaining     0x2000'5500     0x4  Data  Lc  heap_4.o [1]
xFuncHandlers           0x2000'000c    0x80  Data  Lc  mb.o [1]
xHeapStructSize          0x800'4b50     0x4  Data  Lc  heap_4.o [1]
xIdleStack              0x2000'4ec0   0x200  Data  Lc  freertos.o [1]
xIdleTaskHandle         0x2000'5570     0x4  Data  Lc  tasks.o [1]
xIdleTaskTCBBuffer      0x2000'524c    0x54  Data  Lc  freertos.o [1]
xMBPortEventGet          0x800'396d    0x1c  Code  Gb  portevent.o [1]
xMBPortEventInit         0x800'3955     0xa  Code  Gb  portevent.o [1]
xMBPortEventPost         0x800'395f     0xe  Code  Gb  portevent.o [1]
xMBPortSerialGetByte     0x800'3f29     0xe  Code  Gb  portserial.o [1]
xMBPortSerialInit        0x800'3ea7    0x64  Code  Gb  portserial.o [1]
xMBPortSerialPutByte     0x800'3f0b    0x1e  Code  Gb  portserial.o [1]
xMBPortTimersInit        0x800'3f45    0x4e  Code  Gb  porttimer.o [1]
xMBRTUReceiveFSM         0x800'37cf    0x8a  Code  Gb  mbrtu.o [1]
xMBRTUTimerT35Expired    0x800'38c7    0x5c  Code  Gb  mbrtu.o [1]
xMBRTUTransmitFSM        0x800'3859    0x6e  Code  Gb  mbrtu.o [1]
xMinimumEverFreeBytesRemaining
                        0x2000'5504     0x4  Data  Lc  heap_4.o [1]
xNextTaskUnblockTime    0x2000'556c     0x4  Data  Lc  tasks.o [1]
xNumOfOverflows         0x2000'5564     0x4  Data  Lc  tasks.o [1]
xPendingReadyList       0x2000'549c    0x14  Data  Lc  tasks.o [1]
xPortStartScheduler      0x800'3cd3    0x8e  Code  Gb  port.o [1]
xSchedulerRunning       0x2000'5558     0x4  Data  Lc  tasks.o [1]
xStart                  0x2000'54e8     0x8  Data  Lc  heap_4.o [1]
xSuspendedTaskList      0x2000'54c4    0x14  Data  Lc  tasks.o [1]
xTaskCreate              0x800'2d9f    0x72  Code  Gb  tasks.o [1]
xTaskCreateStatic        0x800'2d1d    0x82  Code  Gb  tasks.o [1]
xTaskIncrementTick       0x800'311f    0xf8  Code  Gb  tasks.o [1]
xTaskResumeAll           0x800'303b    0xe4  Code  Gb  tasks.o [1]
xTasksWaitingTermination
                        0x2000'54b0    0x14  Data  Lc  tasks.o [1]
xTickCount              0x2000'5550     0x4  Data  Lc  tasks.o [1]
xYieldPending           0x2000'5560     0x4  Data  Lc  tasks.o [1]


[1] = D:\Radio\Jobe\IR_Controller\IRControll_Programm\EWARM\IRControll_Programm\Obj
[2] = dl7M_tlf.a
[3] = rt7M_tl.a
[4] = shb_l.a

  18'574 bytes of readonly  code memory
   1'050 bytes of readonly  data memory
  22'925 bytes of readwrite data memory

Errors: none
Warnings: none
